<!doctype html public "-//w3c//dtd html 4.0 transitional//en">
<html><head>
<title>Static Call Graph - [.\_build\nrf51422_xxac.axf]</title></head>
<body><HR>
<H1>Static Call Graph for image .\_build\nrf51422_xxac.axf</H1><HR>
<BR><P>#&#060CALLGRAPH&#062# ARM Linker, 5.02 [Build 28]: Last Updated: Fri Aug 16 16:38:08 2019
<BR><P>
<H3>Maximum Stack Usage =        544 bytes + Unknown(Cycles, Untraceable Function Pointers)</H3><H3>
Call chain for Maximum Stack Depth:</H3>
ble_evt_dispatch &rArr; pm_on_ble_evt &rArr; sm_ble_evt_handler &rArr; link_secure_pending_process &rArr; link_secure &rArr; smd_link_secure &rArr; link_secure_central &rArr; link_secure_central_existing_peer &rArr; sec_proc_start &rArr; im_peer_free &rArr; pdb_peer_free &rArr; pds_peer_id_free &rArr; peer_data_delete &rArr; fds_file_delete &rArr; queue_start &rArr; queue_process &rArr;  queue_process (Cycle)
<P>
<H3>
Mutually Recursive functions
</H3> <LI><a href="#[4]">NMI_Handler</a>&nbsp;&nbsp;&nbsp;&rArr;&nbsp;&nbsp;&nbsp;<a href="#[4]">NMI_Handler</a><BR>
 <LI><a href="#[5]">HardFault_Handler</a>&nbsp;&nbsp;&nbsp;&rArr;&nbsp;&nbsp;&nbsp;<a href="#[5]">HardFault_Handler</a><BR>
 <LI><a href="#[6]">SVC_Handler</a>&nbsp;&nbsp;&nbsp;&rArr;&nbsp;&nbsp;&nbsp;<a href="#[6]">SVC_Handler</a><BR>
 <LI><a href="#[7]">PendSV_Handler</a>&nbsp;&nbsp;&nbsp;&rArr;&nbsp;&nbsp;&nbsp;<a href="#[7]">PendSV_Handler</a><BR>
 <LI><a href="#[8]">SysTick_Handler</a>&nbsp;&nbsp;&nbsp;&rArr;&nbsp;&nbsp;&nbsp;<a href="#[8]">SysTick_Handler</a><BR>
 <LI><a href="#[17]">CCM_AAR_IRQHandler</a>&nbsp;&nbsp;&nbsp;&rArr;&nbsp;&nbsp;&nbsp;<a href="#[17]">CCM_AAR_IRQHandler</a><BR>
 <LI><a href="#[15d]">queue_process</a>&nbsp;&nbsp;&nbsp;&rArr;&nbsp;&nbsp;&nbsp;<a href="#[15d]">queue_process</a><BR>
</UL>
<P>
<H3>
Function Pointers
</H3><UL>
 <LI><a href="#[f]">ADC_IRQHandler</a> from nrf_drv_adc.o(i.ADC_IRQHandler) referenced from arm_startup_nrf51.o(RESET)
 <LI><a href="#[17]">CCM_AAR_IRQHandler</a> from arm_startup_nrf51.o(.text) referenced from arm_startup_nrf51.o(RESET)
 <LI><a href="#[16]">ECB_IRQHandler</a> from arm_startup_nrf51.o(.text) referenced from arm_startup_nrf51.o(RESET)
 <LI><a href="#[e]">GPIOTE_IRQHandler</a> from nrf_drv_gpiote.o(i.GPIOTE_IRQHandler) referenced from arm_startup_nrf51.o(RESET)
 <LI><a href="#[5]">HardFault_Handler</a> from arm_startup_nrf51.o(.text) referenced from arm_startup_nrf51.o(RESET)
 <LI><a href="#[1b]">LPCOMP_IRQHandler</a> from arm_startup_nrf51.o(.text) referenced from arm_startup_nrf51.o(RESET)
 <LI><a href="#[4]">NMI_Handler</a> from arm_startup_nrf51.o(.text) referenced from arm_startup_nrf51.o(RESET)
 <LI><a href="#[9]">POWER_CLOCK_IRQHandler</a> from nrf_drv_clock.o(i.POWER_CLOCK_IRQHandler) referenced from arm_startup_nrf51.o(RESET)
 <LI><a href="#[7]">PendSV_Handler</a> from arm_startup_nrf51.o(.text) referenced from arm_startup_nrf51.o(RESET)
 <LI><a href="#[1a]">QDEC_IRQHandler</a> from arm_startup_nrf51.o(.text) referenced from arm_startup_nrf51.o(RESET)
 <LI><a href="#[a]">RADIO_IRQHandler</a> from arm_startup_nrf51.o(.text) referenced from arm_startup_nrf51.o(RESET)
 <LI><a href="#[15]">RNG_IRQHandler</a> from arm_startup_nrf51.o(.text) referenced from arm_startup_nrf51.o(RESET)
 <LI><a href="#[13]">RTC0_IRQHandler</a> from arm_startup_nrf51.o(.text) referenced from arm_startup_nrf51.o(RESET)
 <LI><a href="#[19]">RTC1_IRQHandler</a> from app_timer.o(i.RTC1_IRQHandler) referenced from arm_startup_nrf51.o(RESET)
 <LI><a href="#[3]">Reset_Handler</a> from arm_startup_nrf51.o(.text) referenced from arm_startup_nrf51.o(RESET)
 <LI><a href="#[c]">SPI0_TWI0_IRQHandler</a> from arm_startup_nrf51.o(.text) referenced from arm_startup_nrf51.o(RESET)
 <LI><a href="#[d]">SPI1_TWI1_IRQHandler</a> from arm_startup_nrf51.o(.text) referenced from arm_startup_nrf51.o(RESET)
 <LI><a href="#[6]">SVC_Handler</a> from arm_startup_nrf51.o(.text) referenced from arm_startup_nrf51.o(RESET)
 <LI><a href="#[1c]">SWI0_IRQHandler</a> from app_timer.o(i.SWI0_IRQHandler) referenced from arm_startup_nrf51.o(RESET)
 <LI><a href="#[1d]">SWI1_IRQHandler</a> from arm_startup_nrf51.o(.text) referenced from arm_startup_nrf51.o(RESET)
 <LI><a href="#[1e]">SWI2_IRQHandler</a> from softdevice_handler.o(i.SWI2_IRQHandler) referenced from arm_startup_nrf51.o(RESET)
 <LI><a href="#[1f]">SWI3_IRQHandler</a> from arm_startup_nrf51.o(.text) referenced from arm_startup_nrf51.o(RESET)
 <LI><a href="#[20]">SWI4_IRQHandler</a> from arm_startup_nrf51.o(.text) referenced from arm_startup_nrf51.o(RESET)
 <LI><a href="#[21]">SWI5_IRQHandler</a> from arm_startup_nrf51.o(.text) referenced from arm_startup_nrf51.o(RESET)
 <LI><a href="#[8]">SysTick_Handler</a> from arm_startup_nrf51.o(.text) referenced from arm_startup_nrf51.o(RESET)
 <LI><a href="#[23]">SystemInit</a> from system_nrf51.o(i.SystemInit) referenced from arm_startup_nrf51.o(.text)
 <LI><a href="#[14]">TEMP_IRQHandler</a> from arm_startup_nrf51.o(.text) referenced from arm_startup_nrf51.o(RESET)
 <LI><a href="#[10]">TIMER0_IRQHandler</a> from nrf_drv_timer.o(i.TIMER0_IRQHandler) referenced from arm_startup_nrf51.o(RESET)
 <LI><a href="#[11]">TIMER1_IRQHandler</a> from nrf_drv_timer.o(i.TIMER1_IRQHandler) referenced from arm_startup_nrf51.o(RESET)
 <LI><a href="#[12]">TIMER2_IRQHandler</a> from nrf_drv_timer.o(i.TIMER2_IRQHandler) referenced from arm_startup_nrf51.o(RESET)
 <LI><a href="#[b]">UART0_IRQHandler</a> from nrf_drv_uart.o(i.UART0_IRQHandler) referenced from arm_startup_nrf51.o(RESET)
 <LI><a href="#[18]">WDT_IRQHandler</a> from arm_startup_nrf51.o(.text) referenced from arm_startup_nrf51.o(RESET)
 <LI><a href="#[24]">__main</a> from entry.o(.ARM.Collect$$$$00000000) referenced from arm_startup_nrf51.o(.text)
 <LI><a href="#[26]">_snputc</a> from printf8.o(i._snputc) referenced from printf8.o(i.__0snprintf$8)
 <LI><a href="#[25]">adc_event_handler</a> from main.o(i.adc_event_handler) referenced from main.o(i.ADC_init)
 <LI><a href="#[3f]">battery_level_meas_timeout_handler</a> from main.o(i.battery_level_meas_timeout_handler) referenced from main.o(i.timers_init)
 <LI><a href="#[2c]">ble_evt_dispatch</a> from main.o(i.ble_evt_dispatch) referenced from main.o(i.ble_stack_init)
 <LI><a href="#[33]">conn_params_error_handler</a> from main.o(i.conn_params_error_handler) referenced from main.o(i.main)
 <LI><a href="#[31]">db_disc_handler</a> from main.o(i.db_disc_handler) referenced from main.o(i.main)
 <LI><a href="#[36]">fds_evt_handler</a> from peer_data_storage.o(i.fds_evt_handler) referenced from peer_data_storage.o(i.pds_init)
 <LI><a href="#[2]">fs_event_handler</a> from fds.o(i.fs_event_handler) referenced 2 times from fds.o(fs_data)
 <LI><a href="#[1]">gcm_gscm_evt_handler</a> from gatt_cache_manager.o(i.gcm_gscm_evt_handler) referenced 2 times from gatts_cache_manager.o(.data)
 <LI><a href="#[42]">gcm_im_evt_handler</a> from gatt_cache_manager.o(i.gcm_im_evt_handler) referenced from id_manager.o(.constdata)
 <LI><a href="#[4a]">gcm_smd_evt_handler</a> from gatt_cache_manager.o(i.gcm_smd_evt_handler) referenced from security_dispatcher.o(.constdata)
 <LI><a href="#[48]">gscm_pdb_evt_handler</a> from gatts_cache_manager.o(i.gscm_pdb_evt_handler) referenced from peer_database.o(.constdata)
 <LI><a href="#[45]">im_pdb_evt_handler</a> from id_manager.o(i.im_pdb_evt_handler) referenced from peer_database.o(.constdata)
 <LI><a href="#[22]">main</a> from main.o(i.main) referenced from entry8.o(.ARM.Collect$$$$00000009)
 <LI><a href="#[34]">nrf_log_backend_serial_hexdump_handler</a> from nrf_log_backend_serial.o(i.nrf_log_backend_serial_hexdump_handler) referenced from nrf_log_backend_serial.o(i.nrf_log_backend_hexdump_handler_get)
 <LI><a href="#[35]">nrf_log_backend_serial_std_handler</a> from nrf_log_backend_serial.o(i.nrf_log_backend_serial_std_handler) referenced from nrf_log_backend_serial.o(i.nrf_log_backend_std_handler_get)
 <LI><a href="#[3a]">nus_data_handler</a> from main.o(i.nus_data_handler) referenced from main.o(i.services_init)
 <LI><a href="#[27]">on_adv_evt</a> from main.o(i.on_adv_evt) referenced from main.o(i.advertising_init)
 <LI><a href="#[2a]">on_bas_evt</a> from main.o(i.on_bas_evt) referenced from main.o(i.bas_init)
 <LI><a href="#[32]">on_conn_params_evt</a> from main.o(i.on_conn_params_evt) referenced from main.o(i.main)
 <LI><a href="#[3b]">on_ias_c_evt</a> from main.o(i.on_ias_c_evt) referenced from main.o(i.services_init)
 <LI><a href="#[39]">on_ias_evt</a> from main.o(i.on_ias_evt) referenced from main.o(i.services_init)
 <LI><a href="#[2e]">on_lls_evt</a> from main.o(i.on_lls_evt) referenced from main.o(i.lls_init)
 <LI><a href="#[43]">pdb_pds_evt_handler</a> from peer_database.o(i.pdb_pds_evt_handler) referenced from peer_data_storage.o(.constdata)
 <LI><a href="#[37]">pm_evt_handler</a> from main.o(i.pm_evt_handler) referenced from main.o(i.peer_manager_init)
 <LI><a href="#[0]">pm_gcm_evt_handler</a> from peer_manager.o(i.pm_gcm_evt_handler) referenced 2 times from gatt_cache_manager.o(.data)
 <LI><a href="#[41]">pm_im_evt_handler</a> from peer_manager.o(i.pm_im_evt_handler) referenced from id_manager.o(.constdata)
 <LI><a href="#[44]">pm_pdb_evt_handler</a> from peer_manager.o(i.pm_pdb_evt_handler) referenced from peer_database.o(.constdata)
 <LI><a href="#[4b]">pm_sm_evt_handler</a> from peer_manager.o(i.pm_sm_evt_handler) referenced from security_manager.o(.constdata)
 <LI><a href="#[38]">pwm_ready_callback</a> from main.o(i.pwm_ready_callback) referenced from main.o(i.pwm_start)
 <LI><a href="#[28]">pwm_ready_tick</a> from app_pwm.o(i.pwm_ready_tick) referenced from app_pwm.o(i.app_pwm_init)
 <LI><a href="#[2f]">service_error_handler</a> from main.o(i.service_error_handler) referenced from main.o(i.lls_init)
 <LI><a href="#[2f]">service_error_handler</a> from main.o(i.service_error_handler) referenced from main.o(i.services_init)
 <LI><a href="#[46]">sm_pdb_evt_handler</a> from security_manager.o(i.sm_pdb_evt_handler) referenced from peer_database.o(.constdata)
 <LI><a href="#[49]">sm_smd_evt_handler</a> from security_manager.o(i.sm_smd_evt_handler) referenced from security_dispatcher.o(.constdata)
 <LI><a href="#[47]">smd_pdb_evt_handler</a> from security_dispatcher.o(i.smd_pdb_evt_handler) referenced from peer_database.o(.constdata)
 <LI><a href="#[3c]">softdevice_fault_handler</a> from softdevice_handler.o(i.softdevice_fault_handler) referenced from softdevice_handler.o(i.softdevice_handler_init)
 <LI><a href="#[2d]">sys_evt_dispatch</a> from main.o(i.sys_evt_dispatch) referenced from main.o(i.ble_stack_init)
 <LI><a href="#[3d]">timer_advertisement_led_event_handler</a> from main.o(i.timer_advertisement_led_event_handler) referenced from main.o(i.timers_init)
 <LI><a href="#[40]">timer_buzzer_stop_event_handler</a> from main.o(i.timer_buzzer_stop_event_handler) referenced from main.o(i.timers_init)
 <LI><a href="#[3e]">timer_motor_stop_event_handler</a> from main.o(i.timer_motor_stop_event_handler) referenced from main.o(i.timers_init)
 <LI><a href="#[30]">uart_event_handle</a> from main.o(i.uart_event_handle) referenced from main.o(i.main)
 <LI><a href="#[29]">uart_event_handler</a> from app_uart_fifo.o(i.uart_event_handler) referenced from app_uart_fifo.o(i.app_uart_init)
 <LI><a href="#[2b]">update_timeout_handler</a> from ble_conn_params.o(i.update_timeout_handler) referenced from ble_conn_params.o(i.ble_conn_params_init)
</UL>
<P>
<H3>
Global Symbols
</H3>
<P><STRONG><a name="[24]"></a>__main</STRONG> (Thumb, 0 bytes, Stack size unknown bytes, entry.o(.ARM.Collect$$$$00000000))
<BR>[Address Reference Count : 1]<UL><LI> arm_startup_nrf51.o(.text)
</UL>
<P><STRONG><a name="[237]"></a>_main_stk</STRONG> (Thumb, 0 bytes, Stack size unknown bytes, entry2.o(.ARM.Collect$$$$00000001))

<P><STRONG><a name="[4c]"></a>_main_scatterload</STRONG> (Thumb, 0 bytes, Stack size unknown bytes, entry5.o(.ARM.Collect$$$$00000004))
<BR><BR>[Calls]<UL><LI><a href="#[4d]">&gt;&gt;</a>&nbsp;&nbsp;&nbsp;__scatterload
</UL>

<P><STRONG><a name="[56]"></a>__main_after_scatterload</STRONG> (Thumb, 0 bytes, Stack size unknown bytes, entry5.o(.ARM.Collect$$$$00000004))
<BR><BR>[Called By]<UL><LI><a href="#[4d]">&gt;&gt;</a>&nbsp;&nbsp;&nbsp;__scatterload
</UL>

<P><STRONG><a name="[238]"></a>_main_clock</STRONG> (Thumb, 0 bytes, Stack size unknown bytes, entry7b.o(.ARM.Collect$$$$00000008))

<P><STRONG><a name="[239]"></a>_main_init</STRONG> (Thumb, 0 bytes, Stack size unknown bytes, entry8.o(.ARM.Collect$$$$00000009))

<P><STRONG><a name="[3]"></a>Reset_Handler</STRONG> (Thumb, 26 bytes, Stack size 0 bytes, arm_startup_nrf51.o(.text))
<BR>[Address Reference Count : 1]<UL><LI> arm_startup_nrf51.o(RESET)
</UL>
<P><STRONG><a name="[4]"></a>NMI_Handler</STRONG> (Thumb, 2 bytes, Stack size 0 bytes, arm_startup_nrf51.o(.text))
<BR><BR>[Calls]<UL><LI><a href="#[4]">&gt;&gt;</a>&nbsp;&nbsp;&nbsp;NMI_Handler
</UL>
<BR>[Called By]<UL><LI><a href="#[4]">&gt;&gt;</a>&nbsp;&nbsp;&nbsp;NMI_Handler
</UL>
<BR>[Address Reference Count : 1]<UL><LI> arm_startup_nrf51.o(RESET)
</UL>
<P><STRONG><a name="[5]"></a>HardFault_Handler</STRONG> (Thumb, 2 bytes, Stack size 0 bytes, arm_startup_nrf51.o(.text))
<BR><BR>[Calls]<UL><LI><a href="#[5]">&gt;&gt;</a>&nbsp;&nbsp;&nbsp;HardFault_Handler
</UL>
<BR>[Called By]<UL><LI><a href="#[5]">&gt;&gt;</a>&nbsp;&nbsp;&nbsp;HardFault_Handler
</UL>
<BR>[Address Reference Count : 1]<UL><LI> arm_startup_nrf51.o(RESET)
</UL>
<P><STRONG><a name="[6]"></a>SVC_Handler</STRONG> (Thumb, 2 bytes, Stack size 0 bytes, arm_startup_nrf51.o(.text))
<BR><BR>[Calls]<UL><LI><a href="#[6]">&gt;&gt;</a>&nbsp;&nbsp;&nbsp;SVC_Handler
</UL>
<BR>[Called By]<UL><LI><a href="#[6]">&gt;&gt;</a>&nbsp;&nbsp;&nbsp;SVC_Handler
</UL>
<BR>[Address Reference Count : 1]<UL><LI> arm_startup_nrf51.o(RESET)
</UL>
<P><STRONG><a name="[7]"></a>PendSV_Handler</STRONG> (Thumb, 2 bytes, Stack size 0 bytes, arm_startup_nrf51.o(.text))
<BR><BR>[Calls]<UL><LI><a href="#[7]">&gt;&gt;</a>&nbsp;&nbsp;&nbsp;PendSV_Handler
</UL>
<BR>[Called By]<UL><LI><a href="#[7]">&gt;&gt;</a>&nbsp;&nbsp;&nbsp;PendSV_Handler
</UL>
<BR>[Address Reference Count : 1]<UL><LI> arm_startup_nrf51.o(RESET)
</UL>
<P><STRONG><a name="[8]"></a>SysTick_Handler</STRONG> (Thumb, 2 bytes, Stack size 0 bytes, arm_startup_nrf51.o(.text))
<BR><BR>[Calls]<UL><LI><a href="#[8]">&gt;&gt;</a>&nbsp;&nbsp;&nbsp;SysTick_Handler
</UL>
<BR>[Called By]<UL><LI><a href="#[8]">&gt;&gt;</a>&nbsp;&nbsp;&nbsp;SysTick_Handler
</UL>
<BR>[Address Reference Count : 1]<UL><LI> arm_startup_nrf51.o(RESET)
</UL>
<P><STRONG><a name="[17]"></a>CCM_AAR_IRQHandler</STRONG> (Thumb, 0 bytes, Stack size 0 bytes, arm_startup_nrf51.o(.text))
<BR><BR>[Calls]<UL><LI><a href="#[17]">&gt;&gt;</a>&nbsp;&nbsp;&nbsp;CCM_AAR_IRQHandler
</UL>
<BR>[Called By]<UL><LI><a href="#[17]">&gt;&gt;</a>&nbsp;&nbsp;&nbsp;CCM_AAR_IRQHandler
</UL>
<BR>[Address Reference Count : 1]<UL><LI> arm_startup_nrf51.o(RESET)
</UL>
<P><STRONG><a name="[16]"></a>ECB_IRQHandler</STRONG> (Thumb, 0 bytes, Stack size 0 bytes, arm_startup_nrf51.o(.text))
<BR>[Address Reference Count : 1]<UL><LI> arm_startup_nrf51.o(RESET)
</UL>
<P><STRONG><a name="[1b]"></a>LPCOMP_IRQHandler</STRONG> (Thumb, 0 bytes, Stack size 0 bytes, arm_startup_nrf51.o(.text))
<BR>[Address Reference Count : 1]<UL><LI> arm_startup_nrf51.o(RESET)
</UL>
<P><STRONG><a name="[1a]"></a>QDEC_IRQHandler</STRONG> (Thumb, 0 bytes, Stack size 0 bytes, arm_startup_nrf51.o(.text))
<BR>[Address Reference Count : 1]<UL><LI> arm_startup_nrf51.o(RESET)
</UL>
<P><STRONG><a name="[a]"></a>RADIO_IRQHandler</STRONG> (Thumb, 0 bytes, Stack size 0 bytes, arm_startup_nrf51.o(.text))
<BR>[Address Reference Count : 1]<UL><LI> arm_startup_nrf51.o(RESET)
</UL>
<P><STRONG><a name="[15]"></a>RNG_IRQHandler</STRONG> (Thumb, 0 bytes, Stack size 0 bytes, arm_startup_nrf51.o(.text))
<BR>[Address Reference Count : 1]<UL><LI> arm_startup_nrf51.o(RESET)
</UL>
<P><STRONG><a name="[13]"></a>RTC0_IRQHandler</STRONG> (Thumb, 0 bytes, Stack size 0 bytes, arm_startup_nrf51.o(.text))
<BR>[Address Reference Count : 1]<UL><LI> arm_startup_nrf51.o(RESET)
</UL>
<P><STRONG><a name="[c]"></a>SPI0_TWI0_IRQHandler</STRONG> (Thumb, 0 bytes, Stack size 0 bytes, arm_startup_nrf51.o(.text))
<BR>[Address Reference Count : 1]<UL><LI> arm_startup_nrf51.o(RESET)
</UL>
<P><STRONG><a name="[d]"></a>SPI1_TWI1_IRQHandler</STRONG> (Thumb, 0 bytes, Stack size 0 bytes, arm_startup_nrf51.o(.text))
<BR>[Address Reference Count : 1]<UL><LI> arm_startup_nrf51.o(RESET)
</UL>
<P><STRONG><a name="[1d]"></a>SWI1_IRQHandler</STRONG> (Thumb, 0 bytes, Stack size 0 bytes, arm_startup_nrf51.o(.text))
<BR>[Address Reference Count : 1]<UL><LI> arm_startup_nrf51.o(RESET)
</UL>
<P><STRONG><a name="[1f]"></a>SWI3_IRQHandler</STRONG> (Thumb, 0 bytes, Stack size 0 bytes, arm_startup_nrf51.o(.text))
<BR>[Address Reference Count : 1]<UL><LI> arm_startup_nrf51.o(RESET)
</UL>
<P><STRONG><a name="[20]"></a>SWI4_IRQHandler</STRONG> (Thumb, 0 bytes, Stack size 0 bytes, arm_startup_nrf51.o(.text))
<BR>[Address Reference Count : 1]<UL><LI> arm_startup_nrf51.o(RESET)
</UL>
<P><STRONG><a name="[21]"></a>SWI5_IRQHandler</STRONG> (Thumb, 0 bytes, Stack size 0 bytes, arm_startup_nrf51.o(.text))
<BR>[Address Reference Count : 1]<UL><LI> arm_startup_nrf51.o(RESET)
</UL>
<P><STRONG><a name="[14]"></a>TEMP_IRQHandler</STRONG> (Thumb, 0 bytes, Stack size 0 bytes, arm_startup_nrf51.o(.text))
<BR>[Address Reference Count : 1]<UL><LI> arm_startup_nrf51.o(RESET)
</UL>
<P><STRONG><a name="[18]"></a>WDT_IRQHandler</STRONG> (Thumb, 0 bytes, Stack size 0 bytes, arm_startup_nrf51.o(.text))
<BR>[Address Reference Count : 1]<UL><LI> arm_startup_nrf51.o(RESET)
</UL>
<P><STRONG><a name="[23a]"></a>__aeabi_uidiv</STRONG> (Thumb, 0 bytes, Stack size 12 bytes, uidiv.o(.text), UNUSED)

<P><STRONG><a name="[4f]"></a>__aeabi_uidivmod</STRONG> (Thumb, 44 bytes, Stack size 12 bytes, uidiv.o(.text))
<BR><BR>[Stack]<UL><LI>Max Depth = 12<LI>Call Chain = __aeabi_uidivmod
</UL>
<BR>[Called By]<UL><LI><a href="#[e5]">&gt;&gt;</a>&nbsp;&nbsp;&nbsp;ble_advertising_on_ble_evt
<LI><a href="#[9a]">&gt;&gt;</a>&nbsp;&nbsp;&nbsp;app_pwm_channel_duty_set
<LI><a href="#[3d]">&gt;&gt;</a>&nbsp;&nbsp;&nbsp;timer_advertisement_led_event_handler
<LI><a href="#[4e]">&gt;&gt;</a>&nbsp;&nbsp;&nbsp;__aeabi_idivmod
</UL>

<P><STRONG><a name="[23b]"></a>__aeabi_idiv</STRONG> (Thumb, 0 bytes, Stack size 16 bytes, idiv.o(.text), UNUSED)

<P><STRONG><a name="[4e]"></a>__aeabi_idivmod</STRONG> (Thumb, 40 bytes, Stack size 16 bytes, idiv.o(.text))
<BR><BR>[Stack]<UL><LI>Max Depth = 28<LI>Call Chain = __aeabi_idivmod &rArr; __aeabi_uidivmod
</UL>
<BR>[Calls]<UL><LI><a href="#[4f]">&gt;&gt;</a>&nbsp;&nbsp;&nbsp;__aeabi_uidivmod
</UL>
<BR>[Called By]<UL><LI><a href="#[7b]">&gt;&gt;</a>&nbsp;&nbsp;&nbsp;battery_level_in_percent
</UL>

<P><STRONG><a name="[1d8]"></a>__rt_ctype_table</STRONG> (Thumb, 4 bytes, Stack size 0 bytes, ctype_o.o(.text))
<BR><BR>[Called By]<UL><LI><a href="#[34]">&gt;&gt;</a>&nbsp;&nbsp;&nbsp;nrf_log_backend_serial_hexdump_handler
</UL>

<P><STRONG><a name="[76]"></a>__aeabi_memcpy</STRONG> (Thumb, 36 bytes, Stack size 0 bytes, memcpya.o(.text))
<BR><BR>[Called By]<UL><LI><a href="#[103]">&gt;&gt;</a>&nbsp;&nbsp;&nbsp;on_characteristic_discovery_rsp
<LI><a href="#[12d]">&gt;&gt;</a>&nbsp;&nbsp;&nbsp;discovery_complete_evt_trigger
<LI><a href="#[85]">&gt;&gt;</a>&nbsp;&nbsp;&nbsp;service_data_encode
<LI><a href="#[84]">&gt;&gt;</a>&nbsp;&nbsp;&nbsp;manuf_specific_data_encode
<LI><a href="#[80]">&gt;&gt;</a>&nbsp;&nbsp;&nbsp;ble_device_addr_encode
<LI><a href="#[10f]">&gt;&gt;</a>&nbsp;&nbsp;&nbsp;ble_ias_c_on_db_disc_evt
<LI><a href="#[f0]">&gt;&gt;</a>&nbsp;&nbsp;&nbsp;ble_conn_params_on_ble_evt
<LI><a href="#[ee]">&gt;&gt;</a>&nbsp;&nbsp;&nbsp;ble_conn_params_init
<LI><a href="#[10c]">&gt;&gt;</a>&nbsp;&nbsp;&nbsp;on_ble_evt
<LI><a href="#[1f3]">&gt;&gt;</a>&nbsp;&nbsp;&nbsp;pds_peer_data_read
<LI><a href="#[188]">&gt;&gt;</a>&nbsp;&nbsp;&nbsp;new_connection
<LI><a href="#[184]">&gt;&gt;</a>&nbsp;&nbsp;&nbsp;im_ble_addr_get
<LI><a href="#[183]">&gt;&gt;</a>&nbsp;&nbsp;&nbsp;im_address_resolve
<LI><a href="#[21d]">&gt;&gt;</a>&nbsp;&nbsp;&nbsp;sm_sec_params_set
<LI><a href="#[6c]">&gt;&gt;</a>&nbsp;&nbsp;&nbsp;_WriteNoCheck
<LI><a href="#[6d]">&gt;&gt;</a>&nbsp;&nbsp;&nbsp;_WriteBlocking
<LI><a href="#[35]">&gt;&gt;</a>&nbsp;&nbsp;&nbsp;nrf_log_backend_serial_std_handler
<LI><a href="#[34]">&gt;&gt;</a>&nbsp;&nbsp;&nbsp;nrf_log_backend_serial_hexdump_handler
</UL>

<P><STRONG><a name="[cb]"></a>__aeabi_memcpy4</STRONG> (Thumb, 0 bytes, Stack size 0 bytes, memcpya.o(.text))
<BR><BR>[Called By]<UL><LI><a href="#[16e]">&gt;&gt;</a>&nbsp;&nbsp;&nbsp;gcm_ble_evt_handler
<LI><a href="#[173]">&gt;&gt;</a>&nbsp;&nbsp;&nbsp;service_changed_pending_flags_check
<LI><a href="#[f3]">&gt;&gt;</a>&nbsp;&nbsp;&nbsp;sdk_mapped_flags_key_list_get
<LI><a href="#[f7]">&gt;&gt;</a>&nbsp;&nbsp;&nbsp;ble_conn_state_on_ble_evt
<LI><a href="#[ee]">&gt;&gt;</a>&nbsp;&nbsp;&nbsp;ble_conn_params_init
<LI><a href="#[89]">&gt;&gt;</a>&nbsp;&nbsp;&nbsp;ble_advertising_init
<LI><a href="#[c9]">&gt;&gt;</a>&nbsp;&nbsp;&nbsp;app_uart_init
<LI><a href="#[22]">&gt;&gt;</a>&nbsp;&nbsp;&nbsp;main
<LI><a href="#[132]">&gt;&gt;</a>&nbsp;&nbsp;&nbsp;pwm_start
<LI><a href="#[185]">&gt;&gt;</a>&nbsp;&nbsp;&nbsp;im_ble_evt_handler
<LI><a href="#[140]">&gt;&gt;</a>&nbsp;&nbsp;&nbsp;op_enqueue
</UL>

<P><STRONG><a name="[23c]"></a>__aeabi_memcpy8</STRONG> (Thumb, 0 bytes, Stack size 0 bytes, memcpya.o(.text), UNUSED)

<P><STRONG><a name="[51]"></a>__aeabi_memset</STRONG> (Thumb, 14 bytes, Stack size 0 bytes, memseta.o(.text))
<BR><BR>[Called By]<UL><LI><a href="#[52]">&gt;&gt;</a>&nbsp;&nbsp;&nbsp;_memset$wrapper
<LI><a href="#[50]">&gt;&gt;</a>&nbsp;&nbsp;&nbsp;__aeabi_memclr
</UL>

<P><STRONG><a name="[23d]"></a>__aeabi_memset4</STRONG> (Thumb, 0 bytes, Stack size 0 bytes, memseta.o(.text), UNUSED)

<P><STRONG><a name="[23e]"></a>__aeabi_memset8</STRONG> (Thumb, 0 bytes, Stack size 0 bytes, memseta.o(.text), UNUSED)

<P><STRONG><a name="[50]"></a>__aeabi_memclr</STRONG> (Thumb, 4 bytes, Stack size 0 bytes, memseta.o(.text))
<BR><BR>[Calls]<UL><LI><a href="#[51]">&gt;&gt;</a>&nbsp;&nbsp;&nbsp;__aeabi_memset
</UL>
<BR>[Called By]<UL><LI><a href="#[20e]">&gt;&gt;</a>&nbsp;&nbsp;&nbsp;pm_mutex_init
<LI><a href="#[202]">&gt;&gt;</a>&nbsp;&nbsp;&nbsp;peer_id_init
<LI><a href="#[22d]">&gt;&gt;</a>&nbsp;&nbsp;&nbsp;smd_params_reply
</UL>

<P><STRONG><a name="[88]"></a>__aeabi_memclr4</STRONG> (Thumb, 0 bytes, Stack size 0 bytes, memseta.o(.text))
<BR><BR>[Called By]<UL><LI><a href="#[0]">&gt;&gt;</a>&nbsp;&nbsp;&nbsp;pm_gcm_evt_handler
<LI><a href="#[118]">&gt;&gt;</a>&nbsp;&nbsp;&nbsp;softdevice_enable_get_default_config
<LI><a href="#[8b]">&gt;&gt;</a>&nbsp;&nbsp;&nbsp;ble_advertising_start
<LI><a href="#[89]">&gt;&gt;</a>&nbsp;&nbsp;&nbsp;ble_advertising_init
<LI><a href="#[22]">&gt;&gt;</a>&nbsp;&nbsp;&nbsp;main
<LI><a href="#[df]">&gt;&gt;</a>&nbsp;&nbsp;&nbsp;bas_init
<LI><a href="#[87]">&gt;&gt;</a>&nbsp;&nbsp;&nbsp;advertising_init
<LI><a href="#[44]">&gt;&gt;</a>&nbsp;&nbsp;&nbsp;pm_pdb_evt_handler
<LI><a href="#[143]">&gt;&gt;</a>&nbsp;&nbsp;&nbsp;fds_init
<LI><a href="#[41]">&gt;&gt;</a>&nbsp;&nbsp;&nbsp;pm_im_evt_handler
<LI><a href="#[8c]">&gt;&gt;</a>&nbsp;&nbsp;&nbsp;ah
<LI><a href="#[115]">&gt;&gt;</a>&nbsp;&nbsp;&nbsp;tx_char_add
<LI><a href="#[114]">&gt;&gt;</a>&nbsp;&nbsp;&nbsp;rx_char_add
<LI><a href="#[11d]">&gt;&gt;</a>&nbsp;&nbsp;&nbsp;tx_power_level_char_add
<LI><a href="#[8e]">&gt;&gt;</a>&nbsp;&nbsp;&nbsp;alert_level_char_add
<LI><a href="#[8d]">&gt;&gt;</a>&nbsp;&nbsp;&nbsp;alert_level_char_add
<LI><a href="#[e1]">&gt;&gt;</a>&nbsp;&nbsp;&nbsp;battery_level_char_add
<LI><a href="#[22d]">&gt;&gt;</a>&nbsp;&nbsp;&nbsp;smd_params_reply
<LI><a href="#[4b]">&gt;&gt;</a>&nbsp;&nbsp;&nbsp;pm_sm_evt_handler
<LI><a href="#[15b]">&gt;&gt;</a>&nbsp;&nbsp;&nbsp;queue_get_next_free
<LI><a href="#[15d]">&gt;&gt;</a>&nbsp;&nbsp;&nbsp;queue_process
</UL>

<P><STRONG><a name="[23f]"></a>__aeabi_memclr8</STRONG> (Thumb, 0 bytes, Stack size 0 bytes, memseta.o(.text), UNUSED)

<P><STRONG><a name="[52]"></a>_memset$wrapper</STRONG> (Thumb, 18 bytes, Stack size 8 bytes, memseta.o(.text), UNUSED)
<BR><BR>[Calls]<UL><LI><a href="#[51]">&gt;&gt;</a>&nbsp;&nbsp;&nbsp;__aeabi_memset
</UL>

<P><STRONG><a name="[1d7]"></a>strlen</STRONG> (Thumb, 16 bytes, Stack size 0 bytes, strlen.o(.text))
<BR><BR>[Called By]<UL><LI><a href="#[35]">&gt;&gt;</a>&nbsp;&nbsp;&nbsp;nrf_log_backend_serial_std_handler
<LI><a href="#[34]">&gt;&gt;</a>&nbsp;&nbsp;&nbsp;nrf_log_backend_serial_hexdump_handler
</UL>

<P><STRONG><a name="[7e]"></a>memcmp</STRONG> (Thumb, 26 bytes, Stack size 12 bytes, memcmp.o(.text))
<BR><BR>[Stack]<UL><LI>Max Depth = 12<LI>Call Chain = memcmp
</UL>
<BR>[Called By]<UL><LI><a href="#[18e]">&gt;&gt;</a>&nbsp;&nbsp;&nbsp;im_master_ids_compare
<LI><a href="#[18c]">&gt;&gt;</a>&nbsp;&nbsp;&nbsp;im_is_duplicate_bonding_data
<LI><a href="#[183]">&gt;&gt;</a>&nbsp;&nbsp;&nbsp;im_address_resolve
<LI><a href="#[7d]">&gt;&gt;</a>&nbsp;&nbsp;&nbsp;addr_compare
</UL>

<P><STRONG><a name="[75]"></a>strcpy</STRONG> (Thumb, 18 bytes, Stack size 0 bytes, strcpy.o(.text))
<BR><BR>[Called By]<UL><LI><a href="#[69]">&gt;&gt;</a>&nbsp;&nbsp;&nbsp;_DoInit
</UL>

<P><STRONG><a name="[53]"></a>__aeabi_uldivmod</STRONG> (Thumb, 96 bytes, Stack size 48 bytes, uldiv.o(.text), UNUSED)
<BR><BR>[Calls]<UL><LI><a href="#[54]">&gt;&gt;</a>&nbsp;&nbsp;&nbsp;__aeabi_llsr
<LI><a href="#[55]">&gt;&gt;</a>&nbsp;&nbsp;&nbsp;__aeabi_llsl
</UL>
<BR>[Called By]<UL><LI><a href="#[78]">&gt;&gt;</a>&nbsp;&nbsp;&nbsp;_printf_core
</UL>

<P><STRONG><a name="[4d]"></a>__scatterload</STRONG> (Thumb, 28 bytes, Stack size 0 bytes, init.o(.text))
<BR><BR>[Calls]<UL><LI><a href="#[56]">&gt;&gt;</a>&nbsp;&nbsp;&nbsp;__main_after_scatterload
</UL>
<BR>[Called By]<UL><LI><a href="#[4c]">&gt;&gt;</a>&nbsp;&nbsp;&nbsp;_main_scatterload
</UL>

<P><STRONG><a name="[240]"></a>__scatterload_rt2</STRONG> (Thumb, 0 bytes, Stack size 0 bytes, init.o(.text), UNUSED)

<P><STRONG><a name="[55]"></a>__aeabi_llsl</STRONG> (Thumb, 32 bytes, Stack size 8 bytes, llshl.o(.text), UNUSED)
<BR><BR>[Called By]<UL><LI><a href="#[53]">&gt;&gt;</a>&nbsp;&nbsp;&nbsp;__aeabi_uldivmod
</UL>

<P><STRONG><a name="[241]"></a>_ll_shift_l</STRONG> (Thumb, 0 bytes, Stack size 8 bytes, llshl.o(.text), UNUSED)

<P><STRONG><a name="[54]"></a>__aeabi_llsr</STRONG> (Thumb, 34 bytes, Stack size 8 bytes, llushr.o(.text), UNUSED)
<BR><BR>[Called By]<UL><LI><a href="#[53]">&gt;&gt;</a>&nbsp;&nbsp;&nbsp;__aeabi_uldivmod
</UL>

<P><STRONG><a name="[242]"></a>_ll_ushift_r</STRONG> (Thumb, 0 bytes, Stack size 8 bytes, llushr.o(.text), UNUSED)

<P><STRONG><a name="[243]"></a>__decompress</STRONG> (Thumb, 0 bytes, Stack size unknown bytes, __dczerorl2.o(.text), UNUSED)

<P><STRONG><a name="[244]"></a>__decompress1</STRONG> (Thumb, 86 bytes, Stack size unknown bytes, __dczerorl2.o(.text), UNUSED)

<P><STRONG><a name="[f]"></a>ADC_IRQHandler</STRONG> (Thumb, 82 bytes, Stack size 32 bytes, nrf_drv_adc.o(i.ADC_IRQHandler))
<BR><BR>[Stack]<UL><LI>Max Depth = 48<LI>Call Chain = ADC_IRQHandler &rArr; adc_sample_process
</UL>
<BR>[Calls]<UL><LI><a href="#[58]">&gt;&gt;</a>&nbsp;&nbsp;&nbsp;nrf_adc_event_clear
<LI><a href="#[57]">&gt;&gt;</a>&nbsp;&nbsp;&nbsp;adc_sample_process
</UL>
<BR>[Address Reference Count : 1]<UL><LI> arm_startup_nrf51.o(RESET)
</UL>
<P><STRONG><a name="[e]"></a>GPIOTE_IRQHandler</STRONG> (Thumb, 366 bytes, Stack size 64 bytes, nrf_drv_gpiote.o(i.GPIOTE_IRQHandler))
<BR><BR>[Stack]<UL><LI>Max Depth = 80<LI>Call Chain = GPIOTE_IRQHandler &rArr; nrf_gpio_ports_read
</UL>
<BR>[Calls]<UL><LI><a href="#[5e]">&gt;&gt;</a>&nbsp;&nbsp;&nbsp;nrf_gpiote_event_is_set
<LI><a href="#[5f]">&gt;&gt;</a>&nbsp;&nbsp;&nbsp;nrf_gpiote_event_clear
<LI><a href="#[60]">&gt;&gt;</a>&nbsp;&nbsp;&nbsp;nrf_gpio_ports_read
<LI><a href="#[63]">&gt;&gt;</a>&nbsp;&nbsp;&nbsp;nrf_gpio_cfg_sense_set
<LI><a href="#[61]">&gt;&gt;</a>&nbsp;&nbsp;&nbsp;nrf_bitmask_bit_is_set
<LI><a href="#[62]">&gt;&gt;</a>&nbsp;&nbsp;&nbsp;channel_port_get
</UL>
<BR>[Address Reference Count : 1]<UL><LI> arm_startup_nrf51.o(RESET)
</UL>
<P><STRONG><a name="[9]"></a>POWER_CLOCK_IRQHandler</STRONG> (Thumb, 74 bytes, Stack size 24 bytes, nrf_drv_clock.o(i.POWER_CLOCK_IRQHandler))
<BR><BR>[Stack]<UL><LI>Max Depth = 40<LI>Call Chain = POWER_CLOCK_IRQHandler &rArr; clock_clk_started_notify
</UL>
<BR>[Calls]<UL><LI><a href="#[65]">&gt;&gt;</a>&nbsp;&nbsp;&nbsp;nrf_clock_event_clear
<LI><a href="#[64]">&gt;&gt;</a>&nbsp;&nbsp;&nbsp;nrf_clock_event_check
<LI><a href="#[66]">&gt;&gt;</a>&nbsp;&nbsp;&nbsp;clock_clk_started_notify
</UL>
<BR>[Address Reference Count : 1]<UL><LI> arm_startup_nrf51.o(RESET)
</UL>
<P><STRONG><a name="[19]"></a>RTC1_IRQHandler</STRONG> (Thumb, 28 bytes, Stack size 8 bytes, app_timer.o(i.RTC1_IRQHandler))
<BR><BR>[Stack]<UL><LI>Max Depth = 88<LI>Call Chain = RTC1_IRQHandler &rArr; timer_timeouts_check &rArr; app_error_handler &rArr; app_error_fault_handler &rArr; nrf_log_frontend_std_0 &rArr; nrf_log_direct_feed
</UL>
<BR>[Calls]<UL><LI><a href="#[67]">&gt;&gt;</a>&nbsp;&nbsp;&nbsp;timer_timeouts_check
</UL>
<BR>[Address Reference Count : 1]<UL><LI> arm_startup_nrf51.o(RESET)
</UL>
<P><STRONG><a name="[68]"></a>SEGGER_RTT_Init</STRONG> (Thumb, 16 bytes, Stack size 8 bytes, segger_rtt.o(i.SEGGER_RTT_Init))
<BR><BR>[Stack]<UL><LI>Max Depth = 16<LI>Call Chain = SEGGER_RTT_Init &rArr; _DoInit
</UL>
<BR>[Calls]<UL><LI><a href="#[69]">&gt;&gt;</a>&nbsp;&nbsp;&nbsp;_DoInit
</UL>
<BR>[Called By]<UL><LI><a href="#[1d5]">&gt;&gt;</a>&nbsp;&nbsp;&nbsp;nrf_log_backend_init
</UL>

<P><STRONG><a name="[6a]"></a>SEGGER_RTT_WriteNoLock</STRONG> (Thumb, 86 bytes, Stack size 16 bytes, segger_rtt.o(i.SEGGER_RTT_WriteNoLock))
<BR><BR>[Stack]<UL><LI>Max Depth = 56<LI>Call Chain = SEGGER_RTT_WriteNoLock &rArr; _WriteBlocking
</UL>
<BR>[Calls]<UL><LI><a href="#[6c]">&gt;&gt;</a>&nbsp;&nbsp;&nbsp;_WriteNoCheck
<LI><a href="#[6d]">&gt;&gt;</a>&nbsp;&nbsp;&nbsp;_WriteBlocking
<LI><a href="#[6b]">&gt;&gt;</a>&nbsp;&nbsp;&nbsp;_GetAvailWriteSpace
</UL>
<BR>[Called By]<UL><LI><a href="#[1d9]">&gt;&gt;</a>&nbsp;&nbsp;&nbsp;serial_tx
</UL>

<P><STRONG><a name="[1c]"></a>SWI0_IRQHandler</STRONG> (Thumb, 8 bytes, Stack size 8 bytes, app_timer.o(i.SWI0_IRQHandler))
<BR><BR>[Stack]<UL><LI>Max Depth = 80<LI>Call Chain = SWI0_IRQHandler &rArr; timer_list_handler &rArr; compare_reg_update &rArr; rtc1_stop
</UL>
<BR>[Calls]<UL><LI><a href="#[6e]">&gt;&gt;</a>&nbsp;&nbsp;&nbsp;timer_list_handler
</UL>
<BR>[Address Reference Count : 1]<UL><LI> arm_startup_nrf51.o(RESET)
</UL>
<P><STRONG><a name="[1e]"></a>SWI2_IRQHandler</STRONG> (Thumb, 34 bytes, Stack size 8 bytes, softdevice_handler.o(i.SWI2_IRQHandler))
<BR><BR>[Stack]<UL><LI>Max Depth = 88<LI>Call Chain = SWI2_IRQHandler &rArr; intern_softdevice_events_execute &rArr; app_error_handler &rArr; app_error_fault_handler &rArr; nrf_log_frontend_std_0 &rArr; nrf_log_direct_feed
</UL>
<BR>[Calls]<UL><LI><a href="#[5b]">&gt;&gt;</a>&nbsp;&nbsp;&nbsp;app_error_handler
<LI><a href="#[6f]">&gt;&gt;</a>&nbsp;&nbsp;&nbsp;intern_softdevice_events_execute
</UL>
<BR>[Address Reference Count : 1]<UL><LI> arm_startup_nrf51.o(RESET)
</UL>
<P><STRONG><a name="[23]"></a>SystemInit</STRONG> (Thumb, 76 bytes, Stack size 8 bytes, system_nrf51.o(i.SystemInit))
<BR><BR>[Stack]<UL><LI>Max Depth = 8<LI>Call Chain = SystemInit
</UL>
<BR>[Calls]<UL><LI><a href="#[72]">&gt;&gt;</a>&nbsp;&nbsp;&nbsp;is_peripheral_domain_setup_needed
<LI><a href="#[70]">&gt;&gt;</a>&nbsp;&nbsp;&nbsp;is_manual_peripheral_setup_needed
<LI><a href="#[71]">&gt;&gt;</a>&nbsp;&nbsp;&nbsp;is_disabled_in_debug_needed
</UL>
<BR>[Address Reference Count : 1]<UL><LI> arm_startup_nrf51.o(.text)
</UL>
<P><STRONG><a name="[10]"></a>TIMER0_IRQHandler</STRONG> (Thumb, 14 bytes, Stack size 8 bytes, nrf_drv_timer.o(i.TIMER0_IRQHandler))
<BR><BR>[Stack]<UL><LI>Max Depth = 40<LI>Call Chain = TIMER0_IRQHandler &rArr; irq_handler
</UL>
<BR>[Calls]<UL><LI><a href="#[73]">&gt;&gt;</a>&nbsp;&nbsp;&nbsp;irq_handler
</UL>
<BR>[Address Reference Count : 1]<UL><LI> arm_startup_nrf51.o(RESET)
</UL>
<P><STRONG><a name="[11]"></a>TIMER1_IRQHandler</STRONG> (Thumb, 14 bytes, Stack size 8 bytes, nrf_drv_timer.o(i.TIMER1_IRQHandler))
<BR><BR>[Stack]<UL><LI>Max Depth = 40<LI>Call Chain = TIMER1_IRQHandler &rArr; irq_handler
</UL>
<BR>[Calls]<UL><LI><a href="#[73]">&gt;&gt;</a>&nbsp;&nbsp;&nbsp;irq_handler
</UL>
<BR>[Address Reference Count : 1]<UL><LI> arm_startup_nrf51.o(RESET)
</UL>
<P><STRONG><a name="[12]"></a>TIMER2_IRQHandler</STRONG> (Thumb, 14 bytes, Stack size 8 bytes, nrf_drv_timer.o(i.TIMER2_IRQHandler))
<BR><BR>[Stack]<UL><LI>Max Depth = 40<LI>Call Chain = TIMER2_IRQHandler &rArr; irq_handler
</UL>
<BR>[Calls]<UL><LI><a href="#[73]">&gt;&gt;</a>&nbsp;&nbsp;&nbsp;irq_handler
</UL>
<BR>[Address Reference Count : 1]<UL><LI> arm_startup_nrf51.o(RESET)
</UL>
<P><STRONG><a name="[b]"></a>UART0_IRQHandler</STRONG> (Thumb, 12 bytes, Stack size 8 bytes, nrf_drv_uart.o(i.UART0_IRQHandler))
<BR><BR>[Stack]<UL><LI>Max Depth = 72<LI>Call Chain = UART0_IRQHandler &rArr; uart_irq_handler &rArr; tx_done_event
</UL>
<BR>[Calls]<UL><LI><a href="#[74]">&gt;&gt;</a>&nbsp;&nbsp;&nbsp;uart_irq_handler
</UL>
<BR>[Address Reference Count : 1]<UL><LI> arm_startup_nrf51.o(RESET)
</UL>
<P><STRONG><a name="[77]"></a>__0snprintf$8</STRONG> (Thumb, 38 bytes, Stack size 32 bytes, printf8.o(i.__0snprintf$8), UNUSED)
<BR><BR>[Calls]<UL><LI><a href="#[78]">&gt;&gt;</a>&nbsp;&nbsp;&nbsp;_printf_core
</UL>

<P><STRONG><a name="[245]"></a>__1snprintf$8</STRONG> (Thumb, 0 bytes, Stack size 32 bytes, printf8.o(i.__0snprintf$8), UNUSED)

<P><STRONG><a name="[1da]"></a>__2snprintf</STRONG> (Thumb, 0 bytes, Stack size 32 bytes, printf8.o(i.__0snprintf$8))
<BR><BR>[Stack]<UL><LI>Max Depth = 32<LI>Call Chain = __2snprintf
</UL>
<BR>[Called By]<UL><LI><a href="#[1d6]">&gt;&gt;</a>&nbsp;&nbsp;&nbsp;timestamp_process
<LI><a href="#[35]">&gt;&gt;</a>&nbsp;&nbsp;&nbsp;nrf_log_backend_serial_std_handler
</UL>

<P><STRONG><a name="[e9]"></a>__ARM_common_switch8</STRONG> (Thumb, 26 bytes, Stack size 8 bytes, main.o(i.__ARM_common_switch8))
<BR><BR>[Stack]<UL><LI>Max Depth = 8<LI>Call Chain = __ARM_common_switch8
</UL>
<BR>[Called By]<UL><LI><a href="#[0]">&gt;&gt;</a>&nbsp;&nbsp;&nbsp;pm_gcm_evt_handler
<LI><a href="#[8b]">&gt;&gt;</a>&nbsp;&nbsp;&nbsp;ble_advertising_start
<LI><a href="#[30]">&gt;&gt;</a>&nbsp;&nbsp;&nbsp;uart_event_handle
<LI><a href="#[37]">&gt;&gt;</a>&nbsp;&nbsp;&nbsp;pm_evt_handler
<LI><a href="#[3a]">&gt;&gt;</a>&nbsp;&nbsp;&nbsp;nus_data_handler
<LI><a href="#[46]">&gt;&gt;</a>&nbsp;&nbsp;&nbsp;sm_pdb_evt_handler
<LI><a href="#[44]">&gt;&gt;</a>&nbsp;&nbsp;&nbsp;pm_pdb_evt_handler
<LI><a href="#[43]">&gt;&gt;</a>&nbsp;&nbsp;&nbsp;pdb_pds_evt_handler
<LI><a href="#[143]">&gt;&gt;</a>&nbsp;&nbsp;&nbsp;fds_init
<LI><a href="#[36]">&gt;&gt;</a>&nbsp;&nbsp;&nbsp;fds_evt_handler
<LI><a href="#[49]">&gt;&gt;</a>&nbsp;&nbsp;&nbsp;sm_smd_evt_handler
<LI><a href="#[4b]">&gt;&gt;</a>&nbsp;&nbsp;&nbsp;pm_sm_evt_handler
<LI><a href="#[221]">&gt;&gt;</a>&nbsp;&nbsp;&nbsp;write_execute
<LI><a href="#[15d]">&gt;&gt;</a>&nbsp;&nbsp;&nbsp;queue_process
<LI><a href="#[166]">&gt;&gt;</a>&nbsp;&nbsp;&nbsp;gc_state_advance
<LI><a href="#[165]">&gt;&gt;</a>&nbsp;&nbsp;&nbsp;gc_execute
<LI><a href="#[135]">&gt;&gt;</a>&nbsp;&nbsp;&nbsp;event_prepare
<LI><a href="#[35]">&gt;&gt;</a>&nbsp;&nbsp;&nbsp;nrf_log_backend_serial_std_handler
</UL>

<P><STRONG><a name="[246]"></a>__scatterload_copy</STRONG> (Thumb, 14 bytes, Stack size unknown bytes, handlers.o(i.__scatterload_copy), UNUSED)

<P><STRONG><a name="[247]"></a>__scatterload_null</STRONG> (Thumb, 2 bytes, Stack size unknown bytes, handlers.o(i.__scatterload_null), UNUSED)

<P><STRONG><a name="[248]"></a>__scatterload_zeroinit</STRONG> (Thumb, 14 bytes, Stack size unknown bytes, handlers.o(i.__scatterload_zeroinit), UNUSED)

<P><STRONG><a name="[25]"></a>adc_event_handler</STRONG> (Thumb, 100 bytes, Stack size 8 bytes, main.o(i.adc_event_handler))
<BR><BR>[Stack]<UL><LI>Max Depth = 64<LI>Call Chain = adc_event_handler &rArr; app_error_handler &rArr; app_error_fault_handler &rArr; nrf_log_frontend_std_0 &rArr; nrf_log_direct_feed
</UL>
<BR>[Calls]<UL><LI><a href="#[5d]">&gt;&gt;</a>&nbsp;&nbsp;&nbsp;nrf_drv_adc_buffer_convert
<LI><a href="#[7c]">&gt;&gt;</a>&nbsp;&nbsp;&nbsp;ble_bas_battery_level_update
<LI><a href="#[5b]">&gt;&gt;</a>&nbsp;&nbsp;&nbsp;app_error_handler
<LI><a href="#[7b]">&gt;&gt;</a>&nbsp;&nbsp;&nbsp;battery_level_in_percent
</UL>
<BR>[Address Reference Count : 1]<UL><LI> main.o(i.ADC_init)
</UL>
<P><STRONG><a name="[7d]"></a>addr_compare</STRONG> (Thumb, 40 bytes, Stack size 8 bytes, id_manager.o(i.addr_compare))
<BR><BR>[Stack]<UL><LI>Max Depth = 20<LI>Call Chain = addr_compare &rArr; memcmp
</UL>
<BR>[Calls]<UL><LI><a href="#[7e]">&gt;&gt;</a>&nbsp;&nbsp;&nbsp;memcmp
</UL>
<BR>[Called By]<UL><LI><a href="#[18c]">&gt;&gt;</a>&nbsp;&nbsp;&nbsp;im_is_duplicate_bonding_data
<LI><a href="#[185]">&gt;&gt;</a>&nbsp;&nbsp;&nbsp;im_ble_evt_handler
</UL>

<P><STRONG><a name="[7f]"></a>adv_data_encode</STRONG> (Thumb, 398 bytes, Stack size 48 bytes, ble_advdata.o(i.adv_data_encode))
<BR><BR>[Stack]<UL><LI>Max Depth = 144<LI>Call Chain = adv_data_encode &rArr; uuid_list_encode &rArr; uuid_list_sized_encode
</UL>
<BR>[Calls]<UL><LI><a href="#[82]">&gt;&gt;</a>&nbsp;&nbsp;&nbsp;uuid_list_encode
<LI><a href="#[81]">&gt;&gt;</a>&nbsp;&nbsp;&nbsp;uint16_encode
<LI><a href="#[85]">&gt;&gt;</a>&nbsp;&nbsp;&nbsp;service_data_encode
<LI><a href="#[86]">&gt;&gt;</a>&nbsp;&nbsp;&nbsp;name_encode
<LI><a href="#[84]">&gt;&gt;</a>&nbsp;&nbsp;&nbsp;manuf_specific_data_encode
<LI><a href="#[83]">&gt;&gt;</a>&nbsp;&nbsp;&nbsp;conn_int_encode
<LI><a href="#[80]">&gt;&gt;</a>&nbsp;&nbsp;&nbsp;ble_device_addr_encode
</UL>
<BR>[Called By]<UL><LI><a href="#[e4]">&gt;&gt;</a>&nbsp;&nbsp;&nbsp;ble_advdata_set
</UL>

<P><STRONG><a name="[8c]"></a>ah</STRONG> (Thumb, 78 bytes, Stack size 72 bytes, id_manager.o(i.ah))
<BR><BR>[Stack]<UL><LI>Max Depth = 72<LI>Call Chain = ah
</UL>
<BR>[Calls]<UL><LI><a href="#[88]">&gt;&gt;</a>&nbsp;&nbsp;&nbsp;__aeabi_memclr4
</UL>
<BR>[Called By]<UL><LI><a href="#[183]">&gt;&gt;</a>&nbsp;&nbsp;&nbsp;im_address_resolve
</UL>

<P><STRONG><a name="[92]"></a>app_error_fault_handler</STRONG> (Thumb, 28 bytes, Stack size 16 bytes, app_error_weak.o(i.app_error_fault_handler))
<BR><BR>[Stack]<UL><LI>Max Depth = 40<LI>Call Chain = app_error_fault_handler &rArr; nrf_log_frontend_std_0 &rArr; nrf_log_direct_feed
</UL>
<BR>[Calls]<UL><LI><a href="#[91]">&gt;&gt;</a>&nbsp;&nbsp;&nbsp;nrf_log_frontend_std_0
<LI><a href="#[93]">&gt;&gt;</a>&nbsp;&nbsp;&nbsp;app_error_save_and_stop
</UL>
<BR>[Called By]<UL><LI><a href="#[5b]">&gt;&gt;</a>&nbsp;&nbsp;&nbsp;app_error_handler
<LI><a href="#[3c]">&gt;&gt;</a>&nbsp;&nbsp;&nbsp;softdevice_fault_handler
</UL>

<P><STRONG><a name="[5b]"></a>app_error_handler</STRONG> (Thumb, 22 bytes, Stack size 16 bytes, app_error.o(i.app_error_handler))
<BR><BR>[Stack]<UL><LI>Max Depth = 56<LI>Call Chain = app_error_handler &rArr; app_error_fault_handler &rArr; nrf_log_frontend_std_0 &rArr; nrf_log_direct_feed
</UL>
<BR>[Calls]<UL><LI><a href="#[92]">&gt;&gt;</a>&nbsp;&nbsp;&nbsp;app_error_fault_handler
</UL>
<BR>[Called By]<UL><LI><a href="#[f7]">&gt;&gt;</a>&nbsp;&nbsp;&nbsp;ble_conn_state_on_ble_evt
<LI><a href="#[c7]">&gt;&gt;</a>&nbsp;&nbsp;&nbsp;app_uart_get
<LI><a href="#[1ae]">&gt;&gt;</a>&nbsp;&nbsp;&nbsp;timers_init
<LI><a href="#[22]">&gt;&gt;</a>&nbsp;&nbsp;&nbsp;main
<LI><a href="#[12c]">&gt;&gt;</a>&nbsp;&nbsp;&nbsp;disconnect
<LI><a href="#[25]">&gt;&gt;</a>&nbsp;&nbsp;&nbsp;adc_event_handler
<LI><a href="#[30]">&gt;&gt;</a>&nbsp;&nbsp;&nbsp;uart_event_handle
<LI><a href="#[40]">&gt;&gt;</a>&nbsp;&nbsp;&nbsp;timer_buzzer_stop_event_handler
<LI><a href="#[1b1]">&gt;&gt;</a>&nbsp;&nbsp;&nbsp;services_init
<LI><a href="#[2f]">&gt;&gt;</a>&nbsp;&nbsp;&nbsp;service_error_handler
<LI><a href="#[132]">&gt;&gt;</a>&nbsp;&nbsp;&nbsp;pwm_start
<LI><a href="#[37]">&gt;&gt;</a>&nbsp;&nbsp;&nbsp;pm_evt_handler
<LI><a href="#[1af]">&gt;&gt;</a>&nbsp;&nbsp;&nbsp;peer_manager_init
<LI><a href="#[3b]">&gt;&gt;</a>&nbsp;&nbsp;&nbsp;on_ias_c_evt
<LI><a href="#[32]">&gt;&gt;</a>&nbsp;&nbsp;&nbsp;on_conn_params_evt
<LI><a href="#[10c]">&gt;&gt;</a>&nbsp;&nbsp;&nbsp;on_ble_evt
<LI><a href="#[2a]">&gt;&gt;</a>&nbsp;&nbsp;&nbsp;on_bas_evt
<LI><a href="#[27]">&gt;&gt;</a>&nbsp;&nbsp;&nbsp;on_adv_evt
<LI><a href="#[1a9]">&gt;&gt;</a>&nbsp;&nbsp;&nbsp;lls_init
<LI><a href="#[164]">&gt;&gt;</a>&nbsp;&nbsp;&nbsp;gap_params_init
<LI><a href="#[130]">&gt;&gt;</a>&nbsp;&nbsp;&nbsp;door_unlock
<LI><a href="#[131]">&gt;&gt;</a>&nbsp;&nbsp;&nbsp;door_lock
<LI><a href="#[33]">&gt;&gt;</a>&nbsp;&nbsp;&nbsp;conn_params_error_handler
<LI><a href="#[116]">&gt;&gt;</a>&nbsp;&nbsp;&nbsp;ble_stack_init
<LI><a href="#[df]">&gt;&gt;</a>&nbsp;&nbsp;&nbsp;bas_init
<LI><a href="#[8a]">&gt;&gt;</a>&nbsp;&nbsp;&nbsp;advertising_start
<LI><a href="#[87]">&gt;&gt;</a>&nbsp;&nbsp;&nbsp;advertising_init
<LI><a href="#[59]">&gt;&gt;</a>&nbsp;&nbsp;&nbsp;ADC_init
<LI><a href="#[67]">&gt;&gt;</a>&nbsp;&nbsp;&nbsp;timer_timeouts_check
<LI><a href="#[6f]">&gt;&gt;</a>&nbsp;&nbsp;&nbsp;intern_softdevice_events_execute
<LI><a href="#[1e]">&gt;&gt;</a>&nbsp;&nbsp;&nbsp;SWI2_IRQHandler
</UL>

<P><STRONG><a name="[93]"></a>app_error_save_and_stop</STRONG> (Thumb, 70 bytes, Stack size 0 bytes, app_error.o(i.app_error_save_and_stop))
<BR><BR>[Called By]<UL><LI><a href="#[92]">&gt;&gt;</a>&nbsp;&nbsp;&nbsp;app_error_fault_handler
</UL>

<P><STRONG><a name="[94]"></a>app_fifo_get</STRONG> (Thumb, 22 bytes, Stack size 8 bytes, app_fifo.o(i.app_fifo_get))
<BR><BR>[Stack]<UL><LI>Max Depth = 8<LI>Call Chain = app_fifo_get
</UL>
<BR>[Calls]<UL><LI><a href="#[95]">&gt;&gt;</a>&nbsp;&nbsp;&nbsp;fifo_get
</UL>
<BR>[Called By]<UL><LI><a href="#[ce]">&gt;&gt;</a>&nbsp;&nbsp;&nbsp;app_uart_put
<LI><a href="#[c7]">&gt;&gt;</a>&nbsp;&nbsp;&nbsp;app_uart_get
<LI><a href="#[29]">&gt;&gt;</a>&nbsp;&nbsp;&nbsp;uart_event_handler
</UL>

<P><STRONG><a name="[ca]"></a>app_fifo_init</STRONG> (Thumb, 36 bytes, Stack size 0 bytes, app_fifo.o(i.app_fifo_init))
<BR><BR>[Called By]<UL><LI><a href="#[c9]">&gt;&gt;</a>&nbsp;&nbsp;&nbsp;app_uart_init
</UL>

<P><STRONG><a name="[96]"></a>app_fifo_put</STRONG> (Thumb, 26 bytes, Stack size 8 bytes, app_fifo.o(i.app_fifo_put))
<BR><BR>[Stack]<UL><LI>Max Depth = 8<LI>Call Chain = app_fifo_put
</UL>
<BR>[Calls]<UL><LI><a href="#[97]">&gt;&gt;</a>&nbsp;&nbsp;&nbsp;fifo_put
</UL>
<BR>[Called By]<UL><LI><a href="#[ce]">&gt;&gt;</a>&nbsp;&nbsp;&nbsp;app_uart_put
<LI><a href="#[29]">&gt;&gt;</a>&nbsp;&nbsp;&nbsp;uart_event_handler
</UL>

<P><STRONG><a name="[98]"></a>app_pwm_busy_check</STRONG> (Thumb, 52 bytes, Stack size 16 bytes, app_pwm.o(i.app_pwm_busy_check))
<BR><BR>[Stack]<UL><LI>Max Depth = 16<LI>Call Chain = app_pwm_busy_check
</UL>
<BR>[Calls]<UL><LI><a href="#[99]">&gt;&gt;</a>&nbsp;&nbsp;&nbsp;nrf_drv_timer_capture_get
</UL>
<BR>[Called By]<UL><LI><a href="#[9b]">&gt;&gt;</a>&nbsp;&nbsp;&nbsp;app_pwm_channel_duty_ticks_set
</UL>

<P><STRONG><a name="[9a]"></a>app_pwm_channel_duty_set</STRONG> (Thumb, 32 bytes, Stack size 16 bytes, app_pwm.o(i.app_pwm_channel_duty_set))
<BR><BR>[Stack]<UL><LI>Max Depth = 120<LI>Call Chain = app_pwm_channel_duty_set &rArr; app_pwm_channel_duty_ticks_set &rArr; pwm_transition_0or100_to_0or100 &rArr; pwm_ppi_disable &rArr; nrf_drv_ppi_channel_disable &rArr; is_app_channel
</UL>
<BR>[Calls]<UL><LI><a href="#[9b]">&gt;&gt;</a>&nbsp;&nbsp;&nbsp;app_pwm_channel_duty_ticks_set
<LI><a href="#[4f]">&gt;&gt;</a>&nbsp;&nbsp;&nbsp;__aeabi_uidivmod
</UL>
<BR>[Called By]<UL><LI><a href="#[132]">&gt;&gt;</a>&nbsp;&nbsp;&nbsp;pwm_start
</UL>

<P><STRONG><a name="[9b]"></a>app_pwm_channel_duty_ticks_set</STRONG> (Thumb, 172 bytes, Stack size 24 bytes, app_pwm.o(i.app_pwm_channel_duty_ticks_set))
<BR><BR>[Stack]<UL><LI>Max Depth = 104<LI>Call Chain = app_pwm_channel_duty_ticks_set &rArr; pwm_transition_0or100_to_0or100 &rArr; pwm_ppi_disable &rArr; nrf_drv_ppi_channel_disable &rArr; is_app_channel
</UL>
<BR>[Calls]<UL><LI><a href="#[a0]">&gt;&gt;</a>&nbsp;&nbsp;&nbsp;nrf_drv_timer_compare_int_enable
<LI><a href="#[98]">&gt;&gt;</a>&nbsp;&nbsp;&nbsp;app_pwm_busy_check
<LI><a href="#[9f]">&gt;&gt;</a>&nbsp;&nbsp;&nbsp;pwm_transition_n_to_m
<LI><a href="#[9e]">&gt;&gt;</a>&nbsp;&nbsp;&nbsp;pwm_transition_n_to_0or100
<LI><a href="#[9d]">&gt;&gt;</a>&nbsp;&nbsp;&nbsp;pwm_transition_0or100_to_n
<LI><a href="#[9c]">&gt;&gt;</a>&nbsp;&nbsp;&nbsp;pwm_transition_0or100_to_0or100
</UL>
<BR>[Called By]<UL><LI><a href="#[b4]">&gt;&gt;</a>&nbsp;&nbsp;&nbsp;app_pwm_init
<LI><a href="#[9a]">&gt;&gt;</a>&nbsp;&nbsp;&nbsp;app_pwm_channel_duty_set
</UL>

<P><STRONG><a name="[aa]"></a>app_pwm_disable</STRONG> (Thumb, 122 bytes, Stack size 24 bytes, app_pwm.o(i.app_pwm_disable))
<BR><BR>[Stack]<UL><LI>Max Depth = 48<LI>Call Chain = app_pwm_disable &rArr; nrf_drv_ppi_channel_disable &rArr; is_app_channel
</UL>
<BR>[Calls]<UL><LI><a href="#[a6]">&gt;&gt;</a>&nbsp;&nbsp;&nbsp;nrf_drv_ppi_channel_disable
<LI><a href="#[ab]">&gt;&gt;</a>&nbsp;&nbsp;&nbsp;nrf_drv_timer_disable
<LI><a href="#[ac]">&gt;&gt;</a>&nbsp;&nbsp;&nbsp;nrf_drv_timer_compare_int_disable
<LI><a href="#[ad]">&gt;&gt;</a>&nbsp;&nbsp;&nbsp;nrf_drv_gpiote_out_task_disable
<LI><a href="#[ae]">&gt;&gt;</a>&nbsp;&nbsp;&nbsp;pan73_workaround
<LI><a href="#[a4]">&gt;&gt;</a>&nbsp;&nbsp;&nbsp;nrf_gpio_pin_set
<LI><a href="#[a3]">&gt;&gt;</a>&nbsp;&nbsp;&nbsp;nrf_gpio_pin_clear
</UL>
<BR>[Called By]<UL><LI><a href="#[bc]">&gt;&gt;</a>&nbsp;&nbsp;&nbsp;app_pwm_uninit
</UL>

<P><STRONG><a name="[af]"></a>app_pwm_enable</STRONG> (Thumb, 116 bytes, Stack size 24 bytes, app_pwm.o(i.app_pwm_enable))
<BR><BR>[Stack]<UL><LI>Max Depth = 24<LI>Call Chain = app_pwm_enable
</UL>
<BR>[Calls]<UL><LI><a href="#[b3]">&gt;&gt;</a>&nbsp;&nbsp;&nbsp;nrf_drv_timer_enable
<LI><a href="#[b2]">&gt;&gt;</a>&nbsp;&nbsp;&nbsp;nrf_drv_timer_clear
<LI><a href="#[b0]">&gt;&gt;</a>&nbsp;&nbsp;&nbsp;nrf_drv_gpiote_out_task_force
<LI><a href="#[b1]">&gt;&gt;</a>&nbsp;&nbsp;&nbsp;nrf_drv_gpiote_out_task_enable
<LI><a href="#[ae]">&gt;&gt;</a>&nbsp;&nbsp;&nbsp;pan73_workaround
</UL>
<BR>[Called By]<UL><LI><a href="#[132]">&gt;&gt;</a>&nbsp;&nbsp;&nbsp;pwm_start
</UL>

<P><STRONG><a name="[b4]"></a>app_pwm_init</STRONG> (Thumb, 362 bytes, Stack size 64 bytes, app_pwm.o(i.app_pwm_init))
<BR><BR>[Stack]<UL><LI>Max Depth = 168<LI>Call Chain = app_pwm_init &rArr; app_pwm_channel_duty_ticks_set &rArr; pwm_transition_0or100_to_0or100 &rArr; pwm_ppi_disable &rArr; nrf_drv_ppi_channel_disable &rArr; is_app_channel
</UL>
<BR>[Calls]<UL><LI><a href="#[b5]">&gt;&gt;</a>&nbsp;&nbsp;&nbsp;nrf_drv_ppi_init
<LI><a href="#[b8]">&gt;&gt;</a>&nbsp;&nbsp;&nbsp;nrf_drv_ppi_group_alloc
<LI><a href="#[a5]">&gt;&gt;</a>&nbsp;&nbsp;&nbsp;nrf_drv_ppi_channel_alloc
<LI><a href="#[ba]">&gt;&gt;</a>&nbsp;&nbsp;&nbsp;nrf_drv_timer_init
<LI><a href="#[bb]">&gt;&gt;</a>&nbsp;&nbsp;&nbsp;nrf_drv_timer_extended_compare
<LI><a href="#[ac]">&gt;&gt;</a>&nbsp;&nbsp;&nbsp;nrf_drv_timer_compare_int_disable
<LI><a href="#[b2]">&gt;&gt;</a>&nbsp;&nbsp;&nbsp;nrf_drv_timer_clear
<LI><a href="#[b6]">&gt;&gt;</a>&nbsp;&nbsp;&nbsp;nrf_drv_gpiote_is_init
<LI><a href="#[b7]">&gt;&gt;</a>&nbsp;&nbsp;&nbsp;nrf_drv_gpiote_init
<LI><a href="#[9b]">&gt;&gt;</a>&nbsp;&nbsp;&nbsp;app_pwm_channel_duty_ticks_set
<LI><a href="#[b9]">&gt;&gt;</a>&nbsp;&nbsp;&nbsp;pwm_dealloc
<LI><a href="#[a1]">&gt;&gt;</a>&nbsp;&nbsp;&nbsp;app_pwm_channel_init
</UL>
<BR>[Called By]<UL><LI><a href="#[132]">&gt;&gt;</a>&nbsp;&nbsp;&nbsp;pwm_start
</UL>

<P><STRONG><a name="[bc]"></a>app_pwm_uninit</STRONG> (Thumb, 42 bytes, Stack size 16 bytes, app_pwm.o(i.app_pwm_uninit))
<BR><BR>[Stack]<UL><LI>Max Depth = 88<LI>Call Chain = app_pwm_uninit &rArr; pwm_dealloc &rArr; nrf_drv_gpiote_out_uninit &rArr; nrf_gpio_cfg_default &rArr; nrf_gpio_cfg
</UL>
<BR>[Calls]<UL><LI><a href="#[aa]">&gt;&gt;</a>&nbsp;&nbsp;&nbsp;app_pwm_disable
<LI><a href="#[b9]">&gt;&gt;</a>&nbsp;&nbsp;&nbsp;pwm_dealloc
</UL>
<BR>[Called By]<UL><LI><a href="#[40]">&gt;&gt;</a>&nbsp;&nbsp;&nbsp;timer_buzzer_stop_event_handler
</UL>

<P><STRONG><a name="[ef]"></a>app_timer_create</STRONG> (Thumb, 40 bytes, Stack size 0 bytes, app_timer.o(i.app_timer_create))
<BR><BR>[Called By]<UL><LI><a href="#[ee]">&gt;&gt;</a>&nbsp;&nbsp;&nbsp;ble_conn_params_init
<LI><a href="#[1ae]">&gt;&gt;</a>&nbsp;&nbsp;&nbsp;timers_init
</UL>

<P><STRONG><a name="[bd]"></a>app_timer_init</STRONG> (Thumb, 98 bytes, Stack size 40 bytes, app_timer.o(i.app_timer_init))
<BR><BR>[Stack]<UL><LI>Max Depth = 56<LI>Call Chain = app_timer_init &rArr; rtc1_stop
</UL>
<BR>[Calls]<UL><LI><a href="#[be]">&gt;&gt;</a>&nbsp;&nbsp;&nbsp;rtc1_stop
<LI><a href="#[bf]">&gt;&gt;</a>&nbsp;&nbsp;&nbsp;NVIC_SetPriority
</UL>
<BR>[Called By]<UL><LI><a href="#[1ae]">&gt;&gt;</a>&nbsp;&nbsp;&nbsp;timers_init
</UL>

<P><STRONG><a name="[c0]"></a>app_timer_start</STRONG> (Thumb, 128 bytes, Stack size 32 bytes, app_timer.o(i.app_timer_start))
<BR><BR>[Stack]<UL><LI>Max Depth = 44<LI>Call Chain = app_timer_start &rArr; app_util_critical_region_enter
</UL>
<BR>[Calls]<UL><LI><a href="#[c3]">&gt;&gt;</a>&nbsp;&nbsp;&nbsp;app_util_critical_region_exit
<LI><a href="#[c1]">&gt;&gt;</a>&nbsp;&nbsp;&nbsp;app_util_critical_region_enter
<LI><a href="#[c2]">&gt;&gt;</a>&nbsp;&nbsp;&nbsp;user_op_alloc
<LI><a href="#[c4]">&gt;&gt;</a>&nbsp;&nbsp;&nbsp;timer_list_handler_sched
</UL>
<BR>[Called By]<UL><LI><a href="#[f1]">&gt;&gt;</a>&nbsp;&nbsp;&nbsp;conn_params_negotiation
<LI><a href="#[132]">&gt;&gt;</a>&nbsp;&nbsp;&nbsp;pwm_start
<LI><a href="#[2a]">&gt;&gt;</a>&nbsp;&nbsp;&nbsp;on_bas_evt
<LI><a href="#[27]">&gt;&gt;</a>&nbsp;&nbsp;&nbsp;on_adv_evt
<LI><a href="#[130]">&gt;&gt;</a>&nbsp;&nbsp;&nbsp;door_unlock
<LI><a href="#[131]">&gt;&gt;</a>&nbsp;&nbsp;&nbsp;door_lock
</UL>

<P><STRONG><a name="[c5]"></a>app_timer_stop</STRONG> (Thumb, 36 bytes, Stack size 8 bytes, app_timer.o(i.app_timer_stop))
<BR><BR>[Stack]<UL><LI>Max Depth = 44<LI>Call Chain = app_timer_stop &rArr; timer_stop_op_schedule &rArr; app_util_critical_region_enter
</UL>
<BR>[Calls]<UL><LI><a href="#[c6]">&gt;&gt;</a>&nbsp;&nbsp;&nbsp;timer_stop_op_schedule
</UL>
<BR>[Called By]<UL><LI><a href="#[f0]">&gt;&gt;</a>&nbsp;&nbsp;&nbsp;ble_conn_params_on_ble_evt
<LI><a href="#[3e]">&gt;&gt;</a>&nbsp;&nbsp;&nbsp;timer_motor_stop_event_handler
<LI><a href="#[40]">&gt;&gt;</a>&nbsp;&nbsp;&nbsp;timer_buzzer_stop_event_handler
<LI><a href="#[10c]">&gt;&gt;</a>&nbsp;&nbsp;&nbsp;on_ble_evt
<LI><a href="#[2a]">&gt;&gt;</a>&nbsp;&nbsp;&nbsp;on_bas_evt
</UL>

<P><STRONG><a name="[c7]"></a>app_uart_get</STRONG> (Thumb, 50 bytes, Stack size 16 bytes, app_uart_fifo.o(i.app_uart_get))
<BR><BR>[Stack]<UL><LI>Max Depth = 76<LI>Call Chain = app_uart_get &rArr; nrf_drv_uart_rx &rArr; nrf_drv_uart_rx_for_uart &rArr; rx_byte
</UL>
<BR>[Calls]<UL><LI><a href="#[5b]">&gt;&gt;</a>&nbsp;&nbsp;&nbsp;app_error_handler
<LI><a href="#[c8]">&gt;&gt;</a>&nbsp;&nbsp;&nbsp;nrf_drv_uart_rx
<LI><a href="#[94]">&gt;&gt;</a>&nbsp;&nbsp;&nbsp;app_fifo_get
</UL>
<BR>[Called By]<UL><LI><a href="#[30]">&gt;&gt;</a>&nbsp;&nbsp;&nbsp;uart_event_handle
</UL>

<P><STRONG><a name="[c9]"></a>app_uart_init</STRONG> (Thumb, 160 bytes, Stack size 56 bytes, app_uart_fifo.o(i.app_uart_init))
<BR><BR>[Stack]<UL><LI>Max Depth = 128<LI>Call Chain = app_uart_init &rArr; nrf_drv_uart_init &rArr; apply_config &rArr; nrf_gpio_cfg_output &rArr; nrf_gpio_cfg
</UL>
<BR>[Calls]<UL><LI><a href="#[cd]">&gt;&gt;</a>&nbsp;&nbsp;&nbsp;nrf_drv_uart_rx_enable
<LI><a href="#[c8]">&gt;&gt;</a>&nbsp;&nbsp;&nbsp;nrf_drv_uart_rx
<LI><a href="#[cc]">&gt;&gt;</a>&nbsp;&nbsp;&nbsp;nrf_drv_uart_init
<LI><a href="#[ca]">&gt;&gt;</a>&nbsp;&nbsp;&nbsp;app_fifo_init
<LI><a href="#[cb]">&gt;&gt;</a>&nbsp;&nbsp;&nbsp;__aeabi_memcpy4
</UL>
<BR>[Called By]<UL><LI><a href="#[22]">&gt;&gt;</a>&nbsp;&nbsp;&nbsp;main
</UL>

<P><STRONG><a name="[ce]"></a>app_uart_put</STRONG> (Thumb, 56 bytes, Stack size 8 bytes, app_uart_fifo.o(i.app_uart_put))
<BR><BR>[Stack]<UL><LI>Max Depth = 48<LI>Call Chain = app_uart_put &rArr; nrf_drv_uart_tx &rArr; nrf_drv_uart_tx_for_uart
</UL>
<BR>[Calls]<UL><LI><a href="#[cf]">&gt;&gt;</a>&nbsp;&nbsp;&nbsp;nrf_drv_uart_tx_in_progress
<LI><a href="#[d0]">&gt;&gt;</a>&nbsp;&nbsp;&nbsp;nrf_drv_uart_tx
<LI><a href="#[96]">&gt;&gt;</a>&nbsp;&nbsp;&nbsp;app_fifo_put
<LI><a href="#[94]">&gt;&gt;</a>&nbsp;&nbsp;&nbsp;app_fifo_get
</UL>
<BR>[Called By]<UL><LI><a href="#[3a]">&gt;&gt;</a>&nbsp;&nbsp;&nbsp;nus_data_handler
</UL>

<P><STRONG><a name="[c1]"></a>app_util_critical_region_enter</STRONG> (Thumb, 48 bytes, Stack size 12 bytes, app_util_platform.o(i.app_util_critical_region_enter))
<BR><BR>[Stack]<UL><LI>Max Depth = 12<LI>Call Chain = app_util_critical_region_enter
</UL>
<BR>[Called By]<UL><LI><a href="#[c0]">&gt;&gt;</a>&nbsp;&nbsp;&nbsp;app_timer_start
<LI><a href="#[213]">&gt;&gt;</a>&nbsp;&nbsp;&nbsp;pm_mutex_unlock
<LI><a href="#[1aa]">&gt;&gt;</a>&nbsp;&nbsp;&nbsp;lock_by_mask
<LI><a href="#[1ca]">&gt;&gt;</a>&nbsp;&nbsp;&nbsp;nrf_drv_ppi_group_free
<LI><a href="#[b8]">&gt;&gt;</a>&nbsp;&nbsp;&nbsp;nrf_drv_ppi_group_alloc
<LI><a href="#[1c8]">&gt;&gt;</a>&nbsp;&nbsp;&nbsp;nrf_drv_ppi_channels_remove_from_group
<LI><a href="#[1c5]">&gt;&gt;</a>&nbsp;&nbsp;&nbsp;nrf_drv_ppi_channels_include_in_group
<LI><a href="#[1c4]">&gt;&gt;</a>&nbsp;&nbsp;&nbsp;nrf_drv_ppi_channel_free
<LI><a href="#[a5]">&gt;&gt;</a>&nbsp;&nbsp;&nbsp;nrf_drv_ppi_channel_alloc
<LI><a href="#[1b8]">&gt;&gt;</a>&nbsp;&nbsp;&nbsp;nrf_drv_clock_on_sd_enable
<LI><a href="#[c6]">&gt;&gt;</a>&nbsp;&nbsp;&nbsp;timer_stop_op_schedule
</UL>

<P><STRONG><a name="[c3]"></a>app_util_critical_region_exit</STRONG> (Thumb, 36 bytes, Stack size 0 bytes, app_util_platform.o(i.app_util_critical_region_exit))
<BR><BR>[Called By]<UL><LI><a href="#[c0]">&gt;&gt;</a>&nbsp;&nbsp;&nbsp;app_timer_start
<LI><a href="#[213]">&gt;&gt;</a>&nbsp;&nbsp;&nbsp;pm_mutex_unlock
<LI><a href="#[1aa]">&gt;&gt;</a>&nbsp;&nbsp;&nbsp;lock_by_mask
<LI><a href="#[1ca]">&gt;&gt;</a>&nbsp;&nbsp;&nbsp;nrf_drv_ppi_group_free
<LI><a href="#[b8]">&gt;&gt;</a>&nbsp;&nbsp;&nbsp;nrf_drv_ppi_group_alloc
<LI><a href="#[1c8]">&gt;&gt;</a>&nbsp;&nbsp;&nbsp;nrf_drv_ppi_channels_remove_from_group
<LI><a href="#[1c5]">&gt;&gt;</a>&nbsp;&nbsp;&nbsp;nrf_drv_ppi_channels_include_in_group
<LI><a href="#[1c4]">&gt;&gt;</a>&nbsp;&nbsp;&nbsp;nrf_drv_ppi_channel_free
<LI><a href="#[a5]">&gt;&gt;</a>&nbsp;&nbsp;&nbsp;nrf_drv_ppi_channel_alloc
<LI><a href="#[1b8]">&gt;&gt;</a>&nbsp;&nbsp;&nbsp;nrf_drv_clock_on_sd_enable
<LI><a href="#[c6]">&gt;&gt;</a>&nbsp;&nbsp;&nbsp;timer_stop_op_schedule
</UL>

<P><STRONG><a name="[e4]"></a>ble_advdata_set</STRONG> (Thumb, 104 bytes, Stack size 96 bytes, ble_advdata.o(i.ble_advdata_set))
<BR><BR>[Stack]<UL><LI>Max Depth = 240<LI>Call Chain = ble_advdata_set &rArr; adv_data_encode &rArr; uuid_list_encode &rArr; uuid_list_sized_encode
</UL>
<BR>[Calls]<UL><LI><a href="#[7f]">&gt;&gt;</a>&nbsp;&nbsp;&nbsp;adv_data_encode
</UL>
<BR>[Called By]<UL><LI><a href="#[eb]">&gt;&gt;</a>&nbsp;&nbsp;&nbsp;set_adv_mode_slow
<LI><a href="#[ea]">&gt;&gt;</a>&nbsp;&nbsp;&nbsp;set_adv_mode_fast
<LI><a href="#[89]">&gt;&gt;</a>&nbsp;&nbsp;&nbsp;ble_advertising_init
</UL>

<P><STRONG><a name="[89]"></a>ble_advertising_init</STRONG> (Thumb, 328 bytes, Stack size 40 bytes, ble_advertising.o(i.ble_advertising_init))
<BR><BR>[Stack]<UL><LI>Max Depth = 280<LI>Call Chain = ble_advertising_init &rArr; ble_advdata_set &rArr; adv_data_encode &rArr; uuid_list_encode &rArr; uuid_list_sized_encode
</UL>
<BR>[Calls]<UL><LI><a href="#[e4]">&gt;&gt;</a>&nbsp;&nbsp;&nbsp;ble_advdata_set
<LI><a href="#[88]">&gt;&gt;</a>&nbsp;&nbsp;&nbsp;__aeabi_memclr4
<LI><a href="#[cb]">&gt;&gt;</a>&nbsp;&nbsp;&nbsp;__aeabi_memcpy4
</UL>
<BR>[Called By]<UL><LI><a href="#[87]">&gt;&gt;</a>&nbsp;&nbsp;&nbsp;advertising_init
</UL>

<P><STRONG><a name="[e5]"></a>ble_advertising_on_ble_evt</STRONG> (Thumb, 82 bytes, Stack size 8 bytes, ble_advertising.o(i.ble_advertising_on_ble_evt))
<BR><BR>[Stack]<UL><LI>Max Depth = 320<LI>Call Chain = ble_advertising_on_ble_evt &rArr; ble_advertising_start &rArr; set_adv_mode_slow &rArr; ble_advdata_set &rArr; adv_data_encode &rArr; uuid_list_encode &rArr; uuid_list_sized_encode
</UL>
<BR>[Calls]<UL><LI><a href="#[8b]">&gt;&gt;</a>&nbsp;&nbsp;&nbsp;ble_advertising_start
<LI><a href="#[4f]">&gt;&gt;</a>&nbsp;&nbsp;&nbsp;__aeabi_uidivmod
</UL>
<BR>[Called By]<UL><LI><a href="#[2c]">&gt;&gt;</a>&nbsp;&nbsp;&nbsp;ble_evt_dispatch
</UL>

<P><STRONG><a name="[e6]"></a>ble_advertising_on_sys_evt</STRONG> (Thumb, 42 bytes, Stack size 8 bytes, ble_advertising.o(i.ble_advertising_on_sys_evt))
<BR><BR>[Stack]<UL><LI>Max Depth = 320<LI>Call Chain = ble_advertising_on_sys_evt &rArr; ble_advertising_start &rArr; set_adv_mode_slow &rArr; ble_advdata_set &rArr; adv_data_encode &rArr; uuid_list_encode &rArr; uuid_list_sized_encode
</UL>
<BR>[Calls]<UL><LI><a href="#[8b]">&gt;&gt;</a>&nbsp;&nbsp;&nbsp;ble_advertising_start
</UL>
<BR>[Called By]<UL><LI><a href="#[2d]">&gt;&gt;</a>&nbsp;&nbsp;&nbsp;sys_evt_dispatch
</UL>

<P><STRONG><a name="[8b]"></a>ble_advertising_start</STRONG> (Thumb, 256 bytes, Stack size 56 bytes, ble_advertising.o(i.ble_advertising_start))
<BR><BR>[Stack]<UL><LI>Max Depth = 312<LI>Call Chain = ble_advertising_start &rArr; set_adv_mode_slow &rArr; ble_advdata_set &rArr; adv_data_encode &rArr; uuid_list_encode &rArr; uuid_list_sized_encode
</UL>
<BR>[Calls]<UL><LI><a href="#[e7]">&gt;&gt;</a>&nbsp;&nbsp;&nbsp;fs_queued_op_count_get
<LI><a href="#[eb]">&gt;&gt;</a>&nbsp;&nbsp;&nbsp;set_adv_mode_slow
<LI><a href="#[ea]">&gt;&gt;</a>&nbsp;&nbsp;&nbsp;set_adv_mode_fast
<LI><a href="#[e8]">&gt;&gt;</a>&nbsp;&nbsp;&nbsp;adv_mode_next_avail_get
<LI><a href="#[e9]">&gt;&gt;</a>&nbsp;&nbsp;&nbsp;__ARM_common_switch8
<LI><a href="#[88]">&gt;&gt;</a>&nbsp;&nbsp;&nbsp;__aeabi_memclr4
</UL>
<BR>[Called By]<UL><LI><a href="#[e6]">&gt;&gt;</a>&nbsp;&nbsp;&nbsp;ble_advertising_on_sys_evt
<LI><a href="#[e5]">&gt;&gt;</a>&nbsp;&nbsp;&nbsp;ble_advertising_on_ble_evt
<LI><a href="#[8a]">&gt;&gt;</a>&nbsp;&nbsp;&nbsp;advertising_start
</UL>

<P><STRONG><a name="[7c]"></a>ble_bas_battery_level_update</STRONG> (Thumb, 112 bytes, Stack size 48 bytes, ble_bas.o(i.ble_bas_battery_level_update))
<BR><BR>[Stack]<UL><LI>Max Depth = 48<LI>Call Chain = ble_bas_battery_level_update
</UL>
<BR>[Called By]<UL><LI><a href="#[25]">&gt;&gt;</a>&nbsp;&nbsp;&nbsp;adc_event_handler
</UL>

<P><STRONG><a name="[e0]"></a>ble_bas_init</STRONG> (Thumb, 66 bytes, Stack size 16 bytes, ble_bas.o(i.ble_bas_init))
<BR><BR>[Stack]<UL><LI>Max Depth = 112<LI>Call Chain = ble_bas_init &rArr; battery_level_char_add
</UL>
<BR>[Calls]<UL><LI><a href="#[e1]">&gt;&gt;</a>&nbsp;&nbsp;&nbsp;battery_level_char_add
</UL>
<BR>[Called By]<UL><LI><a href="#[df]">&gt;&gt;</a>&nbsp;&nbsp;&nbsp;bas_init
</UL>

<P><STRONG><a name="[ec]"></a>ble_bas_on_ble_evt</STRONG> (Thumb, 96 bytes, Stack size 16 bytes, ble_bas.o(i.ble_bas_on_ble_evt))
<BR><BR>[Stack]<UL><LI>Max Depth = 16<LI>Call Chain = ble_bas_on_ble_evt
</UL>
<BR>[Calls]<UL><LI><a href="#[ed]">&gt;&gt;</a>&nbsp;&nbsp;&nbsp;ble_srv_is_notification_enabled
</UL>
<BR>[Called By]<UL><LI><a href="#[2c]">&gt;&gt;</a>&nbsp;&nbsp;&nbsp;ble_evt_dispatch
</UL>

<P><STRONG><a name="[ee]"></a>ble_conn_params_init</STRONG> (Thumb, 68 bytes, Stack size 16 bytes, ble_conn_params.o(i.ble_conn_params_init))
<BR><BR>[Stack]<UL><LI>Max Depth = 16<LI>Call Chain = ble_conn_params_init
</UL>
<BR>[Calls]<UL><LI><a href="#[ef]">&gt;&gt;</a>&nbsp;&nbsp;&nbsp;app_timer_create
<LI><a href="#[cb]">&gt;&gt;</a>&nbsp;&nbsp;&nbsp;__aeabi_memcpy4
<LI><a href="#[76]">&gt;&gt;</a>&nbsp;&nbsp;&nbsp;__aeabi_memcpy
</UL>
<BR>[Called By]<UL><LI><a href="#[22]">&gt;&gt;</a>&nbsp;&nbsp;&nbsp;main
</UL>

<P><STRONG><a name="[f0]"></a>ble_conn_params_on_ble_evt</STRONG> (Thumb, 130 bytes, Stack size 24 bytes, ble_conn_params.o(i.ble_conn_params_on_ble_evt))
<BR><BR>[Stack]<UL><LI>Max Depth = 92<LI>Call Chain = ble_conn_params_on_ble_evt &rArr; conn_params_negotiation &rArr; app_timer_start &rArr; app_util_critical_region_enter
</UL>
<BR>[Calls]<UL><LI><a href="#[ed]">&gt;&gt;</a>&nbsp;&nbsp;&nbsp;ble_srv_is_notification_enabled
<LI><a href="#[f1]">&gt;&gt;</a>&nbsp;&nbsp;&nbsp;conn_params_negotiation
<LI><a href="#[c5]">&gt;&gt;</a>&nbsp;&nbsp;&nbsp;app_timer_stop
<LI><a href="#[76]">&gt;&gt;</a>&nbsp;&nbsp;&nbsp;__aeabi_memcpy
</UL>
<BR>[Called By]<UL><LI><a href="#[2c]">&gt;&gt;</a>&nbsp;&nbsp;&nbsp;ble_evt_dispatch
</UL>

<P><STRONG><a name="[f2]"></a>ble_conn_state_conn_handles</STRONG> (Thumb, 14 bytes, Stack size 8 bytes, ble_conn_state.o(i.ble_conn_state_conn_handles))
<BR><BR>[Stack]<UL><LI>Max Depth = 48<LI>Call Chain = ble_conn_state_conn_handles &rArr; sdk_mapped_flags_key_list_get
</UL>
<BR>[Calls]<UL><LI><a href="#[f3]">&gt;&gt;</a>&nbsp;&nbsp;&nbsp;sdk_mapped_flags_key_list_get
</UL>
<BR>[Called By]<UL><LI><a href="#[177]">&gt;&gt;</a>&nbsp;&nbsp;&nbsp;gcm_local_database_has_changed
<LI><a href="#[16e]">&gt;&gt;</a>&nbsp;&nbsp;&nbsp;gcm_ble_evt_handler
<LI><a href="#[173]">&gt;&gt;</a>&nbsp;&nbsp;&nbsp;service_changed_pending_flags_check
<LI><a href="#[1e7]">&gt;&gt;</a>&nbsp;&nbsp;&nbsp;params_reply_pending_process
<LI><a href="#[1a6]">&gt;&gt;</a>&nbsp;&nbsp;&nbsp;link_secure_pending_process
</UL>

<P><STRONG><a name="[f4]"></a>ble_conn_state_encrypted</STRONG> (Thumb, 16 bytes, Stack size 8 bytes, ble_conn_state.o(i.ble_conn_state_encrypted))
<BR><BR>[Stack]<UL><LI>Max Depth = 32<LI>Call Chain = ble_conn_state_encrypted &rArr; sdk_mapped_flags_get_by_key
</UL>
<BR>[Calls]<UL><LI><a href="#[f5]">&gt;&gt;</a>&nbsp;&nbsp;&nbsp;sdk_mapped_flags_get_by_key
</UL>
<BR>[Called By]<UL><LI><a href="#[22b]">&gt;&gt;</a>&nbsp;&nbsp;&nbsp;smd_ble_evt_handler
</UL>

<P><STRONG><a name="[f6]"></a>ble_conn_state_mitm_protected</STRONG> (Thumb, 16 bytes, Stack size 8 bytes, ble_conn_state.o(i.ble_conn_state_mitm_protected))
<BR><BR>[Stack]<UL><LI>Max Depth = 32<LI>Call Chain = ble_conn_state_mitm_protected &rArr; sdk_mapped_flags_get_by_key
</UL>
<BR>[Calls]<UL><LI><a href="#[f5]">&gt;&gt;</a>&nbsp;&nbsp;&nbsp;sdk_mapped_flags_get_by_key
</UL>
<BR>[Called By]<UL><LI><a href="#[22b]">&gt;&gt;</a>&nbsp;&nbsp;&nbsp;smd_ble_evt_handler
</UL>

<P><STRONG><a name="[f7]"></a>ble_conn_state_on_ble_evt</STRONG> (Thumb, 240 bytes, Stack size 80 bytes, ble_conn_state.o(i.ble_conn_state_on_ble_evt))
<BR><BR>[Stack]<UL><LI>Max Depth = 140<LI>Call Chain = ble_conn_state_on_ble_evt &rArr; sdk_mapped_flags_update_by_key &rArr; sdk_mapped_flags_bulk_update_by_key
</UL>
<BR>[Calls]<UL><LI><a href="#[fa]">&gt;&gt;</a>&nbsp;&nbsp;&nbsp;sdk_mapped_flags_update_by_key
<LI><a href="#[f3]">&gt;&gt;</a>&nbsp;&nbsp;&nbsp;sdk_mapped_flags_key_list_get
<LI><a href="#[f9]">&gt;&gt;</a>&nbsp;&nbsp;&nbsp;sdk_mapped_flags_first_key_index_get
<LI><a href="#[f8]">&gt;&gt;</a>&nbsp;&nbsp;&nbsp;sdk_mapped_flags_bulk_update_by_key
<LI><a href="#[5b]">&gt;&gt;</a>&nbsp;&nbsp;&nbsp;app_error_handler
<LI><a href="#[cb]">&gt;&gt;</a>&nbsp;&nbsp;&nbsp;__aeabi_memcpy4
</UL>
<BR>[Called By]<UL><LI><a href="#[2c]">&gt;&gt;</a>&nbsp;&nbsp;&nbsp;ble_evt_dispatch
</UL>

<P><STRONG><a name="[d8]"></a>ble_conn_state_role</STRONG> (Thumb, 46 bytes, Stack size 16 bytes, ble_conn_state.o(i.ble_conn_state_role))
<BR><BR>[Stack]<UL><LI>Max Depth = 40<LI>Call Chain = ble_conn_state_role &rArr; sdk_mapped_flags_get_by_key
</UL>
<BR>[Calls]<UL><LI><a href="#[f5]">&gt;&gt;</a>&nbsp;&nbsp;&nbsp;sdk_mapped_flags_get_by_key
</UL>
<BR>[Called By]<UL><LI><a href="#[37]">&gt;&gt;</a>&nbsp;&nbsp;&nbsp;pm_evt_handler
<LI><a href="#[1e8]">&gt;&gt;</a>&nbsp;&nbsp;&nbsp;smd_params_reply_perform
<LI><a href="#[22d]">&gt;&gt;</a>&nbsp;&nbsp;&nbsp;smd_params_reply
<LI><a href="#[19c]">&gt;&gt;</a>&nbsp;&nbsp;&nbsp;smd_link_secure
<LI><a href="#[d7]">&gt;&gt;</a>&nbsp;&nbsp;&nbsp;auth_status_success_process
</UL>

<P><STRONG><a name="[fb]"></a>ble_conn_state_user_flag_acquire</STRONG> (Thumb, 42 bytes, Stack size 8 bytes, ble_conn_state.o(i.ble_conn_state_user_flag_acquire))
<BR><BR>[Stack]<UL><LI>Max Depth = 8<LI>Call Chain = ble_conn_state_user_flag_acquire
</UL>
<BR>[Calls]<UL><LI><a href="#[fc]">&gt;&gt;</a>&nbsp;&nbsp;&nbsp;user_flag_is_acquired
</UL>
<BR>[Called By]<UL><LI><a href="#[176]">&gt;&gt;</a>&nbsp;&nbsp;&nbsp;gcm_init
<LI><a href="#[20f]">&gt;&gt;</a>&nbsp;&nbsp;&nbsp;pm_init
<LI><a href="#[18b]">&gt;&gt;</a>&nbsp;&nbsp;&nbsp;im_init
<LI><a href="#[157]">&gt;&gt;</a>&nbsp;&nbsp;&nbsp;flag_id_init
<LI><a href="#[156]">&gt;&gt;</a>&nbsp;&nbsp;&nbsp;flag_id_init
</UL>

<P><STRONG><a name="[fd]"></a>ble_conn_state_user_flag_collection</STRONG> (Thumb, 20 bytes, Stack size 8 bytes, ble_conn_state.o(i.ble_conn_state_user_flag_collection))
<BR><BR>[Stack]<UL><LI>Max Depth = 8<LI>Call Chain = ble_conn_state_user_flag_collection
</UL>
<BR>[Calls]<UL><LI><a href="#[fc]">&gt;&gt;</a>&nbsp;&nbsp;&nbsp;user_flag_is_acquired
</UL>
<BR>[Called By]<UL><LI><a href="#[16e]">&gt;&gt;</a>&nbsp;&nbsp;&nbsp;gcm_ble_evt_handler
<LI><a href="#[173]">&gt;&gt;</a>&nbsp;&nbsp;&nbsp;service_changed_pending_flags_check
<LI><a href="#[1e7]">&gt;&gt;</a>&nbsp;&nbsp;&nbsp;params_reply_pending_process
<LI><a href="#[1a6]">&gt;&gt;</a>&nbsp;&nbsp;&nbsp;link_secure_pending_process
</UL>

<P><STRONG><a name="[dd]"></a>ble_conn_state_user_flag_get</STRONG> (Thumb, 32 bytes, Stack size 16 bytes, ble_conn_state.o(i.ble_conn_state_user_flag_get))
<BR><BR>[Stack]<UL><LI>Max Depth = 40<LI>Call Chain = ble_conn_state_user_flag_get &rArr; sdk_mapped_flags_get_by_key
</UL>
<BR>[Calls]<UL><LI><a href="#[f5]">&gt;&gt;</a>&nbsp;&nbsp;&nbsp;sdk_mapped_flags_get_by_key
<LI><a href="#[fc]">&gt;&gt;</a>&nbsp;&nbsp;&nbsp;user_flag_is_acquired
</UL>
<BR>[Called By]<UL><LI><a href="#[16e]">&gt;&gt;</a>&nbsp;&nbsp;&nbsp;gcm_ble_evt_handler
<LI><a href="#[173]">&gt;&gt;</a>&nbsp;&nbsp;&nbsp;service_changed_pending_flags_check
<LI><a href="#[17a]">&gt;&gt;</a>&nbsp;&nbsp;&nbsp;get_free_connection
<LI><a href="#[179]">&gt;&gt;</a>&nbsp;&nbsp;&nbsp;get_connection_by_conn_handle
<LI><a href="#[1e8]">&gt;&gt;</a>&nbsp;&nbsp;&nbsp;smd_params_reply_perform
<LI><a href="#[1e7]">&gt;&gt;</a>&nbsp;&nbsp;&nbsp;params_reply_pending_process
<LI><a href="#[1a6]">&gt;&gt;</a>&nbsp;&nbsp;&nbsp;link_secure_pending_process
<LI><a href="#[22b]">&gt;&gt;</a>&nbsp;&nbsp;&nbsp;smd_ble_evt_handler
<LI><a href="#[1a5]">&gt;&gt;</a>&nbsp;&nbsp;&nbsp;pairing_failure
<LI><a href="#[1a4]">&gt;&gt;</a>&nbsp;&nbsp;&nbsp;link_secure_failure
<LI><a href="#[d7]">&gt;&gt;</a>&nbsp;&nbsp;&nbsp;auth_status_success_process
<LI><a href="#[4b]">&gt;&gt;</a>&nbsp;&nbsp;&nbsp;pm_sm_evt_handler
</UL>

<P><STRONG><a name="[da]"></a>ble_conn_state_user_flag_set</STRONG> (Thumb, 36 bytes, Stack size 16 bytes, ble_conn_state.o(i.ble_conn_state_user_flag_set))
<BR><BR>[Stack]<UL><LI>Max Depth = 76<LI>Call Chain = ble_conn_state_user_flag_set &rArr; sdk_mapped_flags_update_by_key &rArr; sdk_mapped_flags_bulk_update_by_key
</UL>
<BR>[Calls]<UL><LI><a href="#[fa]">&gt;&gt;</a>&nbsp;&nbsp;&nbsp;sdk_mapped_flags_update_by_key
<LI><a href="#[fc]">&gt;&gt;</a>&nbsp;&nbsp;&nbsp;user_flag_is_acquired
</UL>
<BR>[Called By]<UL><LI><a href="#[177]">&gt;&gt;</a>&nbsp;&nbsp;&nbsp;gcm_local_database_has_changed
<LI><a href="#[42]">&gt;&gt;</a>&nbsp;&nbsp;&nbsp;gcm_im_evt_handler
<LI><a href="#[1]">&gt;&gt;</a>&nbsp;&nbsp;&nbsp;gcm_gscm_evt_handler
<LI><a href="#[16e]">&gt;&gt;</a>&nbsp;&nbsp;&nbsp;gcm_ble_evt_handler
<LI><a href="#[228]">&gt;&gt;</a>&nbsp;&nbsp;&nbsp;service_changed_send_in_evt
<LI><a href="#[172]">&gt;&gt;</a>&nbsp;&nbsp;&nbsp;local_db_update_in_evt
<LI><a href="#[16f]">&gt;&gt;</a>&nbsp;&nbsp;&nbsp;local_db_apply_in_evt
<LI><a href="#[41]">&gt;&gt;</a>&nbsp;&nbsp;&nbsp;pm_im_evt_handler
<LI><a href="#[188]">&gt;&gt;</a>&nbsp;&nbsp;&nbsp;new_connection
<LI><a href="#[1e8]">&gt;&gt;</a>&nbsp;&nbsp;&nbsp;smd_params_reply_perform
<LI><a href="#[19b]">&gt;&gt;</a>&nbsp;&nbsp;&nbsp;link_secure
<LI><a href="#[158]">&gt;&gt;</a>&nbsp;&nbsp;&nbsp;flags_set_from_err_code
<LI><a href="#[22b]">&gt;&gt;</a>&nbsp;&nbsp;&nbsp;smd_ble_evt_handler
<LI><a href="#[1a0]">&gt;&gt;</a>&nbsp;&nbsp;&nbsp;sec_proc_start
<LI><a href="#[1a5]">&gt;&gt;</a>&nbsp;&nbsp;&nbsp;pairing_failure
<LI><a href="#[134]">&gt;&gt;</a>&nbsp;&nbsp;&nbsp;encryption_failure
<LI><a href="#[d7]">&gt;&gt;</a>&nbsp;&nbsp;&nbsp;auth_status_success_process
<LI><a href="#[215]">&gt;&gt;</a>&nbsp;&nbsp;&nbsp;sm_conn_sec_config_reply
<LI><a href="#[4b]">&gt;&gt;</a>&nbsp;&nbsp;&nbsp;pm_sm_evt_handler
</UL>

<P><STRONG><a name="[fe]"></a>ble_db_discovery_evt_register</STRONG> (Thumb, 66 bytes, Stack size 16 bytes, ble_db_discovery.o(i.ble_db_discovery_evt_register))
<BR><BR>[Stack]<UL><LI>Max Depth = 36<LI>Call Chain = ble_db_discovery_evt_register &rArr; registered_handler_get
</UL>
<BR>[Calls]<UL><LI><a href="#[ff]">&gt;&gt;</a>&nbsp;&nbsp;&nbsp;registered_handler_get
</UL>
<BR>[Called By]<UL><LI><a href="#[10d]">&gt;&gt;</a>&nbsp;&nbsp;&nbsp;ble_ias_c_init
</UL>

<P><STRONG><a name="[1b0]"></a>ble_db_discovery_init</STRONG> (Thumb, 26 bytes, Stack size 0 bytes, ble_db_discovery.o(i.ble_db_discovery_init))
<BR><BR>[Called By]<UL><LI><a href="#[22]">&gt;&gt;</a>&nbsp;&nbsp;&nbsp;main
</UL>

<P><STRONG><a name="[100]"></a>ble_db_discovery_on_ble_evt</STRONG> (Thumb, 80 bytes, Stack size 8 bytes, ble_db_discovery.o(i.ble_db_discovery_on_ble_evt))
<BR><BR>[Stack]<UL><LI>Max Depth = 236<LI>Call Chain = ble_db_discovery_on_ble_evt &rArr; on_characteristic_discovery_rsp &rArr; on_srv_disc_completion &rArr; discovery_error_evt_trigger &rArr; registered_handler_get
</UL>
<BR>[Calls]<UL><LI><a href="#[102]">&gt;&gt;</a>&nbsp;&nbsp;&nbsp;on_primary_srv_discovery_rsp
<LI><a href="#[101]">&gt;&gt;</a>&nbsp;&nbsp;&nbsp;on_descriptor_discovery_rsp
<LI><a href="#[103]">&gt;&gt;</a>&nbsp;&nbsp;&nbsp;on_characteristic_discovery_rsp
</UL>
<BR>[Called By]<UL><LI><a href="#[2c]">&gt;&gt;</a>&nbsp;&nbsp;&nbsp;ble_evt_dispatch
</UL>

<P><STRONG><a name="[104]"></a>ble_db_discovery_start</STRONG> (Thumb, 102 bytes, Stack size 16 bytes, ble_db_discovery.o(i.ble_db_discovery_start))
<BR><BR>[Stack]<UL><LI>Max Depth = 48<LI>Call Chain = ble_db_discovery_start &rArr; nrf_log_frontend_std_2 &rArr; nrf_log_direct_feed
</UL>
<BR>[Calls]<UL><LI><a href="#[105]">&gt;&gt;</a>&nbsp;&nbsp;&nbsp;nrf_log_frontend_std_2
</UL>
<BR>[Called By]<UL><LI><a href="#[10c]">&gt;&gt;</a>&nbsp;&nbsp;&nbsp;on_ble_evt
</UL>

<P><STRONG><a name="[1e3]"></a>ble_ias_c_handles_assign</STRONG> (Thumb, 16 bytes, Stack size 0 bytes, ble_ias_c.o(i.ble_ias_c_handles_assign))
<BR><BR>[Called By]<UL><LI><a href="#[3b]">&gt;&gt;</a>&nbsp;&nbsp;&nbsp;on_ias_c_evt
</UL>

<P><STRONG><a name="[10d]"></a>ble_ias_c_init</STRONG> (Thumb, 58 bytes, Stack size 8 bytes, ble_ias_c.o(i.ble_ias_c_init))
<BR><BR>[Stack]<UL><LI>Max Depth = 44<LI>Call Chain = ble_ias_c_init &rArr; ble_db_discovery_evt_register &rArr; registered_handler_get
</UL>
<BR>[Calls]<UL><LI><a href="#[fe]">&gt;&gt;</a>&nbsp;&nbsp;&nbsp;ble_db_discovery_evt_register
</UL>
<BR>[Called By]<UL><LI><a href="#[1b1]">&gt;&gt;</a>&nbsp;&nbsp;&nbsp;services_init
</UL>

<P><STRONG><a name="[109]"></a>ble_ias_c_on_ble_evt</STRONG> (Thumb, 44 bytes, Stack size 24 bytes, ble_ias_c.o(i.ble_ias_c_on_ble_evt))
<BR><BR>[Stack]<UL><LI>Max Depth = 24<LI>Call Chain = ble_ias_c_on_ble_evt
</UL>
<BR>[Calls]<UL><LI><a href="#[10e]">&gt;&gt;</a>&nbsp;&nbsp;&nbsp;ble_ias_c_is_discovered
</UL>
<BR>[Called By]<UL><LI><a href="#[2c]">&gt;&gt;</a>&nbsp;&nbsp;&nbsp;ble_evt_dispatch
</UL>

<P><STRONG><a name="[10f]"></a>ble_ias_c_on_db_disc_evt</STRONG> (Thumb, 116 bytes, Stack size 48 bytes, ble_ias_c.o(i.ble_ias_c_on_db_disc_evt))
<BR><BR>[Stack]<UL><LI>Max Depth = 48<LI>Call Chain = ble_ias_c_on_db_disc_evt
</UL>
<BR>[Calls]<UL><LI><a href="#[76]">&gt;&gt;</a>&nbsp;&nbsp;&nbsp;__aeabi_memcpy
</UL>
<BR>[Called By]<UL><LI><a href="#[31]">&gt;&gt;</a>&nbsp;&nbsp;&nbsp;db_disc_handler
</UL>

<P><STRONG><a name="[110]"></a>ble_ias_init</STRONG> (Thumb, 46 bytes, Stack size 16 bytes, ble_ias.o(i.ble_ias_init))
<BR><BR>[Stack]<UL><LI>Max Depth = 96<LI>Call Chain = ble_ias_init &rArr; alert_level_char_add
</UL>
<BR>[Calls]<UL><LI><a href="#[8d]">&gt;&gt;</a>&nbsp;&nbsp;&nbsp;alert_level_char_add
</UL>
<BR>[Called By]<UL><LI><a href="#[1b1]">&gt;&gt;</a>&nbsp;&nbsp;&nbsp;services_init
</UL>

<P><STRONG><a name="[107]"></a>ble_ias_on_ble_evt</STRONG> (Thumb, 52 bytes, Stack size 8 bytes, ble_ias.o(i.ble_ias_on_ble_evt))
<BR><BR>[Stack]<UL><LI>Max Depth = 8<LI>Call Chain = ble_ias_on_ble_evt
</UL>
<BR>[Called By]<UL><LI><a href="#[2c]">&gt;&gt;</a>&nbsp;&nbsp;&nbsp;ble_evt_dispatch
</UL>

<P><STRONG><a name="[112]"></a>ble_lls_alert_level_get</STRONG> (Thumb, 26 bytes, Stack size 16 bytes, ble_lls.o(i.ble_lls_alert_level_get))
<BR><BR>[Stack]<UL><LI>Max Depth = 16<LI>Call Chain = ble_lls_alert_level_get
</UL>
<BR>[Called By]<UL><LI><a href="#[108]">&gt;&gt;</a>&nbsp;&nbsp;&nbsp;ble_lls_on_ble_evt
</UL>

<P><STRONG><a name="[111]"></a>ble_lls_init</STRONG> (Thumb, 56 bytes, Stack size 16 bytes, ble_lls.o(i.ble_lls_init))
<BR><BR>[Stack]<UL><LI>Max Depth = 96<LI>Call Chain = ble_lls_init &rArr; alert_level_char_add
</UL>
<BR>[Calls]<UL><LI><a href="#[8e]">&gt;&gt;</a>&nbsp;&nbsp;&nbsp;alert_level_char_add
</UL>
<BR>[Called By]<UL><LI><a href="#[1a9]">&gt;&gt;</a>&nbsp;&nbsp;&nbsp;lls_init
</UL>

<P><STRONG><a name="[108]"></a>ble_lls_on_ble_evt</STRONG> (Thumb, 84 bytes, Stack size 16 bytes, ble_lls.o(i.ble_lls_on_ble_evt))
<BR><BR>[Stack]<UL><LI>Max Depth = 32<LI>Call Chain = ble_lls_on_ble_evt &rArr; ble_lls_alert_level_get
</UL>
<BR>[Calls]<UL><LI><a href="#[112]">&gt;&gt;</a>&nbsp;&nbsp;&nbsp;ble_lls_alert_level_get
</UL>
<BR>[Called By]<UL><LI><a href="#[2c]">&gt;&gt;</a>&nbsp;&nbsp;&nbsp;ble_evt_dispatch
</UL>

<P><STRONG><a name="[113]"></a>ble_nus_init</STRONG> (Thumb, 98 bytes, Stack size 32 bytes, ble_nus.o(i.ble_nus_init))
<BR><BR>[Stack]<UL><LI>Max Depth = 112<LI>Call Chain = ble_nus_init &rArr; rx_char_add
</UL>
<BR>[Calls]<UL><LI><a href="#[115]">&gt;&gt;</a>&nbsp;&nbsp;&nbsp;tx_char_add
<LI><a href="#[114]">&gt;&gt;</a>&nbsp;&nbsp;&nbsp;rx_char_add
</UL>
<BR>[Called By]<UL><LI><a href="#[1b1]">&gt;&gt;</a>&nbsp;&nbsp;&nbsp;services_init
</UL>

<P><STRONG><a name="[10b]"></a>ble_nus_on_ble_evt</STRONG> (Thumb, 92 bytes, Stack size 8 bytes, ble_nus.o(i.ble_nus_on_ble_evt))
<BR><BR>[Stack]<UL><LI>Max Depth = 8<LI>Call Chain = ble_nus_on_ble_evt
</UL>
<BR>[Calls]<UL><LI><a href="#[ed]">&gt;&gt;</a>&nbsp;&nbsp;&nbsp;ble_srv_is_notification_enabled
</UL>
<BR>[Called By]<UL><LI><a href="#[2c]">&gt;&gt;</a>&nbsp;&nbsp;&nbsp;ble_evt_dispatch
</UL>

<P><STRONG><a name="[125]"></a>ble_nus_string_send</STRONG> (Thumb, 78 bytes, Stack size 32 bytes, ble_nus.o(i.ble_nus_string_send))
<BR><BR>[Stack]<UL><LI>Max Depth = 32<LI>Call Chain = ble_nus_string_send
</UL>
<BR>[Called By]<UL><LI><a href="#[124]">&gt;&gt;</a>&nbsp;&nbsp;&nbsp;connect
<LI><a href="#[30]">&gt;&gt;</a>&nbsp;&nbsp;&nbsp;uart_event_handle
<LI><a href="#[3e]">&gt;&gt;</a>&nbsp;&nbsp;&nbsp;timer_motor_stop_event_handler
</UL>

<P><STRONG><a name="[ed]"></a>ble_srv_is_notification_enabled</STRONG> (Thumb, 14 bytes, Stack size 0 bytes, ble_srv_common.o(i.ble_srv_is_notification_enabled))
<BR><BR>[Called By]<UL><LI><a href="#[10b]">&gt;&gt;</a>&nbsp;&nbsp;&nbsp;ble_nus_on_ble_evt
<LI><a href="#[f0]">&gt;&gt;</a>&nbsp;&nbsp;&nbsp;ble_conn_params_on_ble_evt
<LI><a href="#[ec]">&gt;&gt;</a>&nbsp;&nbsp;&nbsp;ble_bas_on_ble_evt
</UL>

<P><STRONG><a name="[e2]"></a>ble_srv_report_ref_encode</STRONG> (Thumb, 12 bytes, Stack size 0 bytes, ble_srv_common.o(i.ble_srv_report_ref_encode))
<BR><BR>[Called By]<UL><LI><a href="#[e1]">&gt;&gt;</a>&nbsp;&nbsp;&nbsp;battery_level_char_add
</UL>

<P><STRONG><a name="[11c]"></a>ble_tps_init</STRONG> (Thumb, 38 bytes, Stack size 16 bytes, ble_tps.o(i.ble_tps_init))
<BR><BR>[Stack]<UL><LI>Max Depth = 96<LI>Call Chain = ble_tps_init &rArr; tx_power_level_char_add
</UL>
<BR>[Calls]<UL><LI><a href="#[11d]">&gt;&gt;</a>&nbsp;&nbsp;&nbsp;tx_power_level_char_add
</UL>
<BR>[Called By]<UL><LI><a href="#[1b1]">&gt;&gt;</a>&nbsp;&nbsp;&nbsp;services_init
</UL>

<P><STRONG><a name="[10a]"></a>ble_tps_on_ble_evt</STRONG> (Thumb, 12 bytes, Stack size 0 bytes, ble_tps.o(i.ble_tps_on_ble_evt))
<BR><BR>[Called By]<UL><LI><a href="#[2c]">&gt;&gt;</a>&nbsp;&nbsp;&nbsp;ble_evt_dispatch
</UL>

<P><STRONG><a name="[1e4]"></a>chunk_queue_next</STRONG> (Thumb, 20 bytes, Stack size 0 bytes, fds.o(i.chunk_queue_next))
<BR><BR>[Called By]<UL><LI><a href="#[140]">&gt;&gt;</a>&nbsp;&nbsp;&nbsp;op_enqueue
</UL>

<P><STRONG><a name="[124]"></a>connect</STRONG> (Thumb, 28 bytes, Stack size 8 bytes, main.o(i.connect))
<BR><BR>[Stack]<UL><LI>Max Depth = 40<LI>Call Chain = connect &rArr; ble_nus_string_send
</UL>
<BR>[Calls]<UL><LI><a href="#[90]">&gt;&gt;</a>&nbsp;&nbsp;&nbsp;nrf_log_frontend_std_1
<LI><a href="#[125]">&gt;&gt;</a>&nbsp;&nbsp;&nbsp;ble_nus_string_send
</UL>
<BR>[Called By]<UL><LI><a href="#[30]">&gt;&gt;</a>&nbsp;&nbsp;&nbsp;uart_event_handle
<LI><a href="#[3a]">&gt;&gt;</a>&nbsp;&nbsp;&nbsp;nus_data_handler
</UL>

<P><STRONG><a name="[12c]"></a>disconnect</STRONG> (Thumb, 38 bytes, Stack size 8 bytes, main.o(i.disconnect))
<BR><BR>[Stack]<UL><LI>Max Depth = 64<LI>Call Chain = disconnect &rArr; app_error_handler &rArr; app_error_fault_handler &rArr; nrf_log_frontend_std_0 &rArr; nrf_log_direct_feed
</UL>
<BR>[Calls]<UL><LI><a href="#[90]">&gt;&gt;</a>&nbsp;&nbsp;&nbsp;nrf_log_frontend_std_1
<LI><a href="#[5b]">&gt;&gt;</a>&nbsp;&nbsp;&nbsp;app_error_handler
</UL>
<BR>[Called By]<UL><LI><a href="#[30]">&gt;&gt;</a>&nbsp;&nbsp;&nbsp;uart_event_handle
<LI><a href="#[3a]">&gt;&gt;</a>&nbsp;&nbsp;&nbsp;nus_data_handler
</UL>

<P><STRONG><a name="[13f]"></a>fds_file_delete</STRONG> (Thumb, 66 bytes, Stack size 32 bytes, fds.o(i.fds_file_delete))
<BR><BR>[Stack]<UL><LI>Max Depth = 192<LI>Call Chain = fds_file_delete &rArr; queue_start &rArr; queue_process &rArr;  queue_process (Cycle)
</UL>
<BR>[Calls]<UL><LI><a href="#[141]">&gt;&gt;</a>&nbsp;&nbsp;&nbsp;queue_start
<LI><a href="#[140]">&gt;&gt;</a>&nbsp;&nbsp;&nbsp;op_enqueue
</UL>
<BR>[Called By]<UL><LI><a href="#[13c]">&gt;&gt;</a>&nbsp;&nbsp;&nbsp;peer_data_delete
</UL>

<P><STRONG><a name="[142]"></a>fds_gc</STRONG> (Thumb, 62 bytes, Stack size 32 bytes, fds.o(i.fds_gc))
<BR><BR>[Stack]<UL><LI>Max Depth = 192<LI>Call Chain = fds_gc &rArr; queue_start &rArr; queue_process &rArr;  queue_process (Cycle)
</UL>
<BR>[Calls]<UL><LI><a href="#[141]">&gt;&gt;</a>&nbsp;&nbsp;&nbsp;queue_start
<LI><a href="#[140]">&gt;&gt;</a>&nbsp;&nbsp;&nbsp;op_enqueue
</UL>
<BR>[Called By]<UL><LI><a href="#[37]">&gt;&gt;</a>&nbsp;&nbsp;&nbsp;pm_evt_handler
</UL>

<P><STRONG><a name="[143]"></a>fds_init</STRONG> (Thumb, 130 bytes, Stack size 56 bytes, fds.o(i.fds_init))
<BR><BR>[Stack]<UL><LI>Max Depth = 216<LI>Call Chain = fds_init &rArr; queue_start &rArr; queue_process &rArr;  queue_process (Cycle)
</UL>
<BR>[Calls]<UL><LI><a href="#[e9]">&gt;&gt;</a>&nbsp;&nbsp;&nbsp;__ARM_common_switch8
<LI><a href="#[146]">&gt;&gt;</a>&nbsp;&nbsp;&nbsp;fs_init
<LI><a href="#[141]">&gt;&gt;</a>&nbsp;&nbsp;&nbsp;queue_start
<LI><a href="#[147]">&gt;&gt;</a>&nbsp;&nbsp;&nbsp;pages_init
<LI><a href="#[140]">&gt;&gt;</a>&nbsp;&nbsp;&nbsp;op_enqueue
<LI><a href="#[145]">&gt;&gt;</a>&nbsp;&nbsp;&nbsp;flag_set
<LI><a href="#[148]">&gt;&gt;</a>&nbsp;&nbsp;&nbsp;flag_clear
<LI><a href="#[144]">&gt;&gt;</a>&nbsp;&nbsp;&nbsp;event_send
<LI><a href="#[88]">&gt;&gt;</a>&nbsp;&nbsp;&nbsp;__aeabi_memclr4
</UL>
<BR>[Called By]<UL><LI><a href="#[200]">&gt;&gt;</a>&nbsp;&nbsp;&nbsp;pds_init
</UL>

[...]
</UL>

<P><STRONG><a name="[15a]"></a>check_config</STRONG> (Thumb, 24 bytes, Stack size 0 bytes, fstorage.o(i.check_config))
<BR><BR>[Called By]<UL><LI><a href="#[15e]">&gt;&gt;</a>&nbsp;&nbsp;&nbsp;fs_store
<LI><a href="#[159]">&gt;&gt;</a>&nbsp;&nbsp;&nbsp;fs_erase
</UL>

<P><STRONG><a name="[160]"></a>on_operation_success</STRONG> (Thumb, 76 bytes, Stack size 8 bytes, fstorage.o(i.on_operation_success))
<BR><BR>[Stack]<UL><LI>Max Depth = 32<LI>Call Chain = on_operation_success &rArr; send_event
</UL>
<BR>[Calls]<UL><LI><a href="#[161]">&gt;&gt;</a>&nbsp;&nbsp;&nbsp;send_event
<LI><a href="#[162]">&gt;&gt;</a>&nbsp;&nbsp;&nbsp;queue_advance
</UL>
<BR>[Called By]<UL><LI><a href="#[15f]">&gt;&gt;</a>&nbsp;&nbsp;&nbsp;fs_sys_event_handler
</UL>

<P><STRONG><a name="[162]"></a>queue_advance</STRONG> (Thumb, 36 bytes, Stack size 0 bytes, fstorage.o(i.queue_advance))
<BR><BR>[Called By]<UL><LI><a href="#[15f]">&gt;&gt;</a>&nbsp;&nbsp;&nbsp;fs_sys_event_handler
<LI><a href="#[160]">&gt;&gt;</a>&nbsp;&nbsp;&nbsp;on_operation_success
</UL>

<P><STRONG><a name="[15b]"></a>queue_get_next_free</STRONG> (Thumb, 50 bytes, Stack size 16 bytes, fstorage.o(i.queue_get_next_free))
<BR><BR>[Stack]<UL><LI>Max Depth = 16<LI>Call Chain = queue_get_next_free
</UL>
<BR>[Calls]<UL><LI><a href="#[88]">&gt;&gt;</a>&nbsp;&nbsp;&nbsp;__aeabi_memclr4
</UL>
<BR>[Called By]<UL><LI><a href="#[15e]">&gt;&gt;</a>&nbsp;&nbsp;&nbsp;fs_store
<LI><a href="#[159]">&gt;&gt;</a>&nbsp;&nbsp;&nbsp;fs_erase
</UL>

<P><STRONG><a name="[163]"></a>queue_process</STRONG> (Thumb, 100 bytes, Stack size 8 bytes, fstorage.o(i.queue_process))
<BR><BR>[Stack]<UL><LI>Max Depth = 32<LI>Call Chain = queue_process &rArr; send_event
</UL>
<BR>[Calls]<UL><LI><a href="#[161]">&gt;&gt;</a>&nbsp;&nbsp;&nbsp;send_event
</UL>
<BR>[Called By]<UL><LI><a href="#[15f]">&gt;&gt;</a>&nbsp;&nbsp;&nbsp;fs_sys_event_handler
<LI><a href="#[15c]">&gt;&gt;</a>&nbsp;&nbsp;&nbsp;queue_start
</UL>

<P><STRONG><a name="[15c]"></a>queue_start</STRONG> (Thumb, 24 bytes, Stack size 8 bytes, fstorage.o(i.queue_start))
<BR><BR>[Stack]<UL><LI>Max Depth = 40<LI>Call Chain = queue_start &rArr; queue_process &rArr; send_event
</UL>
<BR>[Calls]<UL><LI><a href="#[163]">&gt;&gt;</a>&nbsp;&nbsp;&nbsp;queue_process
</UL>
<BR>[Called By]<UL><LI><a href="#[15e]">&gt;&gt;</a>&nbsp;&nbsp;&nbsp;fs_store
<LI><a href="#[159]">&gt;&gt;</a>&nbsp;&nbsp;&nbsp;fs_erase
</UL>

<P><STRONG><a name="[161]"></a>send_event</STRONG> (Thumb, 72 bytes, Stack size 24 bytes, fstorage.o(i.send_event))
<BR><BR>[Stack]<UL><LI>Max Depth = 24<LI>Call Chain = send_event
</UL>
<BR>[Called By]<UL><LI><a href="#[15f]">&gt;&gt;</a>&nbsp;&nbsp;&nbsp;fs_sys_event_handler
<LI><a href="#[163]">&gt;&gt;</a>&nbsp;&nbsp;&nbsp;queue_process
<LI><a href="#[160]">&gt;&gt;</a>&nbsp;&nbsp;&nbsp;on_operation_success
</UL>

<P><STRONG><a name="[226]"></a>sdk_mapped_flags_get_by_index</STRONG> (Thumb, 18 bytes, Stack size 0 bytes, sdk_mapped_flags.o(i.sdk_mapped_flags_get_by_index))
<BR><BR>[Called By]<UL><LI><a href="#[f3]">&gt;&gt;</a>&nbsp;&nbsp;&nbsp;sdk_mapped_flags_key_list_get
<LI><a href="#[f5]">&gt;&gt;</a>&nbsp;&nbsp;&nbsp;sdk_mapped_flags_get_by_key
<LI><a href="#[f9]">&gt;&gt;</a>&nbsp;&nbsp;&nbsp;sdk_mapped_flags_first_key_index_get
</UL>

<P><STRONG><a name="[a1]"></a>app_pwm_channel_init</STRONG> (Thumb, 212 bytes, Stack size 40 bytes, app_pwm.o(i.app_pwm_channel_init))
<BR><BR>[Stack]<UL><LI>Max Depth = 92<LI>Call Chain = app_pwm_channel_init &rArr; nrf_drv_gpiote_out_init &rArr; channel_port_alloc
</UL>
<BR>[Calls]<UL><LI><a href="#[a6]">&gt;&gt;</a>&nbsp;&nbsp;&nbsp;nrf_drv_ppi_channel_disable
<LI><a href="#[a9]">&gt;&gt;</a>&nbsp;&nbsp;&nbsp;nrf_drv_ppi_channel_assign
<LI><a href="#[a5]">&gt;&gt;</a>&nbsp;&nbsp;&nbsp;nrf_drv_ppi_channel_alloc
<LI><a href="#[a7]">&gt;&gt;</a>&nbsp;&nbsp;&nbsp;nrf_drv_gpiote_out_task_addr_get
<LI><a href="#[a2]">&gt;&gt;</a>&nbsp;&nbsp;&nbsp;nrf_drv_gpiote_out_init
<LI><a href="#[a4]">&gt;&gt;</a>&nbsp;&nbsp;&nbsp;nrf_gpio_pin_set
<LI><a href="#[a3]">&gt;&gt;</a>&nbsp;&nbsp;&nbsp;nrf_gpio_pin_clear
<LI><a href="#[a8]">&gt;&gt;</a>&nbsp;&nbsp;&nbsp;nrf_drv_timer_compare_event_address_get
</UL>
<BR>[Called By]<UL><LI><a href="#[b4]">&gt;&gt;</a>&nbsp;&nbsp;&nbsp;app_pwm_init
</UL>

<P><STRONG><a name="[99]"></a>nrf_drv_timer_capture_get</STRONG> (Thumb, 14 bytes, Stack size 0 bytes, app_pwm.o(i.nrf_drv_timer_capture_get))
<BR><BR>[Called By]<UL><LI><a href="#[98]">&gt;&gt;</a>&nbsp;&nbsp;&nbsp;app_pwm_busy_check
<LI><a href="#[9e]">&gt;&gt;</a>&nbsp;&nbsp;&nbsp;pwm_transition_n_to_0or100
<LI><a href="#[9d]">&gt;&gt;</a>&nbsp;&nbsp;&nbsp;pwm_transition_0or100_to_n
</UL>

<P><STRONG><a name="[220]"></a>nrf_drv_timer_capture_task_address_get</STRONG> (Thumb, 12 bytes, Stack size 0 bytes, app_pwm.o(i.nrf_drv_timer_capture_task_address_get))
<BR><BR>[Called By]<UL><LI><a href="#[9f]">&gt;&gt;</a>&nbsp;&nbsp;&nbsp;pwm_transition_n_to_m
<LI><a href="#[9e]">&gt;&gt;</a>&nbsp;&nbsp;&nbsp;pwm_transition_n_to_0or100
<LI><a href="#[9d]">&gt;&gt;</a>&nbsp;&nbsp;&nbsp;pwm_transition_0or100_to_n
</UL>

<P><STRONG><a name="[a8]"></a>nrf_drv_timer_compare_event_address_get</STRONG> (Thumb, 14 bytes, Stack size 0 bytes, app_pwm.o(i.nrf_drv_timer_compare_event_address_get))
<BR><BR>[Called By]<UL><LI><a href="#[9f]">&gt;&gt;</a>&nbsp;&nbsp;&nbsp;pwm_transition_n_to_m
<LI><a href="#[9e]">&gt;&gt;</a>&nbsp;&nbsp;&nbsp;pwm_transition_n_to_0or100
<LI><a href="#[9d]">&gt;&gt;</a>&nbsp;&nbsp;&nbsp;pwm_transition_0or100_to_n
<LI><a href="#[a1]">&gt;&gt;</a>&nbsp;&nbsp;&nbsp;app_pwm_channel_init
</UL>

<P><STRONG><a name="[a3]"></a>nrf_gpio_pin_clear</STRONG> (Thumb, 10 bytes, Stack size 0 bytes, app_pwm.o(i.nrf_gpio_pin_clear))
<BR><BR>[Called By]<UL><LI><a href="#[aa]">&gt;&gt;</a>&nbsp;&nbsp;&nbsp;app_pwm_disable
<LI><a href="#[a1]">&gt;&gt;</a>&nbsp;&nbsp;&nbsp;app_pwm_channel_init
</UL>

<P><STRONG><a name="[a4]"></a>nrf_gpio_pin_set</STRONG> (Thumb, 10 bytes, Stack size 0 bytes, app_pwm.o(i.nrf_gpio_pin_set))
<BR><BR>[Called By]<UL><LI><a href="#[aa]">&gt;&gt;</a>&nbsp;&nbsp;&nbsp;app_pwm_disable
<LI><a href="#[a1]">&gt;&gt;</a>&nbsp;&nbsp;&nbsp;app_pwm_channel_init
</UL>

<P><STRONG><a name="[ae]"></a>pan73_workaround</STRONG> (Thumb, 32 bytes, Stack size 0 bytes, app_pwm.o(i.pan73_workaround))
<BR><BR>[Called By]<UL><LI><a href="#[af]">&gt;&gt;</a>&nbsp;&nbsp;&nbsp;app_pwm_enable
<LI><a href="#[aa]">&gt;&gt;</a>&nbsp;&nbsp;&nbsp;app_pwm_disable
</UL>

<P><STRONG><a name="[21e]"></a>pwm_channel_ppi_disable</STRONG> (Thumb, 24 bytes, Stack size 8 bytes, app_pwm.o(i.pwm_channel_ppi_disable))
<BR><BR>[Stack]<UL><LI>Max Depth = 32<LI>Call Chain = pwm_channel_ppi_disable &rArr; nrf_drv_ppi_channel_disable &rArr; is_app_channel
</UL>
<BR>[Calls]<UL><LI><a href="#[a6]">&gt;&gt;</a>&nbsp;&nbsp;&nbsp;nrf_drv_ppi_channel_disable
</UL>
<BR>[Called By]<UL><LI><a href="#[9d]">&gt;&gt;</a>&nbsp;&nbsp;&nbsp;pwm_transition_0or100_to_n
<LI><a href="#[9c]">&gt;&gt;</a>&nbsp;&nbsp;&nbsp;pwm_transition_0or100_to_0or100
</UL>

<P><STRONG><a name="[b9]"></a>pwm_dealloc</STRONG> (Thumb, 128 bytes, Stack size 32 bytes, app_pwm.o(i.pwm_dealloc))
<BR><BR>[Stack]<UL><LI>Max Depth = 72<LI>Call Chain = pwm_dealloc &rArr; nrf_drv_gpiote_out_uninit &rArr; nrf_gpio_cfg_default &rArr; nrf_gpio_cfg
</UL>
<BR>[Calls]<UL><LI><a href="#[1ca]">&gt;&gt;</a>&nbsp;&nbsp;&nbsp;nrf_drv_ppi_group_free
<LI><a href="#[1c4]">&gt;&gt;</a>&nbsp;&nbsp;&nbsp;nrf_drv_ppi_channel_free
<LI><a href="#[1cc]">&gt;&gt;</a>&nbsp;&nbsp;&nbsp;nrf_drv_timer_uninit
<LI><a href="#[1be]">&gt;&gt;</a>&nbsp;&nbsp;&nbsp;nrf_drv_gpiote_out_uninit
</UL>
<BR>[Called By]<UL><LI><a href="#[bc]">&gt;&gt;</a>&nbsp;&nbsp;&nbsp;app_pwm_uninit
<LI><a href="#[b4]">&gt;&gt;</a>&nbsp;&nbsp;&nbsp;app_pwm_init
</UL>

<P><STRONG><a name="[21f]"></a>pwm_ppi_disable</STRONG> (Thumb, 20 bytes, Stack size 8 bytes, app_pwm.o(i.pwm_ppi_disable))
<BR><BR>[Stack]<UL><LI>Max Depth = 32<LI>Call Chain = pwm_ppi_disable &rArr; nrf_drv_ppi_channel_disable &rArr; is_app_channel
</UL>
<BR>[Calls]<UL><LI><a href="#[a6]">&gt;&gt;</a>&nbsp;&nbsp;&nbsp;nrf_drv_ppi_channel_disable
</UL>
<BR>[Called By]<UL><LI><a href="#[9f]">&gt;&gt;</a>&nbsp;&nbsp;&nbsp;pwm_transition_n_to_m
<LI><a href="#[9e]">&gt;&gt;</a>&nbsp;&nbsp;&nbsp;pwm_transition_n_to_0or100
<LI><a href="#[9d]">&gt;&gt;</a>&nbsp;&nbsp;&nbsp;pwm_transition_0or100_to_n
<LI><a href="#[9c]">&gt;&gt;</a>&nbsp;&nbsp;&nbsp;pwm_transition_0or100_to_0or100
</UL>

<P><STRONG><a name="[9c]"></a>pwm_transition_0or100_to_0or100</STRONG> (Thumb, 116 bytes, Stack size 48 bytes, app_pwm.o(i.pwm_transition_0or100_to_0or100))
<BR><BR>[Stack]<UL><LI>Max Depth = 80<LI>Call Chain = pwm_transition_0or100_to_0or100 &rArr; pwm_ppi_disable &rArr; nrf_drv_ppi_channel_disable &rArr; is_app_channel
</UL>
<BR>[Calls]<UL><LI><a href="#[1cb]">&gt;&gt;</a>&nbsp;&nbsp;&nbsp;nrf_drv_timer_compare
<LI><a href="#[b0]">&gt;&gt;</a>&nbsp;&nbsp;&nbsp;nrf_drv_gpiote_out_task_force
<LI><a href="#[21f]">&gt;&gt;</a>&nbsp;&nbsp;&nbsp;pwm_ppi_disable
<LI><a href="#[21e]">&gt;&gt;</a>&nbsp;&nbsp;&nbsp;pwm_channel_ppi_disable
</UL>
<BR>[Called By]<UL><LI><a href="#[9b]">&gt;&gt;</a>&nbsp;&nbsp;&nbsp;app_pwm_channel_duty_ticks_set
</UL>

<P><STRONG><a name="[9d]"></a>pwm_transition_0or100_to_n</STRONG> (Thumb, 258 bytes, Stack size 40 bytes, app_pwm.o(i.pwm_transition_0or100_to_n))
<BR><BR>[Stack]<UL><LI>Max Depth = 76<LI>Call Chain = pwm_transition_0or100_to_n &rArr; nrf_drv_ppi_channels_remove_from_group &rArr; app_util_critical_region_enter
</UL>
<BR>[Calls]<UL><LI><a href="#[1c8]">&gt;&gt;</a>&nbsp;&nbsp;&nbsp;nrf_drv_ppi_channels_remove_from_group
<LI><a href="#[1c5]">&gt;&gt;</a>&nbsp;&nbsp;&nbsp;nrf_drv_ppi_channels_include_in_group
<LI><a href="#[1c3]">&gt;&gt;</a>&nbsp;&nbsp;&nbsp;nrf_drv_ppi_channel_enable
<LI><a href="#[a9]">&gt;&gt;</a>&nbsp;&nbsp;&nbsp;nrf_drv_ppi_channel_assign
<LI><a href="#[1cb]">&gt;&gt;</a>&nbsp;&nbsp;&nbsp;nrf_drv_timer_compare
<LI><a href="#[21f]">&gt;&gt;</a>&nbsp;&nbsp;&nbsp;pwm_ppi_disable
<LI><a href="#[21e]">&gt;&gt;</a>&nbsp;&nbsp;&nbsp;pwm_channel_ppi_disable
<LI><a href="#[a8]">&gt;&gt;</a>&nbsp;&nbsp;&nbsp;nrf_drv_timer_compare_event_address_get
<LI><a href="#[220]">&gt;&gt;</a>&nbsp;&nbsp;&nbsp;nrf_drv_timer_capture_task_address_get
<LI><a href="#[99]">&gt;&gt;</a>&nbsp;&nbsp;&nbsp;nrf_drv_timer_capture_get
</UL>
<BR>[Called By]<UL><LI><a href="#[9b]">&gt;&gt;</a>&nbsp;&nbsp;&nbsp;app_pwm_channel_duty_ticks_set
</UL>

<P><STRONG><a name="[9e]"></a>pwm_transition_n_to_0or100</STRONG> (Thumb, 250 bytes, Stack size 40 bytes, app_pwm.o(i.pwm_transition_n_to_0or100))
<BR><BR>[Stack]<UL><LI>Max Depth = 76<LI>Call Chain = pwm_transition_n_to_0or100 &rArr; nrf_drv_ppi_channels_remove_from_group &rArr; app_util_critical_region_enter
</UL>
<BR>[Calls]<UL><LI><a href="#[1c8]">&gt;&gt;</a>&nbsp;&nbsp;&nbsp;nrf_drv_ppi_channels_remove_from_group
<LI><a href="#[1c5]">&gt;&gt;</a>&nbsp;&nbsp;&nbsp;nrf_drv_ppi_channels_include_in_group
<LI><a href="#[1c3]">&gt;&gt;</a>&nbsp;&nbsp;&nbsp;nrf_drv_ppi_channel_enable
<LI><a href="#[a9]">&gt;&gt;</a>&nbsp;&nbsp;&nbsp;nrf_drv_ppi_channel_assign
<LI><a href="#[1cb]">&gt;&gt;</a>&nbsp;&nbsp;&nbsp;nrf_drv_timer_compare
<LI><a href="#[21f]">&gt;&gt;</a>&nbsp;&nbsp;&nbsp;pwm_ppi_disable
<LI><a href="#[a8]">&gt;&gt;</a>&nbsp;&nbsp;&nbsp;nrf_drv_timer_compare_event_address_get
<LI><a href="#[220]">&gt;&gt;</a>&nbsp;&nbsp;&nbsp;nrf_drv_timer_capture_task_address_get
<LI><a href="#[99]">&gt;&gt;</a>&nbsp;&nbsp;&nbsp;nrf_drv_timer_capture_get
</UL>
<BR>[Called By]<UL><LI><a href="#[9b]">&gt;&gt;</a>&nbsp;&nbsp;&nbsp;app_pwm_channel_duty_ticks_set
</UL>

<P><STRONG><a name="[9f]"></a>pwm_transition_n_to_m</STRONG> (Thumb, 206 bytes, Stack size 40 bytes, app_pwm.o(i.pwm_transition_n_to_m))
<BR><BR>[Stack]<UL><LI>Max Depth = 76<LI>Call Chain = pwm_transition_n_to_m &rArr; nrf_drv_ppi_channels_remove_from_group &rArr; app_util_critical_region_enter
</UL>
<BR>[Calls]<UL><LI><a href="#[1c9]">&gt;&gt;</a>&nbsp;&nbsp;&nbsp;nrf_drv_ppi_group_enable
<LI><a href="#[1c8]">&gt;&gt;</a>&nbsp;&nbsp;&nbsp;nrf_drv_ppi_channels_remove_from_group
<LI><a href="#[1c5]">&gt;&gt;</a>&nbsp;&nbsp;&nbsp;nrf_drv_ppi_channels_include_in_group
<LI><a href="#[a9]">&gt;&gt;</a>&nbsp;&nbsp;&nbsp;nrf_drv_ppi_channel_assign
<LI><a href="#[1cb]">&gt;&gt;</a>&nbsp;&nbsp;&nbsp;nrf_drv_timer_compare
<LI><a href="#[a7]">&gt;&gt;</a>&nbsp;&nbsp;&nbsp;nrf_drv_gpiote_out_task_addr_get
<LI><a href="#[21f]">&gt;&gt;</a>&nbsp;&nbsp;&nbsp;pwm_ppi_disable
<LI><a href="#[a8]">&gt;&gt;</a>&nbsp;&nbsp;&nbsp;nrf_drv_timer_compare_event_address_get
<LI><a href="#[220]">&gt;&gt;</a>&nbsp;&nbsp;&nbsp;nrf_drv_timer_capture_task_address_get
</UL>
<BR>[Called By]<UL><LI><a href="#[9b]">&gt;&gt;</a>&nbsp;&nbsp;&nbsp;app_pwm_channel_duty_ticks_set
</UL>

<P><STRONG><a name="[1db]"></a>buf_len_update</STRONG> (Thumb, 18 bytes, Stack size 0 bytes, nrf_log_backend_serial.o(i.buf_len_update))
<BR><BR>[Called By]<UL><LI><a href="#[1d6]">&gt;&gt;</a>&nbsp;&nbsp;&nbsp;timestamp_process
<LI><a href="#[35]">&gt;&gt;</a>&nbsp;&nbsp;&nbsp;nrf_log_backend_serial_std_handler
</UL>

<P><STRONG><a name="[34]"></a>nrf_log_backend_serial_hexdump_handler</STRONG> (Thumb, 286 bytes, Stack size 296 bytes, nrf_log_backend_serial.o(i.nrf_log_backend_serial_hexdump_handler))
<BR><BR>[Stack]<UL><LI>Max Depth = 376<LI>Call Chain = nrf_log_backend_serial_hexdump_handler &rArr; serial_tx &rArr; SEGGER_RTT_WriteNoLock &rArr; _WriteBlocking
</UL>
<BR>[Calls]<UL><LI><a href="#[1d6]">&gt;&gt;</a>&nbsp;&nbsp;&nbsp;timestamp_process
<LI><a href="#[1d9]">&gt;&gt;</a>&nbsp;&nbsp;&nbsp;serial_tx
<LI><a href="#[1d7]">&gt;&gt;</a>&nbsp;&nbsp;&nbsp;strlen
<LI><a href="#[76]">&gt;&gt;</a>&nbsp;&nbsp;&nbsp;__aeabi_memcpy
<LI><a href="#[1d8]">&gt;&gt;</a>&nbsp;&nbsp;&nbsp;__rt_ctype_table
</UL>
<BR>[Address Reference Count : 1]<UL><LI> nrf_log_backend_serial.o(i.nrf_log_backend_hexdump_handler_get)
</UL>
<P><STRONG><a name="[35]"></a>nrf_log_backend_serial_std_handler</STRONG> (Thumb, 174 bytes, Stack size 320 bytes, nrf_log_backend_serial.o(i.nrf_log_backend_serial_std_handler))
<BR><BR>[Stack]<UL><LI>Max Depth = 400<LI>Call Chain = nrf_log_backend_serial_std_handler &rArr; serial_tx &rArr; SEGGER_RTT_WriteNoLock &rArr; _WriteBlocking
</UL>
<BR>[Calls]<UL><LI><a href="#[e9]">&gt;&gt;</a>&nbsp;&nbsp;&nbsp;__ARM_common_switch8
<LI><a href="#[1d6]">&gt;&gt;</a>&nbsp;&nbsp;&nbsp;timestamp_process
<LI><a href="#[1d9]">&gt;&gt;</a>&nbsp;&nbsp;&nbsp;serial_tx
<LI><a href="#[1db]">&gt;&gt;</a>&nbsp;&nbsp;&nbsp;buf_len_update
<LI><a href="#[1da]">&gt;&gt;</a>&nbsp;&nbsp;&nbsp;__2snprintf
<LI><a href="#[1d7]">&gt;&gt;</a>&nbsp;&nbsp;&nbsp;strlen
<LI><a href="#[76]">&gt;&gt;</a>&nbsp;&nbsp;&nbsp;__aeabi_memcpy
</UL>
<BR>[Address Reference Count : 1]<UL><LI> nrf_log_backend_serial.o(i.nrf_log_backend_std_handler_get)
</UL>
<P><STRONG><a name="[1d9]"></a>serial_tx</STRONG> (Thumb, 44 bytes, Stack size 24 bytes, nrf_log_backend_serial.o(i.serial_tx))
<BR><BR>[Stack]<UL><LI>Max Depth = 80<LI>Call Chain = serial_tx &rArr; SEGGER_RTT_WriteNoLock &rArr; _WriteBlocking
</UL>
<BR>[Calls]<UL><LI><a href="#[6a]">&gt;&gt;</a>&nbsp;&nbsp;&nbsp;SEGGER_RTT_WriteNoLock
</UL>
<BR>[Called By]<UL><LI><a href="#[35]">&gt;&gt;</a>&nbsp;&nbsp;&nbsp;nrf_log_backend_serial_std_handler
<LI><a href="#[34]">&gt;&gt;</a>&nbsp;&nbsp;&nbsp;nrf_log_backend_serial_hexdump_handler
</UL>

<P><STRONG><a name="[1d6]"></a>timestamp_process</STRONG> (Thumb, 42 bytes, Stack size 8 bytes, nrf_log_backend_serial.o(i.timestamp_process))
<BR><BR>[Stack]<UL><LI>Max Depth = 40<LI>Call Chain = timestamp_process &rArr; __2snprintf
</UL>
<BR>[Calls]<UL><LI><a href="#[1db]">&gt;&gt;</a>&nbsp;&nbsp;&nbsp;buf_len_update
<LI><a href="#[1da]">&gt;&gt;</a>&nbsp;&nbsp;&nbsp;__2snprintf
</UL>
<BR>[Called By]<UL><LI><a href="#[35]">&gt;&gt;</a>&nbsp;&nbsp;&nbsp;nrf_log_backend_serial_std_handler
<LI><a href="#[34]">&gt;&gt;</a>&nbsp;&nbsp;&nbsp;nrf_log_backend_serial_hexdump_handler
</UL>

<P><STRONG><a name="[1dc]"></a>nrf_log_direct_feed</STRONG> (Thumb, 20 bytes, Stack size 16 bytes, nrf_log_frontend.o(i.nrf_log_direct_feed))
<BR><BR>[Stack]<UL><LI>Max Depth = 16<LI>Call Chain = nrf_log_direct_feed
</UL>
<BR>[Called By]<UL><LI><a href="#[105]">&gt;&gt;</a>&nbsp;&nbsp;&nbsp;nrf_log_frontend_std_2
<LI><a href="#[1dd]">&gt;&gt;</a>&nbsp;&nbsp;&nbsp;nrf_log_frontend_std_3
<LI><a href="#[90]">&gt;&gt;</a>&nbsp;&nbsp;&nbsp;nrf_log_frontend_std_1
<LI><a href="#[91]">&gt;&gt;</a>&nbsp;&nbsp;&nbsp;nrf_log_frontend_std_0
</UL>

<P><STRONG><a name="[69]"></a>_DoInit</STRONG> (Thumb, 74 bytes, Stack size 8 bytes, segger_rtt.o(i._DoInit))
<BR><BR>[Stack]<UL><LI>Max Depth = 8<LI>Call Chain = _DoInit
</UL>
<BR>[Calls]<UL><LI><a href="#[75]">&gt;&gt;</a>&nbsp;&nbsp;&nbsp;strcpy
</UL>
<BR>[Called By]<UL><LI><a href="#[68]">&gt;&gt;</a>&nbsp;&nbsp;&nbsp;SEGGER_RTT_Init
</UL>

<P><STRONG><a name="[6b]"></a>_GetAvailWriteSpace</STRONG> (Thumb, 22 bytes, Stack size 0 bytes, segger_rtt.o(i._GetAvailWriteSpace))
<BR><BR>[Called By]<UL><LI><a href="#[6a]">&gt;&gt;</a>&nbsp;&nbsp;&nbsp;SEGGER_RTT_WriteNoLock
</UL>

<P><STRONG><a name="[6d]"></a>_WriteBlocking</STRONG> (Thumb, 96 bytes, Stack size 40 bytes, segger_rtt.o(i._WriteBlocking))
<BR><BR>[Stack]<UL><LI>Max Depth = 40<LI>Call Chain = _WriteBlocking
</UL>
<BR>[Calls]<UL><LI><a href="#[76]">&gt;&gt;</a>&nbsp;&nbsp;&nbsp;__aeabi_memcpy
</UL>
<BR>[Called By]<UL><LI><a href="#[6a]">&gt;&gt;</a>&nbsp;&nbsp;&nbsp;SEGGER_RTT_WriteNoLock
</UL>

<P><STRONG><a name="[6c]"></a>_WriteNoCheck</STRONG> (Thumb, 60 bytes, Stack size 32 bytes, segger_rtt.o(i._WriteNoCheck))
<BR><BR>[Stack]<UL><LI>Max Depth = 32<LI>Call Chain = _WriteNoCheck
</UL>
<BR>[Calls]<UL><LI><a href="#[76]">&gt;&gt;</a>&nbsp;&nbsp;&nbsp;__aeabi_memcpy
</UL>
<BR>[Called By]<UL><LI><a href="#[6a]">&gt;&gt;</a>&nbsp;&nbsp;&nbsp;SEGGER_RTT_WriteNoLock
</UL>

<P><STRONG><a name="[225]"></a>__sd_nvic_app_accessible_irq</STRONG> (Thumb, 22 bytes, Stack size 0 bytes, softdevice_handler.o(i.__sd_nvic_app_accessible_irq))
<BR><BR>[Called By]<UL><LI><a href="#[224]">&gt;&gt;</a>&nbsp;&nbsp;&nbsp;sd_nvic_EnableIRQ
</UL>

<P><STRONG><a name="[22e]"></a>ram_end_address_get</STRONG> (Thumb, 16 bytes, Stack size 0 bytes, softdevice_handler.o(i.ram_end_address_get))
<BR><BR>[Called By]<UL><LI><a href="#[119]">&gt;&gt;</a>&nbsp;&nbsp;&nbsp;softdevice_enable
</UL>

<P><STRONG><a name="[224]"></a>sd_nvic_EnableIRQ</STRONG> (Thumb, 116 bytes, Stack size 8 bytes, softdevice_handler.o(i.sd_nvic_EnableIRQ))
<BR><BR>[Stack]<UL><LI>Max Depth = 8<LI>Call Chain = sd_nvic_EnableIRQ
</UL>
<BR>[Calls]<UL><LI><a href="#[225]">&gt;&gt;</a>&nbsp;&nbsp;&nbsp;__sd_nvic_app_accessible_irq
</UL>
<BR>[Called By]<UL><LI><a href="#[117]">&gt;&gt;</a>&nbsp;&nbsp;&nbsp;softdevice_handler_init
</UL>

<P><STRONG><a name="[78]"></a>_printf_core</STRONG> (Thumb, 1072 bytes, Stack size 104 bytes, printf8.o(i._printf_core), UNUSED)
<BR><BR>[Calls]<UL><LI><a href="#[53]">&gt;&gt;</a>&nbsp;&nbsp;&nbsp;__aeabi_uldivmod
<LI><a href="#[79]">&gt;&gt;</a>&nbsp;&nbsp;&nbsp;_printf_pre_padding
<LI><a href="#[7a]">&gt;&gt;</a>&nbsp;&nbsp;&nbsp;_printf_post_padding
</UL>
<BR>[Called By]<UL><LI><a href="#[77]">&gt;&gt;</a>&nbsp;&nbsp;&nbsp;__0snprintf$8
</UL>

<P><STRONG><a name="[7a]"></a>_printf_post_padding</STRONG> (Thumb, 32 bytes, Stack size 24 bytes, printf8.o(i._printf_post_padding), UNUSED)
<BR><BR>[Called By]<UL><LI><a href="#[78]">&gt;&gt;</a>&nbsp;&nbsp;&nbsp;_printf_core
</UL>

<P><STRONG><a name="[79]"></a>_printf_pre_padding</STRONG> (Thumb, 44 bytes, Stack size 40 bytes, printf8.o(i._printf_pre_padding), UNUSED)
<BR><BR>[Called By]<UL><LI><a href="#[78]">&gt;&gt;</a>&nbsp;&nbsp;&nbsp;_printf_core
</UL>

<P><STRONG><a name="[26]"></a>_snputc</STRONG> (Thumb, 22 bytes, Stack size 0 bytes, printf8.o(i._snputc))
<BR>[Address Reference Count : 1]<UL><LI> printf8.o(i.__0snprintf$8)
</UL><P>
<H3>
Undefined Global Symbols
</H3><HR></body></html>
