ARM Linker, 5.02 [Build 28] [MDK-ARM Standard]

==============================================================================

Section Cross References

    main.o(i.ADC_init) refers to nrf_drv_adc.o(i.nrf_drv_adc_init) for nrf_drv_adc_init
    main.o(i.ADC_init) refers to app_error.o(i.app_error_handler) for app_error_handler
    main.o(i.ADC_init) refers to nrf_drv_adc.o(i.nrf_drv_adc_channel_enable) for nrf_drv_adc_channel_enable
    main.o(i.ADC_init) refers to nrf_drv_adc.o(i.nrf_drv_adc_buffer_convert) for nrf_drv_adc_buffer_convert
    main.o(i.ADC_init) refers to main.o(i.adc_event_handler) for adc_event_handler
    main.o(i.ADC_init) refers to main.o(.data) for .data
    main.o(i.adc_event_handler) refers to nrf_drv_adc.o(i.nrf_drv_adc_buffer_convert) for nrf_drv_adc_buffer_convert
    main.o(i.adc_event_handler) refers to app_error.o(i.app_error_handler) for app_error_handler
    main.o(i.adc_event_handler) refers to main.o(i.battery_level_in_percent) for battery_level_in_percent
    main.o(i.adc_event_handler) refers to ble_bas.o(i.ble_bas_battery_level_update) for ble_bas_battery_level_update
    main.o(i.adc_event_handler) refers to main.o(.bss) for .bss
    main.o(i.advertising_init) refers to memseta.o(.text) for __aeabi_memclr4
    main.o(i.advertising_init) refers to ble_advertising.o(i.ble_advertising_init) for ble_advertising_init
    main.o(i.advertising_init) refers to app_error.o(i.app_error_handler) for app_error_handler
    main.o(i.advertising_init) refers to main.o(.data) for .data
    main.o(i.advertising_init) refers to main.o(i.on_adv_evt) for on_adv_evt
    main.o(i.advertising_start) refers to ble_advertising.o(i.ble_advertising_start) for ble_advertising_start
    main.o(i.advertising_start) refers to app_error.o(i.app_error_handler) for app_error_handler
    main.o(i.advertising_start) refers to main.o(.constdata) for .constdata
    main.o(i.alert_signal) refers to nrf_log_frontend.o(i.nrf_log_frontend_std_1) for nrf_log_frontend_std_1
    main.o(i.alert_signal) refers to nrf_log_frontend.o(i.nrf_log_frontend_std_0) for nrf_log_frontend_std_0
    main.o(i.bas_init) refers to memseta.o(.text) for __aeabi_memclr4
    main.o(i.bas_init) refers to ble_bas.o(i.ble_bas_init) for ble_bas_init
    main.o(i.bas_init) refers to app_error.o(i.app_error_handler) for app_error_handler
    main.o(i.bas_init) refers to main.o(i.on_bas_evt) for on_bas_evt
    main.o(i.bas_init) refers to main.o(.bss) for .bss
    main.o(i.battery_level_in_percent) refers to idiv.o(.text) for __aeabi_idivmod
    main.o(i.battery_level_meas_timeout_handler) refers to nrf_drv_adc.o(i.nrf_drv_adc_sample) for nrf_drv_adc_sample
    main.o(i.ble_evt_dispatch) refers to ble_conn_state.o(i.ble_conn_state_on_ble_evt) for ble_conn_state_on_ble_evt
    main.o(i.ble_evt_dispatch) refers to peer_manager.o(i.pm_on_ble_evt) for pm_on_ble_evt
    main.o(i.ble_evt_dispatch) refers to ble_db_discovery.o(i.ble_db_discovery_on_ble_evt) for ble_db_discovery_on_ble_evt
    main.o(i.ble_evt_dispatch) refers to ble_conn_params.o(i.ble_conn_params_on_ble_evt) for ble_conn_params_on_ble_evt
    main.o(i.ble_evt_dispatch) refers to ble_ias.o(i.ble_ias_on_ble_evt) for ble_ias_on_ble_evt
    main.o(i.ble_evt_dispatch) refers to ble_lls.o(i.ble_lls_on_ble_evt) for ble_lls_on_ble_evt
    main.o(i.ble_evt_dispatch) refers to ble_bas.o(i.ble_bas_on_ble_evt) for ble_bas_on_ble_evt
    main.o(i.ble_evt_dispatch) refers to ble_ias_c.o(i.ble_ias_c_on_ble_evt) for ble_ias_c_on_ble_evt
    main.o(i.ble_evt_dispatch) refers to ble_tps.o(i.ble_tps_on_ble_evt) for ble_tps_on_ble_evt
    main.o(i.ble_evt_dispatch) refers to ble_nus.o(i.ble_nus_on_ble_evt) for ble_nus_on_ble_evt
    main.o(i.ble_evt_dispatch) refers to main.o(i.on_ble_evt) for on_ble_evt
    main.o(i.ble_evt_dispatch) refers to ble_advertising.o(i.ble_advertising_on_ble_evt) for ble_advertising_on_ble_evt
    main.o(i.ble_evt_dispatch) refers to main.o(.bss) for .bss
    main.o(i.ble_stack_init) refers to nrf_log_frontend.o(i.nrf_log_frontend_std_1) for nrf_log_frontend_std_1
    main.o(i.ble_stack_init) refers to softdevice_handler.o(i.softdevice_handler_init) for softdevice_handler_init
    main.o(i.ble_stack_init) refers to app_error.o(i.app_error_handler) for app_error_handler
    main.o(i.ble_stack_init) refers to softdevice_handler.o(i.softdevice_enable_get_default_config) for softdevice_enable_get_default_config
    main.o(i.ble_stack_init) refers to softdevice_handler.o(i.softdevice_enable) for softdevice_enable
    main.o(i.ble_stack_init) refers to softdevice_handler.o(i.softdevice_ble_evt_handler_set) for softdevice_ble_evt_handler_set
    main.o(i.ble_stack_init) refers to softdevice_handler.o(i.softdevice_sys_evt_handler_set) for softdevice_sys_evt_handler_set
    main.o(i.ble_stack_init) refers to main.o(.constdata) for .constdata
    main.o(i.ble_stack_init) refers to main.o(.bss) for .bss
[...]
    ble_conn_state_encrypted                 0x0001d46d   Thumb Code    16  ble_conn_state.o(i.ble_conn_state_encrypted)
    ble_conn_state_mitm_protected            0x0001d481   Thumb Code    16  ble_conn_state.o(i.ble_conn_state_mitm_protected)
    ble_conn_state_on_ble_evt                0x0001d495   Thumb Code   240  ble_conn_state.o(i.ble_conn_state_on_ble_evt)
    ble_conn_state_role                      0x0001d5c9   Thumb Code    46  ble_conn_state.o(i.ble_conn_state_role)
    ble_conn_state_user_flag_acquire         0x0001d5fd   Thumb Code    42  ble_conn_state.o(i.ble_conn_state_user_flag_acquire)
    ble_conn_state_user_flag_collection      0x0001d62d   Thumb Code    20  ble_conn_state.o(i.ble_conn_state_user_flag_collection)
    ble_conn_state_user_flag_get             0x0001d645   Thumb Code    32  ble_conn_state.o(i.ble_conn_state_user_flag_get)
    ble_conn_state_user_flag_set             0x0001d669   Thumb Code    36  ble_conn_state.o(i.ble_conn_state_user_flag_set)
    ble_db_discovery_evt_register            0x0001d691   Thumb Code    66  ble_db_discovery.o(i.ble_db_discovery_evt_register)
    ble_db_discovery_init                    0x0001d6dd   Thumb Code    26  ble_db_discovery.o(i.ble_db_discovery_init)
    ble_db_discovery_on_ble_evt              0x0001d6fd   Thumb Code    80  ble_db_discovery.o(i.ble_db_discovery_on_ble_evt)
    ble_db_discovery_start                   0x0001d751   Thumb Code   102  ble_db_discovery.o(i.ble_db_discovery_start)
    ble_ias_c_handles_assign                 0x0001d891   Thumb Code    16  ble_ias_c.o(i.ble_ias_c_handles_assign)
    ble_ias_c_init                           0x0001d8a1   Thumb Code    58  ble_ias_c.o(i.ble_ias_c_init)
    ble_ias_c_on_ble_evt                     0x0001d8ef   Thumb Code    44  ble_ias_c.o(i.ble_ias_c_on_ble_evt)
    ble_ias_c_on_db_disc_evt                 0x0001d91d   Thumb Code   116  ble_ias_c.o(i.ble_ias_c_on_db_disc_evt)
    ble_ias_init                             0x0001d999   Thumb Code    46  ble_ias.o(i.ble_ias_init)
    ble_ias_on_ble_evt                       0x0001d9cd   Thumb Code    52  ble_ias.o(i.ble_ias_on_ble_evt)
    ble_lls_alert_level_get                  0x0001da01   Thumb Code    26  ble_lls.o(i.ble_lls_alert_level_get)
    ble_lls_init                             0x0001da1d   Thumb Code    56  ble_lls.o(i.ble_lls_init)
    ble_lls_on_ble_evt                       0x0001da59   Thumb Code    84  ble_lls.o(i.ble_lls_on_ble_evt)
    ble_nus_init                             0x0001daad   Thumb Code    98  ble_nus.o(i.ble_nus_init)
    ble_nus_on_ble_evt                       0x0001db15   Thumb Code    92  ble_nus.o(i.ble_nus_on_ble_evt)
    ble_nus_string_send                      0x0001db71   Thumb Code    78  ble_nus.o(i.ble_nus_string_send)
    ble_srv_is_notification_enabled          0x0001dbc5   Thumb Code    14  ble_srv_common.o(i.ble_srv_is_notification_enabled)
    ble_srv_report_ref_encode                0x0001dbd3   Thumb Code    12  ble_srv_common.o(i.ble_srv_report_ref_encode)
    ble_tps_init                             0x0001dc9d   Thumb Code    38  ble_tps.o(i.ble_tps_init)
    ble_tps_on_ble_evt                       0x0001dcc9   Thumb Code    12  ble_tps.o(i.ble_tps_on_ble_evt)
    chunk_queue_next                         0x0001ddb5   Thumb Code    20  fds.o(i.chunk_queue_next)
    connect                                  0x0001dfe9   Thumb Code    28  main.o(i.connect)
    disconnect                               0x0001e12d   Thumb Code    38  main.o(i.disconnect)
    fds_file_delete                          0x0001e629   Thumb Code    66  fds.o(i.fds_file_delete)
    fds_gc                                   0x0001e675   Thumb Code    62  fds.o(i.fds_gc)
    fds_init                                 0x0001e6bd   Thumb Code   130  fds.o(i.fds_init)
    fds_record_close                         0x0001e745   Thumb Code    60  fds.o(i.fds_record_close)
    fds_record_find                          0x0001e785   Thumb Code    14  fds.o(i.fds_record_find)
    fds_record_find_by_key                   0x0001e793   Thumb Code    16  fds.o(i.fds_record_find_by_key)
    fds_record_find_in_file                  0x0001e7a3   Thumb Code    16  fds.o(i.fds_record_find_in_file)
    fds_record_id_from_desc                  0x0001e7b3   Thumb Code    20  fds.o(i.fds_record_id_from_desc)
    fds_record_open                          0x0001e7c9   Thumb Code    64  fds.o(i.fds_record_open)
    fds_record_update                        0x0001e80d   Thumb Code    20  fds.o(i.fds_record_update)
    fds_record_write                         0x0001e821   Thumb Code    12  fds.o(i.fds_record_write)
    fds_record_write_reserved                0x0001e82d   Thumb Code    18  fds.o(i.fds_record_write_reserved)
    fds_register                             0x0001e841   Thumb Code    28  fds.o(i.fds_register)
    fds_reserve                              0x0001e865   Thumb Code    48  fds.o(i.fds_reserve)
    fds_reserve_cancel                       0x0001e899   Thumb Code    62  fds.o(i.fds_reserve_cancel)
    fs_erase                                 0x0001e9c9   Thumb Code   120  fstorage.o(i.fs_erase)
    fs_init                                  0x0001ea51   Thumb Code   154  fstorage.o(i.fs_init)
    fs_queued_op_count_get                   0x0001eafd   Thumb Code    18  fstorage.o(i.fs_queued_op_count_get)
    fs_store                                 0x0001eb15   Thumb Code   128  fstorage.o(i.fs_store)
    fs_sys_event_handler                     0x0001eb99   Thumb Code    94  fstorage.o(i.fs_sys_event_handler)
    gcm_ble_evt_handler                      0x0001ef35   Thumb Code   236  gatt_cache_manager.o(i.gcm_ble_evt_handler)
    gcm_gscm_evt_handler                     0x0001f029   Thumb Code    96  gatt_cache_manager.o(i.gcm_gscm_evt_handler)
    gcm_im_evt_handler                       0x0001f091   Thumb Code    40  gatt_cache_manager.o(i.gcm_im_evt_handler)
    gcm_init                                 0x0001f0bd   Thumb Code    66  gatt_cache_manager.o(i.gcm_init)
    gcm_local_database_has_changed           0x0001f105   Thumb Code    66  gatt_cache_manager.o(i.gcm_local_database_has_changed)
    gcm_smd_evt_handler                      0x0001f151   Thumb Code    16  gatt_cache_manager.o(i.gcm_smd_evt_handler)
    get_connection_by_conn_handle            0x0001f161   Thumb Code    48  id_manager.o(i.get_connection_by_conn_handle)
    get_free_connection                      0x0001f199   Thumb Code    40  id_manager.o(i.get_free_connection)
    gscm_db_change_notification_done         0x0001f1c9   Thumb Code    22  gatts_cache_manager.o(i.gscm_db_change_notification_done)
    gscm_init                                0x0001f1e5   Thumb Code    16  gatts_cache_manager.o(i.gscm_init)
    gscm_local_database_has_changed          0x0001f1f9   Thumb Code    18  gatts_cache_manager.o(i.gscm_local_database_has_changed)
    gscm_local_db_cache_apply                0x0001f215   Thumb Code   104  gatts_cache_manager.o(i.gscm_local_db_cache_apply)
    gscm_local_db_cache_update               0x0001f281   Thumb Code   124  gatts_cache_manager.o(i.gscm_local_db_cache_update)
    gscm_pdb_evt_handler                     0x0001f305   Thumb Code    72  gatts_cache_manager.o(i.gscm_pdb_evt_handler)
    gscm_service_changed_ind_needed          0x0001f355   Thumb Code    28  gatts_cache_manager.o(i.gscm_service_changed_ind_needed)
    gscm_service_changed_ind_send            0x0001f371   Thumb Code    32  gatts_cache_manager.o(i.gscm_service_changed_ind_send)
    im_address_resolve                       0x0001f3b9   Thumb Code    64  id_manager.o(i.im_address_resolve)
    im_ble_addr_get                          0x0001f3f9   Thumb Code    38  id_manager.o(i.im_ble_addr_get)
    im_ble_evt_handler                       0x0001f425   Thumb Code   162  id_manager.o(i.im_ble_evt_handler)
    im_conn_handle_get                       0x0001f4cd   Thumb Code    34  id_manager.o(i.im_conn_handle_get)
    im_init                                  0x0001f4f9   Thumb Code    60  id_manager.o(i.im_init)
    im_is_duplicate_bonding_data             0x0001f541   Thumb Code    56  id_manager.o(i.im_is_duplicate_bonding_data)
    im_master_id_is_valid                    0x0001f579   Thumb Code    28  id_manager.o(i.im_master_id_is_valid)
    im_master_ids_compare                    0x0001f595   Thumb Code    44  id_manager.o(i.im_master_ids_compare)
    im_new_peer_id                           0x0001f5c1   Thumb Code     8  id_manager.o(i.im_new_peer_id)
    im_pdb_evt_handler                       0x0001f5c9   Thumb Code   110  id_manager.o(i.im_pdb_evt_handler)
    im_peer_free                             0x0001f639   Thumb Code    38  id_manager.o(i.im_peer_free)
    im_peer_id_get_by_conn_handle            0x0001f665   Thumb Code    24  id_manager.o(i.im_peer_id_get_by_conn_handle)
    im_peer_id_get_by_master_id              0x0001f685   Thumb Code    62  id_manager.o(i.im_peer_id_get_by_master_id)
    intern_softdevice_events_execute         0x0001f789   Thumb Code   130  softdevice_handler.o(i.intern_softdevice_events_execute)
    is_valid_irk                             0x0001f9f1   Thumb Code    22  id_manager.o(i.is_valid_irk)
    main                                     0x00020029   Thumb Code   316  main.o(i.main)
    new_connection                           0x000202c1   Thumb Code    80  id_manager.o(i.new_connection)
    next_id_get                              0x0002031d   Thumb Code    48  peer_id.o(i.next_id_get)
    nrf_drv_adc_buffer_convert               0x000203d1   Thumb Code    86  nrf_drv_adc.o(i.nrf_drv_adc_buffer_convert)
    nrf_drv_adc_channel_enable               0x00020435   Thumb Code    28  nrf_drv_adc.o(i.nrf_drv_adc_channel_enable)
    nrf_drv_adc_init                         0x00020455   Thumb Code    54  nrf_drv_adc.o(i.nrf_drv_adc_init)
    nrf_drv_adc_sample                       0x00020495   Thumb Code     8  nrf_drv_adc.o(i.nrf_drv_adc_sample)
    nrf_drv_clock_init                       0x000204a1   Thumb Code    60  nrf_drv_clock.o(i.nrf_drv_clock_init)
    nrf_drv_clock_on_sd_enable               0x000204e9   Thumb Code    46  nrf_drv_clock.o(i.nrf_drv_clock_on_sd_enable)
    nrf_drv_clock_on_soc_event               0x0002051d   Thumb Code    12  nrf_drv_clock.o(i.nrf_drv_clock_on_soc_event)
    nrf_drv_common_irq_enable                0x00020529   Thumb Code    78  nrf_drv_common.o(i.nrf_drv_common_irq_enable)
    nrf_drv_gpiote_init                      0x00020589   Thumb Code    84  nrf_drv_gpiote.o(i.nrf_drv_gpiote_init)
    nrf_drv_gpiote_is_init                   0x000205e5   Thumb Code    12  nrf_drv_gpiote.o(i.nrf_drv_gpiote_is_init)
    nrf_drv_gpiote_out_init                  0x000205f5   Thumb Code   136  nrf_drv_gpiote.o(i.nrf_drv_gpiote_out_init)
    nrf_drv_gpiote_out_task_addr_get         0x00020689   Thumb Code    16  nrf_drv_gpiote.o(i.nrf_drv_gpiote_out_task_addr_get)
    nrf_drv_gpiote_out_task_disable          0x0002069d   Thumb Code    24  nrf_drv_gpiote.o(i.nrf_drv_gpiote_out_task_disable)
    nrf_drv_gpiote_out_task_enable           0x000206bd   Thumb Code    38  nrf_drv_gpiote.o(i.nrf_drv_gpiote_out_task_enable)
    nrf_drv_gpiote_out_task_force            0x000206ed   Thumb Code    38  nrf_drv_gpiote.o(i.nrf_drv_gpiote_out_task_force)
    nrf_drv_gpiote_out_uninit                0x0002071d   Thumb Code    60  nrf_drv_gpiote.o(i.nrf_drv_gpiote_out_uninit)
    nrf_drv_ppi_channel_alloc                0x00020761   Thumb Code    96  nrf_drv_ppi.o(i.nrf_drv_ppi_channel_alloc)
    nrf_drv_ppi_channel_assign               0x000207c9   Thumb Code    60  nrf_drv_ppi.o(i.nrf_drv_ppi_channel_assign)
    nrf_drv_ppi_channel_disable              0x00020809   Thumb Code    54  nrf_drv_ppi.o(i.nrf_drv_ppi_channel_disable)
    nrf_drv_ppi_channel_enable               0x00020845   Thumb Code    54  nrf_drv_ppi.o(i.nrf_drv_ppi_channel_enable)
    nrf_drv_ppi_channel_free                 0x00020881   Thumb Code    56  nrf_drv_ppi.o(i.nrf_drv_ppi_channel_free)
    nrf_drv_ppi_channels_include_in_group    0x000208c1   Thumb Code    80  nrf_drv_ppi.o(i.nrf_drv_ppi_channels_include_in_group)
    nrf_drv_ppi_channels_remove_from_group   0x00020915   Thumb Code    80  nrf_drv_ppi.o(i.nrf_drv_ppi_channels_remove_from_group)
    nrf_drv_ppi_group_alloc                  0x00020969   Thumb Code    96  nrf_drv_ppi.o(i.nrf_drv_ppi_group_alloc)
    nrf_drv_ppi_group_enable                 0x000209cd   Thumb Code    46  nrf_drv_ppi.o(i.nrf_drv_ppi_group_enable)
    nrf_drv_ppi_group_free                   0x00020a01   Thumb Code    72  nrf_drv_ppi.o(i.nrf_drv_ppi_group_free)
    nrf_drv_ppi_init                         0x00020a51   Thumb Code    20  nrf_drv_ppi.o(i.nrf_drv_ppi_init)
    nrf_drv_timer_clear                      0x00020a83   Thumb Code     8  nrf_drv_timer.o(i.nrf_drv_timer_clear)
    nrf_drv_timer_compare                    0x00020a8b   Thumb Code    42  nrf_drv_timer.o(i.nrf_drv_timer_compare)
    nrf_drv_timer_compare_int_disable        0x00020ac3   Thumb Code    18  nrf_drv_timer.o(i.nrf_drv_timer_compare_int_disable)
    nrf_drv_timer_compare_int_enable         0x00020ad5   Thumb Code    34  nrf_drv_timer.o(i.nrf_drv_timer_compare_int_enable)
    nrf_drv_timer_disable                    0x00020af9   Thumb Code    20  nrf_drv_timer.o(i.nrf_drv_timer_disable)
    nrf_drv_timer_enable                     0x00020b11   Thumb Code    22  nrf_drv_timer.o(i.nrf_drv_timer_enable)
    nrf_drv_timer_extended_compare           0x00020b2d   Thumb Code    46  nrf_drv_timer.o(i.nrf_drv_timer_extended_compare)
    nrf_drv_timer_init                       0x00020b5d   Thumb Code   150  nrf_drv_timer.o(i.nrf_drv_timer_init)
    nrf_drv_timer_uninit                     0x00020bf9   Thumb Code    78  nrf_drv_timer.o(i.nrf_drv_timer_uninit)
    nrf_drv_uart_init                        0x00020c51   Thumb Code   118  nrf_drv_uart.o(i.nrf_drv_uart_init)
    nrf_drv_uart_rx                          0x00020cd1   Thumb Code    86  nrf_drv_uart.o(i.nrf_drv_uart_rx)
    nrf_drv_uart_rx_enable                   0x00020d2d   Thumb Code    40  nrf_drv_uart.o(i.nrf_drv_uart_rx_enable)
    nrf_drv_uart_tx                          0x00020e01   Thumb Code    46  nrf_drv_uart.o(i.nrf_drv_uart_tx)
    nrf_drv_uart_tx_in_progress              0x00020ec1   Thumb Code    20  nrf_drv_uart.o(i.nrf_drv_uart_tx_in_progress)
    nrf_log_backend_hexdump_handler_get      0x000210a1   Thumb Code     4  nrf_log_backend_serial.o(i.nrf_log_backend_hexdump_handler_get)
    nrf_log_backend_init                     0x000210a9   Thumb Code    32  nrf_log_backend_serial.o(i.nrf_log_backend_init)
    nrf_log_backend_std_handler_get          0x00021299   Thumb Code     4  nrf_log_backend_serial.o(i.nrf_log_backend_std_handler_get)
    nrf_log_frontend_std_0                   0x000212b9   Thumb Code    12  nrf_log_frontend.o(i.nrf_log_frontend_std_0)
    nrf_log_frontend_std_1                   0x000212c5   Thumb Code    14  nrf_log_frontend.o(i.nrf_log_frontend_std_1)
    nrf_log_frontend_std_2                   0x000212d3   Thumb Code    16  nrf_log_frontend.o(i.nrf_log_frontend_std_2)
    nrf_log_frontend_std_3                   0x000212e3   Thumb Code    18  nrf_log_frontend.o(i.nrf_log_frontend_std_3)
    nrf_log_handlers_set                     0x000212f5   Thumb Code     8  nrf_log_frontend.o(i.nrf_log_handlers_set)
    nrf_log_init                             0x00021301   Thumb Code    34  nrf_log_frontend.o(i.nrf_log_init)
    pdb_init                                 0x00021d45   Thumb Code    62  peer_database.o(i.pdb_init)
    pdb_next_deleted_peer_id_get             0x00021d91   Thumb Code     8  peer_database.o(i.pdb_next_deleted_peer_id_get)
    pdb_next_peer_id_get                     0x00021d99   Thumb Code     8  peer_database.o(i.pdb_next_peer_id_get)
    pdb_pds_evt_handler                      0x00021da1   Thumb Code   300  peer_database.o(i.pdb_pds_evt_handler)
    pdb_peer_allocate                        0x00021ed5   Thumb Code     8  peer_database.o(i.pdb_peer_allocate)
    pdb_peer_data_ptr_get                    0x00021edd   Thumb Code    10  peer_database.o(i.pdb_peer_data_ptr_get)
    pdb_peer_free                            0x00021ee7   Thumb Code    74  peer_database.o(i.pdb_peer_free)
    pdb_raw_store                            0x00021f31   Thumb Code    12  peer_database.o(i.pdb_raw_store)
    pdb_write_buf_get                        0x00021f3d   Thumb Code   256  peer_database.o(i.pdb_write_buf_get)
    pdb_write_buf_release                    0x00022045   Thumb Code    42  peer_database.o(i.pdb_write_buf_release)
    pdb_write_buf_store                      0x00022071   Thumb Code   190  peer_database.o(i.pdb_write_buf_store)
    pdb_write_buf_store_prepare              0x00022139   Thumb Code    98  peer_database.o(i.pdb_write_buf_store_prepare)
    pds_init                                 0x000221ad   Thumb Code   100  peer_data_storage.o(i.pds_init)
    pds_next_deleted_peer_id_get             0x0002221d   Thumb Code     8  peer_data_storage.o(i.pds_next_deleted_peer_id_get)
    pds_next_peer_id_get                     0x00022225   Thumb Code     8  peer_data_storage.o(i.pds_next_peer_id_get)
    pds_peer_data_iterate                    0x0002222d   Thumb Code    80  peer_data_storage.o(i.pds_peer_data_iterate)
    pds_peer_data_iterate_prepare            0x00022281   Thumb Code    10  peer_data_storage.o(i.pds_peer_data_iterate_prepare)
    pds_peer_data_read                       0x00022291   Thumb Code   112  peer_data_storage.o(i.pds_peer_data_read)
    pds_peer_data_store                      0x00022301   Thumb Code   174  peer_data_storage.o(i.pds_peer_data_store)
    pds_peer_id_allocate                     0x000223b1   Thumb Code    10  peer_data_storage.o(i.pds_peer_id_allocate)
    pds_peer_id_free                         0x000223c1   Thumb Code    22  peer_data_storage.o(i.pds_peer_id_free)
    pds_peer_id_is_allocated                 0x000223d7   Thumb Code     8  peer_data_storage.o(i.pds_peer_id_is_allocated)
    pds_space_reserve                        0x000223df   Thumb Code    48  peer_data_storage.o(i.pds_space_reserve)
    pds_space_reserve_cancel                 0x0002240f   Thumb Code    16  peer_data_storage.o(i.pds_space_reserve_cancel)
    peer_id_allocate                         0x0002250d   Thumb Code    10  peer_id.o(i.peer_id_allocate)
    peer_id_delete                           0x0002251d   Thumb Code    30  peer_id.o(i.peer_id_delete)
    peer_id_free                             0x00022545   Thumb Code    22  peer_id.o(i.peer_id_free)
    peer_id_get_next_deleted                 0x00022561   Thumb Code    10  peer_id.o(i.peer_id_get_next_deleted)
    peer_id_get_next_used                    0x00022571   Thumb Code    42  peer_id.o(i.peer_id_get_next_used)
    peer_id_init                             0x000225a5   Thumb Code    34  peer_id.o(i.peer_id_init)
    peer_id_is_allocated                     0x000225cd   Thumb Code    20  peer_id.o(i.peer_id_is_allocated)
    peer_id_is_deleted                       0x000225e5   Thumb Code    20  peer_id.o(i.peer_id_is_deleted)
    pm_buffer_block_acquire                  0x000226fd   Thumb Code    94  pm_buffer.o(i.pm_buffer_block_acquire)
    pm_buffer_init                           0x0002275b   Thumb Code    68  pm_buffer.o(i.pm_buffer_init)
    pm_buffer_ptr_get                        0x0002279f   Thumb Code    46  pm_buffer.o(i.pm_buffer_ptr_get)
    pm_buffer_release                        0x000227cd   Thumb Code    42  pm_buffer.o(i.pm_buffer_release)
    pm_conn_sec_config_reply                 0x000227f7   Thumb Code     8  peer_manager.o(i.pm_conn_sec_config_reply)
    pm_gcm_evt_handler                       0x00022915   Thumb Code   136  peer_manager.o(i.pm_gcm_evt_handler)
    pm_im_evt_handler                        0x0002299d   Thumb Code    74  peer_manager.o(i.pm_im_evt_handler)
    pm_init                                  0x000229ed   Thumb Code   108  peer_manager.o(i.pm_init)
    pm_local_database_has_changed            0x00022a5d   Thumb Code    16  peer_manager.o(i.pm_local_database_has_changed)
    pm_mutex_init                            0x00022a71   Thumb Code    16  pm_mutex.o(i.pm_mutex_init)
    pm_mutex_lock                            0x00022a81   Thumb Code    28  pm_mutex.o(i.pm_mutex_lock)
    pm_mutex_lock_first_available            0x00022a9d   Thumb Code    52  pm_mutex.o(i.pm_mutex_lock_first_available)
    pm_mutex_lock_status_get                 0x00022ad1   Thumb Code    24  pm_mutex.o(i.pm_mutex_lock_status_get)
    pm_mutex_unlock                          0x00022ae9   Thumb Code    54  pm_mutex.o(i.pm_mutex_unlock)
    pm_on_ble_evt                            0x00022b21   Thumb Code    32  peer_manager.o(i.pm_on_ble_evt)
    pm_pdb_evt_handler                       0x00022b45   Thumb Code   306  peer_manager.o(i.pm_pdb_evt_handler)
    pm_peer_delete                           0x00022c81   Thumb Code    20  peer_manager.o(i.pm_peer_delete)
    pm_peers_delete                          0x00022c99   Thumb Code    52  peer_manager.o(i.pm_peers_delete)
    pm_register                              0x00022cd5   Thumb Code    38  peer_manager.o(i.pm_register)
    pm_sec_params_set                        0x00022d05   Thumb Code    20  peer_manager.o(i.pm_sec_params_set)
    pm_sm_evt_handler                        0x00022d1d   Thumb Code   328  peer_manager.o(i.pm_sm_evt_handler)
    pwm_ready_tick                           0x00022f25   Thumb Code    78  app_pwm.o(i.pwm_ready_tick)
    sdk_mapped_flags_bulk_update_by_key      0x000239e1   Thumb Code    98  sdk_mapped_flags.o(i.sdk_mapped_flags_bulk_update_by_key)
    sdk_mapped_flags_first_key_index_get     0x00023a45   Thumb Code    36  sdk_mapped_flags.o(i.sdk_mapped_flags_first_key_index_get)
    sdk_mapped_flags_get_by_key              0x00023a7f   Thumb Code    44  sdk_mapped_flags.o(i.sdk_mapped_flags_get_by_key)
    sdk_mapped_flags_key_list_get            0x00023aab   Thumb Code    70  sdk_mapped_flags.o(i.sdk_mapped_flags_key_list_get)
    sdk_mapped_flags_update_by_key           0x00023af1   Thumb Code    26  sdk_mapped_flags.o(i.sdk_mapped_flags_update_by_key)
    sm_ble_evt_handler                       0x00024089   Thumb Code    16  security_manager.o(i.sm_ble_evt_handler)
    sm_conn_sec_config_reply                 0x0002409d   Thumb Code    24  security_manager.o(i.sm_conn_sec_config_reply)
    sm_init                                  0x000240b9   Thumb Code    76  security_manager.o(i.sm_init)
    sm_pdb_evt_handler                       0x00024109   Thumb Code    48  security_manager.o(i.sm_pdb_evt_handler)
    sm_sec_params_set                        0x0002413d   Thumb Code    44  security_manager.o(i.sm_sec_params_set)
    sm_smd_evt_handler                       0x0002416d   Thumb Code   118  security_manager.o(i.sm_smd_evt_handler)
    smd_ble_evt_handler                      0x000241e9   Thumb Code   216  security_dispatcher.o(i.smd_ble_evt_handler)
    smd_init                                 0x000242cd   Thumb Code    56  security_dispatcher.o(i.smd_init)
    smd_link_secure                          0x00024309   Thumb Code    44  security_dispatcher.o(i.smd_link_secure)
    smd_params_reply                         0x00024339   Thumb Code   252  security_dispatcher.o(i.smd_params_reply)
    smd_pdb_evt_handler                      0x000244c9   Thumb Code    48  security_dispatcher.o(i.smd_pdb_evt_handler)
    softdevice_ble_evt_handler_set           0x000244fd   Thumb Code    16  softdevice_handler.o(i.softdevice_ble_evt_handler_set)
    softdevice_enable                        0x00024511   Thumb Code    58  softdevice_handler.o(i.softdevice_enable)
    softdevice_enable_get_default_config     0x000245b1   Thumb Code    40  softdevice_handler.o(i.softdevice_enable_get_default_config)
    softdevice_fault_handler                 0x000245d9   Thumb Code     8  softdevice_handler.o(i.softdevice_fault_handler)
    softdevice_handler_init                  0x000245e1   Thumb Code    74  softdevice_handler.o(i.softdevice_handler_init)
    softdevice_handler_is_enabled            0x00024639   Thumb Code     6  softdevice_handler.o(i.softdevice_handler_is_enabled)
    softdevice_sys_evt_handler_set           0x00024645   Thumb Code    16  softdevice_handler.o(i.softdevice_sys_evt_handler_set)
    timers_init                              0x00024911   Thumb Code   132  main.o(i.timers_init)
    PWM1                                     0x000252ac   Data           8  main.o(.constdata)
    m_pwm_PWM1_timer                         0x000253c0   Data           8  main.o(.constdata)
    __ctype_table                            0x00025602   Data         129  ctype_o.o(.constdata)
    Region$$Table$$Base                      0x00025688   Number         0  anon$$obj.o(Region$$Table)
    Region$$Table$$Limit                     0x000256a8   Number         0  anon$$obj.o(Region$$Table)
    Image$$RW_IRAM1$$Base                    0x20001fe8   Number         0  main.o(.data)
    SystemCoreClock                          0x20002014   Data           4  system_nrf51.o(.data)
    nrf_nvic_state                           0x2000210c   Data           8  app_util_platform.o(.data)
    m_pwm_ready_counter                      0x20002131   Data           6  app_pwm.o(.data)
    fs_data$$Base                            0x20002150   Number         0  fds.o(fs_data)
    fs_data$$Limit                           0x20002160   Number         0  fds.o(fs_data)
    m_pwm_PWM1_cb                            0x20002790   Data          36  main.o(.bss)
    _SEGGER_RTT                              0x20003554   Data         120  segger_rtt.o(.bss)
    __initial_sp                             0x20003dd0   Data           0  arm_startup_nrf51.o(STACK)



==============================================================================

Memory Map of the image

  Image Entry point : 0x0001b0c1

  Load Region LR_IROM1 (Base: 0x0001b000, Size: 0x0000a820, Max: 0x00025000, ABSOLUTE, COMPRESSED[0x0000a6f0])

    Execution Region ER_IROM1 (Base: 0x0001b000, Size: 0x0000a6a8, Max: 0x00025000, ABSOLUTE)

    Base Addr    Size         Type   Attr      Idx    E Section Name        Object

    0x0001b000   0x000000c0   Data   RO          648    RESET               arm_startup_nrf51.o
    0x0001b0c0   0x00000000   Code   RO         5576  * .ARM.Collect$$$$00000000  mc_p.l(entry.o)
    0x0001b0c0   0x00000004   Code   RO         5884    .ARM.Collect$$$$00000001  mc_p.l(entry2.o)
    0x0001b0c4   0x00000004   Code   RO         5887    .ARM.Collect$$$$00000004  mc_p.l(entry5.o)
    0x0001b0c8   0x00000000   Code   RO         5889    .ARM.Collect$$$$00000008  mc_p.l(entry7b.o)
    0x0001b0c8   0x00000008   Code   RO         5890    .ARM.Collect$$$$00000009  mc_p.l(entry8.o)
    0x0001b0d0   0x00000004   Code   RO         5885    .ARM.Collect$$$$00002712  mc_p.l(entry2.o)
    0x0001b0d4   0x00000038   Code   RO          649    .text               arm_startup_nrf51.o
    0x0001b10c   0x0000002c   Code   RO         5579    .text               mc_p.l(uidiv.o)
    0x0001b138   0x00000028   Code   RO         5581    .text               mc_p.l(idiv.o)
    0x0001b160   0x00000008   Code   RO         5583    .text               mc_p.l(ctype_o.o)
    0x0001b168   0x00000024   Code   RO         5611    .text               mc_p.l(memcpya.o)
    0x0001b18c   0x00000024   Code   RO         5613    .text               mc_p.l(memseta.o)
    0x0001b1b0   0x00000010   Code   RO         5615    .text               mc_p.l(strlen.o)
    0x0001b1c0   0x0000001a   Code   RO         5617    .text               mc_p.l(memcmp.o)
    0x0001b1da   0x00000012   Code   RO         5619    .text               mc_p.l(strcpy.o)
    0x0001b1ec   0x00000060   Code   RO         5894    .text               mc_p.l(uldiv.o)
    0x0001b24c   0x00000024   Code   RO         5907    .text               mc_p.l(init.o)
    0x0001b270   0x00000020   Code   RO         5910    .text               mc_p.l(llshl.o)
    0x0001b290   0x00000022   Code   RO         5912    .text               mc_p.l(llushr.o)
    0x0001b2b2   0x00000056   Code   RO         5929    .text               mc_p.l(__dczerorl2.o)
    0x0001b308   0x00000060   Code   RO         2869    i.ADC_IRQHandler    nrf_drv_adc.o
    0x0001b368   0x0000005c   Code   RO            3    i.ADC_init          main.o
    0x0001b3c4   0x0000017c   Code   RO         3171    i.GPIOTE_IRQHandler  nrf_drv_gpiote.o
    0x0001b540   0x00000044   Code   RO         4063    i.NVIC_SetPriority  app_timer.o
    0x0001b584   0x00000054   Code   RO         2970    i.POWER_CLOCK_IRQHandler  nrf_drv_clock.o
    0x0001b5d8   0x00000020   Code   RO         4064    i.RTC1_IRQHandler   app_timer.o
    0x0001b5f8   0x00000014   Code   RO         5300    i.SEGGER_RTT_Init   segger_rtt.o
    0x0001b60c   0x0000005c   Code   RO         5309    i.SEGGER_RTT_WriteNoLock  segger_rtt.o
    0x0001b668   0x00000008   Code   RO         4065    i.SWI0_IRQHandler   app_timer.o
    0x0001b670   0x0000002c   Code   RO         5445    i.SWI2_IRQHandler   softdevice_handler.o
    0x0001b69c   0x00000064   Code   RO          656    i.SystemInit        system_nrf51.o
    0x0001b700   0x00000018   Code   RO         3597    i.TIMER0_IRQHandler  nrf_drv_timer.o
    0x0001b718   0x00000018   Code   RO         3598    i.TIMER1_IRQHandler  nrf_drv_timer.o
    0x0001b730   0x00000018   Code   RO         3599    i.TIMER2_IRQHandler  nrf_drv_timer.o
    0x0001b748   0x00000014   Code   RO         3403    i.UART0_IRQHandler  nrf_drv_uart.o
    0x0001b75c   0x0000006c   Code   RO         5312    i._DoInit           segger_rtt.o
    0x0001b7c8   0x00000016   Code   RO         5313    i._GetAvailWriteSpace  segger_rtt.o
    0x0001b7de   0x00000060   Code   RO         5315    i._WriteBlocking    segger_rtt.o
    0x0001b83e   0x0000003c   Code   RO         5316    i._WriteNoCheck     segger_rtt.o
    0x0001b87a   0x00000002   PAD
    0x0001b87c   0x0000002c   Code   RO         5831    i.__0snprintf$8     mc_p.l(printf8.o)
    0x0001b8a8   0x0000001a   Code   RO          268    i.__ARM_common_switch8  main.o
    0x0001b8c2   0x0000000e   Code   RO         5923    i.__scatterload_copy  mc_p.l(handlers.o)
    0x0001b8d0   0x00000002   Code   RO         5924    i.__scatterload_null  mc_p.l(handlers.o)
    0x0001b8d2   0x0000000e   Code   RO         5925    i.__scatterload_zeroinit  mc_p.l(handlers.o)
    0x0001b8e0   0x0000001c   Code   RO         5446    i.__sd_nvic_app_accessible_irq  softdevice_handler.o
    0x0001b8fc   0x00000430   Code   RO         5837    i._printf_core      mc_p.l(printf8.o)
    0x0001bd2c   0x00000020   Code   RO         5838    i._printf_post_padding  mc_p.l(printf8.o)
    0x0001bd4c   0x0000002c   Code   RO         5839    i._printf_pre_padding  mc_p.l(printf8.o)
    0x0001bd78   0x00000016   Code   RO         5840    i._snputc           mc_p.l(printf8.o)
    0x0001bd8e   0x00000002   PAD
    0x0001bd90   0x00000080   Code   RO            4    i.adc_event_handler  main.o
    0x0001be10   0x00000060   Code   RO         2870    i.adc_sample_process  nrf_drv_adc.o
    0x0001be70   0x00000028   Code   RO         1401    i.addr_compare      id_manager.o
    0x0001be98   0x0000018e   Code   RO          702    i.adv_data_encode   ble_advdata.o
    0x0001c026   0x00000002   PAD
    0x0001c028   0x00000068   Code   RO          778    i.adv_mode_next_avail_get  ble_advertising.o
    0x0001c090   0x00000084   Code   RO            5    i.advertising_init  main.o
    0x0001c114   0x0000001c   Code   RO            6    i.advertising_start  main.o
    0x0001c130   0x0000004e   Code   RO         1403    i.ah                id_manager.o
    0x0001c17e   0x00000002   PAD
    0x0001c180   0x00000080   Code   RO         2626    i.alert_level_char_add  ble_ias.o
    0x0001c200   0x00000088   Code   RO         2715    i.alert_level_char_add  ble_lls.o
    0x0001c288   0x00000090   Code   RO            7    i.alert_signal      main.o
    0x0001c318   0x00000034   Code   RO         3974    i.app_error_fault_handler  app_error_weak.o
    0x0001c34c   0x0000001c   Code   RO         3938    i.app_error_handler  app_error.o
    0x0001c368   0x00000050   Code   RO         3940    i.app_error_save_and_stop  app_error.o
    0x0001c3b8   0x00000016   Code   RO         3995    i.app_fifo_get      app_fifo.o
    0x0001c3ce   0x00000024   Code   RO         3996    i.app_fifo_init     app_fifo.o
    0x0001c3f2   0x0000001a   Code   RO         3998    i.app_fifo_put      app_fifo.o
    0x0001c40c   0x0000003c   Code   RO         4879    i.app_pwm_busy_check  app_pwm.o
    0x0001c448   0x00000020   Code   RO         4881    i.app_pwm_channel_duty_set  app_pwm.o
    0x0001c468   0x000000b0   Code   RO         4883    i.app_pwm_channel_duty_ticks_set  app_pwm.o
    0x0001c518   0x000000dc   Code   RO         4884    i.app_pwm_channel_init  app_pwm.o
    0x0001c5f4   0x0000007a   Code   RO         4886    i.app_pwm_disable   app_pwm.o
    0x0001c66e   0x00000002   PAD
    0x0001c670   0x00000078   Code   RO         4887    i.app_pwm_enable    app_pwm.o
    0x0001c6e8   0x00000180   Code   RO         4888    i.app_pwm_init      app_pwm.o
    0x0001c868   0x0000002a   Code   RO         4889    i.app_pwm_uninit    app_pwm.o
    0x0001c892   0x00000002   PAD
    0x0001c894   0x0000002c   Code   RO         4068    i.app_timer_create  app_timer.o
    0x0001c8c0   0x00000074   Code   RO         4069    i.app_timer_init    app_timer.o
    0x0001c934   0x00000088   Code   RO         4070    i.app_timer_start   app_timer.o
    0x0001c9bc   0x00000028   Code   RO         4071    i.app_timer_stop    app_timer.o
    0x0001c9e4   0x00000078   Code   RO         4210    i.app_uart_get      app_uart_fifo.o
    0x0001ca5c   0x000000b0   Code   RO         4211    i.app_uart_init     app_uart_fifo.o
    0x0001cb0c   0x00000040   Code   RO         4212    i.app_uart_put      app_uart_fifo.o
    0x0001cb4c   0x0000003c   Code   RO         4267    i.app_util_critical_region_enter  app_util_platform.o
    0x0001cb88   0x0000002c   Code   RO         4268    i.app_util_critical_region_exit  app_util_platform.o
    0x0001cbb4   0x00000076   Code   RO         3404    i.apply_config      nrf_drv_uart.o
    0x0001cc2a   0x0000000c   Code   RO         3721    i.are_app_channels  nrf_drv_ppi.o
    0x0001cc36   0x00000002   PAD
    0x0001cc38   0x000000a0   Code   RO         2365    i.auth_status_success_process  security_dispatcher.o
    0x0001ccd8   0x0000007c   Code   RO            8    i.bas_init          main.o
    0x0001cd54   0x00000130   Code   RO         2589    i.battery_level_char_add  ble_bas.o
    0x0001ce84   0x00000084   Code   RO            9    i.battery_level_in_percent  main.o
    0x0001cf08   0x00000008   Code   RO           10    i.battery_level_meas_timeout_handler  main.o
    0x0001cf10   0x00000068   Code   RO          703    i.ble_advdata_set   ble_advdata.o
    0x0001cf78   0x00000150   Code   RO          779    i.ble_advertising_init  ble_advertising.o
    0x0001d0c8   0x00000058   Code   RO          780    i.ble_advertising_on_ble_evt  ble_advertising.o
    0x0001d120   0x00000030   Code   RO          781    i.ble_advertising_on_sys_evt  ble_advertising.o
    0x0001d150   0x00000108   Code   RO          784    i.ble_advertising_start  ble_advertising.o
    0x0001d258   0x00000074   Code   RO         2590    i.ble_bas_battery_level_update  ble_bas.o
    0x0001d2cc   0x00000048   Code   RO         2591    i.ble_bas_init      ble_bas.o
    0x0001d314   0x00000060   Code   RO         2592    i.ble_bas_on_ble_evt  ble_bas.o
    0x0001d374   0x00000054   Code   RO          873    i.ble_conn_params_init  ble_conn_params.o
    0x0001d3c8   0x00000090   Code   RO          874    i.ble_conn_params_on_ble_evt  ble_conn_params.o
    0x0001d458   0x00000014   Code   RO          939    i.ble_conn_state_conn_handles  ble_conn_state.o
    0x0001d46c   0x00000014   Code   RO          940    i.ble_conn_state_encrypted  ble_conn_state.o
    0x0001d480   0x00000014   Code   RO          942    i.ble_conn_state_mitm_protected  ble_conn_state.o
    0x0001d494   0x00000134   Code   RO          946    i.ble_conn_state_on_ble_evt  ble_conn_state.o
    0x0001d5c8   0x00000034   Code   RO          948    i.ble_conn_state_role  ble_conn_state.o
    0x0001d5fc   0x00000030   Code   RO          950    i.ble_conn_state_user_flag_acquire  ble_conn_state.o
    0x0001d62c   0x00000018   Code   RO          951    i.ble_conn_state_user_flag_collection  ble_conn_state.o
    0x0001d644   0x00000024   Code   RO          952    i.ble_conn_state_user_flag_get  ble_conn_state.o
    0x0001d668   0x00000028   Code   RO          953    i.ble_conn_state_user_flag_set  ble_conn_state.o
    0x0001d690   0x0000004c   Code   RO         1067    i.ble_db_discovery_evt_register  ble_db_discovery.o
    0x0001d6dc   0x00000020   Code   RO         1068    i.ble_db_discovery_init  ble_db_discovery.o
    0x0001d6fc   0x00000054   Code   RO         1069    i.ble_db_discovery_on_ble_evt  ble_db_discovery.o
    0x0001d750   0x00000074   Code   RO         1070    i.ble_db_discovery_start  ble_db_discovery.o
    0x0001d7c4   0x0000005e   Code   RO          704    i.ble_device_addr_encode  ble_advdata.o
    0x0001d822   0x00000002   PAD
    0x0001d824   0x0000006c   Code   RO           11    i.ble_evt_dispatch  main.o
    0x0001d890   0x00000010   Code   RO         2663    i.ble_ias_c_handles_assign  ble_ias_c.o
    0x0001d8a0   0x00000044   Code   RO         2664    i.ble_ias_c_init    ble_ias_c.o
    0x0001d8e4   0x0000000a   Code   RO         2665    i.ble_ias_c_is_discovered  ble_ias_c.o
    0x0001d8ee   0x0000002c   Code   RO         2666    i.ble_ias_c_on_ble_evt  ble_ias_c.o
    0x0001d91a   0x00000002   PAD
    0x0001d91c   0x0000007c   Code   RO         2667    i.ble_ias_c_on_db_disc_evt  ble_ias_c.o
    0x0001d998   0x00000034   Code   RO         2628    i.ble_ias_init      ble_ias.o
    0x0001d9cc   0x00000034   Code   RO         2629    i.ble_ias_on_ble_evt  ble_ias.o
    0x0001da00   0x0000001a   Code   RO         2716    i.ble_lls_alert_level_get  ble_lls.o
    0x0001da1a   0x00000002   PAD
    0x0001da1c   0x0000003c   Code   RO         2717    i.ble_lls_init      ble_lls.o
    0x0001da58   0x00000054   Code   RO         2718    i.ble_lls_on_ble_evt  ble_lls.o
    0x0001daac   0x00000068   Code   RO         2789    i.ble_nus_init      ble_nus.o
    0x0001db14   0x0000005c   Code   RO         2790    i.ble_nus_on_ble_evt  ble_nus.o
    0x0001db70   0x00000054   Code   RO         2791    i.ble_nus_string_send  ble_nus.o
    0x0001dbc4   0x0000000e   Code   RO         1169    i.ble_srv_is_notification_enabled  ble_srv_common.o
    0x0001dbd2   0x0000000c   Code   RO         1170    i.ble_srv_report_ref_encode  ble_srv_common.o
    0x0001dbde   0x00000002   PAD
    0x0001dbe0   0x000000bc   Code   RO           12    i.ble_stack_init    main.o
    0x0001dc9c   0x0000002c   Code   RO         2752    i.ble_tps_init      ble_tps.o
    0x0001dcc8   0x0000000c   Code   RO         2753    i.ble_tps_on_ble_evt  ble_tps.o
    0x0001dcd4   0x00000012   Code   RO         5091    i.buf_len_update    nrf_log_backend_serial.o
    0x0001dce6   0x00000002   PAD
    0x0001dce8   0x0000001c   Code   RO         3172    i.channel_free      nrf_drv_gpiote.o
    0x0001dd04   0x00000048   Code   RO         3173    i.channel_port_alloc  nrf_drv_gpiote.o
    0x0001dd4c   0x00000010   Code   RO         3174    i.channel_port_get  nrf_drv_gpiote.o
    0x0001dd5c   0x00000038   Code   RO         1071    i.characteristics_discover  ble_db_discovery.o
    0x0001dd94   0x00000020   Code   RO         4639    i.check_config      fstorage.o
    0x0001ddb4   0x00000018   Code   RO         4337    i.chunk_queue_next  fds.o
    0x0001ddcc   0x0000003c   Code   RO         1932    i.claim             peer_id.o
    0x0001de08   0x00000028   Code   RO         2971    i.clock_clk_started_notify  nrf_drv_clock.o
    0x0001de30   0x000000a8   Code   RO         4073    i.compare_reg_update  app_timer.o
    0x0001ded8   0x00000088   Code   RO          705    i.conn_int_encode   ble_advdata.o
    0x0001df60   0x00000020   Code   RO           13    i.conn_params_error_handler  main.o
    0x0001df80   0x00000068   Code   RO          876    i.conn_params_negotiation  ble_conn_params.o
    0x0001dfe8   0x00000024   Code   RO           14    i.connect           main.o
    0x0001e00c   0x00000010   Code   RO           15    i.db_disc_handler   main.o
    0x0001e01c   0x0000008c   Code   RO         4338    i.delete_execute    fds.o
    0x0001e0a8   0x00000084   Code   RO         1072    i.descriptors_discover  ble_db_discovery.o
    0x0001e12c   0x00000054   Code   RO           16    i.disconnect        main.o
    0x0001e180   0x00000090   Code   RO         1073    i.discovery_complete_evt_trigger  ble_db_discovery.o
    0x0001e210   0x0000002e   Code   RO         1074    i.discovery_error_evt_trigger  ble_db_discovery.o
    0x0001e23e   0x00000002   PAD
    0x0001e240   0x0000001c   Code   RO           17    i.door_invert       main.o
    0x0001e25c   0x00000084   Code   RO           18    i.door_lock         main.o
    0x0001e2e0   0x00000084   Code   RO           19    i.door_unlock       main.o
    0x0001e364   0x00000040   Code   RO         4074    i.elapsed_ticks_acquire  app_timer.o
    0x0001e3a4   0x00000030   Code   RO         2366    i.encryption_failure  security_dispatcher.o
    0x0001e3d4   0x0000006a   Code   RO         4339    i.event_prepare     fds.o
    0x0001e43e   0x00000002   PAD
    0x0001e440   0x00000020   Code   RO         4340    i.event_send        fds.o
    0x0001e460   0x00000032   Code   RO         2473    i.events_send_from_err_code  security_manager.o
    0x0001e492   0x00000002   PAD
    0x0001e494   0x0000000c   Code   RO         1222    i.evt_send          gatt_cache_manager.o
    0x0001e4a0   0x0000001c   Code   RO         1404    i.evt_send          id_manager.o
    0x0001e4bc   0x00000028   Code   RO         2018    i.evt_send          peer_manager.o
    0x0001e4e4   0x0000001c   Code   RO         2367    i.evt_send          security_dispatcher.o
    0x0001e500   0x0000000c   Code   RO         2474    i.evt_send          security_manager.o
    0x0001e50c   0x0000011c   Code   RO         1624    i.fds_evt_handler   peer_data_storage.o
    0x0001e628   0x0000004c   Code   RO         4342    i.fds_file_delete   fds.o
    0x0001e674   0x00000048   Code   RO         4343    i.fds_gc            fds.o
    0x0001e6bc   0x00000088   Code   RO         4344    i.fds_init          fds.o
    0x0001e744   0x00000040   Code   RO         4345    i.fds_record_close  fds.o
    0x0001e784   0x0000000e   Code   RO         4347    i.fds_record_find   fds.o
    0x0001e792   0x00000010   Code   RO         4348    i.fds_record_find_by_key  fds.o
    0x0001e7a2   0x00000010   Code   RO         4349    i.fds_record_find_in_file  fds.o
    0x0001e7b2   0x00000014   Code   RO         4350    i.fds_record_id_from_desc  fds.o
    0x0001e7c6   0x00000002   PAD
    0x0001e7c8   0x00000044   Code   RO         4352    i.fds_record_open   fds.o
    0x0001e80c   0x00000014   Code   RO         4353    i.fds_record_update  fds.o
    0x0001e820   0x0000000c   Code   RO         4354    i.fds_record_write  fds.o
    0x0001e82c   0x00000012   Code   RO         4355    i.fds_record_write_reserved  fds.o
    0x0001e83e   0x00000002   PAD
    0x0001e840   0x00000024   Code   RO         4356    i.fds_register      fds.o
    0x0001e864   0x00000034   Code   RO         4357    i.fds_reserve       fds.o
    0x0001e898   0x00000048   Code   RO         4358    i.fds_reserve_cancel  fds.o
    0x0001e8e0   0x00000014   Code   RO         4001    i.fifo_get          app_fifo.o
    0x0001e8f4   0x00000012   Code   RO         4002    i.fifo_put          app_fifo.o
    0x0001e906   0x0000000a   Code   RO         1625    i.file_id_to_peer_id  peer_data_storage.o
    0x0001e910   0x00000018   Code   RO         1626    i.file_id_within_pm_range  peer_data_storage.o
    0x0001e928   0x00000010   Code   RO         4360    i.flag_clear        fds.o
    0x0001e938   0x00000012   Code   RO         2368    i.flag_id_init      security_dispatcher.o
    0x0001e94a   0x00000012   Code   RO         2475    i.flag_id_init      security_manager.o
    0x0001e95c   0x00000010   Code   RO         4361    i.flag_set          fds.o
    0x0001e96c   0x0000005c   Code   RO         2476    i.flags_set_from_err_code  security_manager.o
    0x0001e9c8   0x0000007c   Code   RO         4640    i.fs_erase          fstorage.o
    0x0001ea44   0x0000000a   Code   RO         4362    i.fs_event_handler  fds.o
    0x0001ea4e   0x00000002   PAD
    0x0001ea50   0x000000ac   Code   RO         4642    i.fs_init           fstorage.o
    0x0001eafc   0x00000018   Code   RO         4645    i.fs_queued_op_count_get  fstorage.o
    0x0001eb14   0x00000084   Code   RO         4646    i.fs_store          fstorage.o
    0x0001eb98   0x00000068   Code   RO         4647    i.fs_sys_event_handler  fstorage.o
    0x0001ec00   0x00000160   Code   RO           20    i.gap_params_init   main.o
    0x0001ed60   0x00000068   Code   RO         4363    i.gc_execute        fds.o
    0x0001edc8   0x0000004c   Code   RO         4364    i.gc_next_page      fds.o
    0x0001ee14   0x0000004c   Code   RO         4365    i.gc_page_erase     fds.o
    0x0001ee60   0x00000034   Code   RO         4366    i.gc_record_copy    fds.o
    0x0001ee94   0x00000020   Code   RO         4367    i.gc_record_find_next  fds.o
    0x0001eeb4   0x00000080   Code   RO         4368    i.gc_state_advance  fds.o
    0x0001ef34   0x000000f4   Code   RO         1223    i.gcm_ble_evt_handler  gatt_cache_manager.o
    0x0001f028   0x00000068   Code   RO         1224    i.gcm_gscm_evt_handler  gatt_cache_manager.o
    0x0001f090   0x0000002c   Code   RO         1225    i.gcm_im_evt_handler  gatt_cache_manager.o
    0x0001f0bc   0x00000048   Code   RO         1226    i.gcm_init          gatt_cache_manager.o
    0x0001f104   0x0000004c   Code   RO         1227    i.gcm_local_database_has_changed  gatt_cache_manager.o
    0x0001f150   0x00000010   Code   RO         1230    i.gcm_smd_evt_handler  gatt_cache_manager.o
    0x0001f160   0x00000038   Code   RO         1405    i.get_connection_by_conn_handle  id_manager.o
    0x0001f198   0x00000030   Code   RO         1406    i.get_free_connection  id_manager.o
    0x0001f1c8   0x0000001c   Code   RO         1323    i.gscm_db_change_notification_done  gatts_cache_manager.o
    0x0001f1e4   0x00000014   Code   RO         1324    i.gscm_init         gatts_cache_manager.o
    0x0001f1f8   0x0000001c   Code   RO         1325    i.gscm_local_database_has_changed  gatts_cache_manager.o
    0x0001f214   0x0000006c   Code   RO         1326    i.gscm_local_db_cache_apply  gatts_cache_manager.o
    0x0001f280   0x00000084   Code   RO         1328    i.gscm_local_db_cache_update  gatts_cache_manager.o
    0x0001f304   0x00000050   Code   RO         1329    i.gscm_pdb_evt_handler  gatts_cache_manager.o
    0x0001f354   0x0000001c   Code   RO         1330    i.gscm_service_changed_ind_needed  gatts_cache_manager.o
    0x0001f370   0x0000002c   Code   RO         1331    i.gscm_service_changed_ind_send  gatts_cache_manager.o
    0x0001f39c   0x0000001c   Code   RO         4369    i.header_is_valid   fds.o
    0x0001f3b8   0x00000040   Code   RO         1407    i.im_address_resolve  id_manager.o
    0x0001f3f8   0x0000002c   Code   RO         1408    i.im_ble_addr_get   id_manager.o
    0x0001f424   0x000000a8   Code   RO         1409    i.im_ble_evt_handler  id_manager.o
    0x0001f4cc   0x0000002c   Code   RO         1410    i.im_conn_handle_get  id_manager.o
    0x0001f4f8   0x00000048   Code   RO         1414    i.im_init           id_manager.o
    0x0001f540   0x00000038   Code   RO         1415    i.im_is_duplicate_bonding_data  id_manager.o
    0x0001f578   0x0000001c   Code   RO         1416    i.im_master_id_is_valid  id_manager.o
    0x0001f594   0x0000002c   Code   RO         1417    i.im_master_ids_compare  id_manager.o
    0x0001f5c0   0x00000008   Code   RO         1418    i.im_new_peer_id    id_manager.o
    0x0001f5c8   0x0000006e   Code   RO         1419    i.im_pdb_evt_handler  id_manager.o
    0x0001f636   0x00000002   PAD
    0x0001f638   0x0000002c   Code   RO         1420    i.im_peer_free      id_manager.o
    0x0001f664   0x00000020   Code   RO         1421    i.im_peer_id_get_by_conn_handle  id_manager.o
    0x0001f684   0x00000044   Code   RO         1422    i.im_peer_id_get_by_master_id  id_manager.o
    0x0001f6c8   0x000000c0   Code   RO         4370    i.init_execute      fds.o
    0x0001f788   0x0000008c   Code   RO         5447    i.intern_softdevice_events_execute  softdevice_handler.o
    0x0001f814   0x00000040   Code   RO         3600    i.irq_handler       nrf_drv_timer.o
    0x0001f854   0x00000018   Code   RO         3722    i.is_allocated_channel  nrf_drv_ppi.o
    0x0001f86c   0x00000018   Code   RO         3723    i.is_allocated_group  nrf_drv_ppi.o
    0x0001f884   0x0000000e   Code   RO         3724    i.is_app_channel    nrf_drv_ppi.o
    0x0001f892   0x0000000c   Code   RO         3725    i.is_app_group      nrf_drv_ppi.o
    0x0001f89e   0x00000002   PAD
    0x0001f8a0   0x0000001c   Code   RO          877    i.is_conn_params_ok  ble_conn_params.o
    0x0001f8bc   0x00000044   Code   RO         1075    i.is_desc_discovery_reqd  ble_db_discovery.o
    0x0001f900   0x00000034   Code   RO          657    i.is_disabled_in_debug_needed  system_nrf51.o
    0x0001f934   0x00000064   Code   RO          658    i.is_manual_peripheral_setup_needed  system_nrf51.o
    0x0001f998   0x0000004c   Code   RO          659    i.is_peripheral_domain_setup_needed  system_nrf51.o
    0x0001f9e4   0x0000000c   Code   RO         3726    i.is_programmable_app_channel  nrf_drv_ppi.o
    0x0001f9f0   0x00000016   Code   RO         1427    i.is_valid_irk      id_manager.o
    0x0001fa06   0x0000000c   Code   RO         4371    i.is_word_aligned   fds.o
    0x0001fa12   0x00000002   PAD
    0x0001fa14   0x00000010   Code   RO           21    i.led_off           main.o
    0x0001fa24   0x00000010   Code   RO           22    i.led_on            main.o
    0x0001fa34   0x0000009c   Code   RO         2477    i.link_secure       security_manager.o
    0x0001fad0   0x00000088   Code   RO         2369    i.link_secure_central  security_dispatcher.o
    0x0001fb58   0x000000c8   Code   RO         2370    i.link_secure_central_existing_peer  security_dispatcher.o
    0x0001fc20   0x00000070   Code   RO         2371    i.link_secure_central_new_peer  security_dispatcher.o
    0x0001fc90   0x00000050   Code   RO         2372    i.link_secure_failure  security_dispatcher.o
    0x0001fce0   0x0000005c   Code   RO         2478    i.link_secure_pending_process  security_manager.o
    0x0001fd3c   0x000000ac   Code   RO         4075    i.list_deletions_handler  app_timer.o
    0x0001fde8   0x000000bc   Code   RO         4076    i.list_insertions_handler  app_timer.o
    0x0001fea4   0x00000060   Code   RO           23    i.lls_init          main.o
    0x0001ff04   0x00000078   Code   RO         1231    i.local_db_apply_in_evt  gatt_cache_manager.o
    0x0001ff7c   0x00000078   Code   RO         1232    i.local_db_update_in_evt  gatt_cache_manager.o
    0x0001fff4   0x00000034   Code   RO         2316    i.lock_by_mask      pm_mutex.o
    0x00020028   0x00000190   Code   RO           24    i.main              main.o
    0x000201b8   0x00000068   Code   RO          706    i.manuf_specific_data_encode  ble_advdata.o
    0x00020220   0x0000009e   Code   RO          707    i.name_encode       ble_advdata.o
    0x000202be   0x00000002   PAD
    0x000202c0   0x0000005c   Code   RO         1428    i.new_connection    id_manager.o
    0x0002031c   0x00000034   Code   RO         1933    i.next_id_get       peer_id.o
    0x00020350   0x00000014   Code   RO         2871    i.nrf_adc_event_check  nrf_drv_adc.o
    0x00020364   0x00000010   Code   RO         2872    i.nrf_adc_event_clear  nrf_drv_adc.o
    0x00020374   0x00000010   Code   RO         3175    i.nrf_bitmask_bit_is_set  nrf_drv_gpiote.o
    0x00020384   0x00000010   Code   RO         2975    i.nrf_clock_event_check  nrf_drv_clock.o
    0x00020394   0x0000000c   Code   RO         2976    i.nrf_clock_event_clear  nrf_drv_clock.o
    0x000203a0   0x00000030   Code   RO         4077    i.nrf_delay_us      app_timer.o
    0x000203d0   0x00000064   Code   RO         2873    i.nrf_drv_adc_buffer_convert  nrf_drv_adc.o
    0x00020434   0x00000020   Code   RO         2875    i.nrf_drv_adc_channel_enable  nrf_drv_adc.o
    0x00020454   0x00000040   Code   RO         2876    i.nrf_drv_adc_init  nrf_drv_adc.o
    0x00020494   0x0000000c   Code   RO         2878    i.nrf_drv_adc_sample  nrf_drv_adc.o
    0x000204a0   0x00000048   Code   RO         2984    i.nrf_drv_clock_init  nrf_drv_clock.o
    0x000204e8   0x00000034   Code   RO         2991    i.nrf_drv_clock_on_sd_enable  nrf_drv_clock.o
    0x0002051c   0x0000000c   Code   RO         2992    i.nrf_drv_clock_on_soc_event  nrf_drv_clock.o
    0x00020528   0x00000060   Code   RO         3136    i.nrf_drv_common_irq_enable  nrf_drv_common.o
    0x00020588   0x0000005c   Code   RO         3182    i.nrf_drv_gpiote_init  nrf_drv_gpiote.o
    0x000205e4   0x00000010   Code   RO         3183    i.nrf_drv_gpiote_is_init  nrf_drv_gpiote.o
    0x000205f4   0x00000094   Code   RO         3185    i.nrf_drv_gpiote_out_init  nrf_drv_gpiote.o
    0x00020688   0x00000014   Code   RO         3187    i.nrf_drv_gpiote_out_task_addr_get  nrf_drv_gpiote.o
    0x0002069c   0x00000020   Code   RO         3188    i.nrf_drv_gpiote_out_task_disable  nrf_drv_gpiote.o
    0x000206bc   0x00000030   Code   RO         3189    i.nrf_drv_gpiote_out_task_enable  nrf_drv_gpiote.o
    0x000206ec   0x00000030   Code   RO         3190    i.nrf_drv_gpiote_out_task_force  nrf_drv_gpiote.o
    0x0002071c   0x00000044   Code   RO         3193    i.nrf_drv_gpiote_out_uninit  nrf_drv_gpiote.o
    0x00020760   0x00000068   Code   RO         3727    i.nrf_drv_ppi_channel_alloc  nrf_drv_ppi.o
    0x000207c8   0x00000040   Code   RO         3728    i.nrf_drv_ppi_channel_assign  nrf_drv_ppi.o
    0x00020808   0x0000003c   Code   RO         3729    i.nrf_drv_ppi_channel_disable  nrf_drv_ppi.o
    0x00020844   0x0000003c   Code   RO         3730    i.nrf_drv_ppi_channel_enable  nrf_drv_ppi.o
    0x00020880   0x00000040   Code   RO         3732    i.nrf_drv_ppi_channel_free  nrf_drv_ppi.o
    0x000208c0   0x00000054   Code   RO         3733    i.nrf_drv_ppi_channels_include_in_group  nrf_drv_ppi.o
    0x00020914   0x00000054   Code   RO         3734    i.nrf_drv_ppi_channels_remove_from_group  nrf_drv_ppi.o
    0x00020968   0x00000064   Code   RO         3735    i.nrf_drv_ppi_group_alloc  nrf_drv_ppi.o
    0x000209cc   0x00000034   Code   RO         3737    i.nrf_drv_ppi_group_enable  nrf_drv_ppi.o
    0x00020a00   0x00000050   Code   RO         3738    i.nrf_drv_ppi_group_free  nrf_drv_ppi.o
    0x00020a50   0x00000018   Code   RO         3739    i.nrf_drv_ppi_init  nrf_drv_ppi.o
    0x00020a68   0x0000000e   Code   RO         4890    i.nrf_drv_timer_capture_get  app_pwm.o
    0x00020a76   0x0000000c   Code   RO         4891    i.nrf_drv_timer_capture_task_address_get  app_pwm.o
    0x00020a82   0x00000008   Code   RO         3602    i.nrf_drv_timer_clear  nrf_drv_timer.o
    0x00020a8a   0x0000002a   Code   RO         3603    i.nrf_drv_timer_compare  nrf_drv_timer.o
    0x00020ab4   0x0000000e   Code   RO         4892    i.nrf_drv_timer_compare_event_address_get  app_pwm.o
    0x00020ac2   0x00000012   Code   RO         3604    i.nrf_drv_timer_compare_int_disable  nrf_drv_timer.o
    0x00020ad4   0x00000022   Code   RO         3605    i.nrf_drv_timer_compare_int_enable  nrf_drv_timer.o
    0x00020af6   0x00000002   PAD
    0x00020af8   0x00000018   Code   RO         3606    i.nrf_drv_timer_disable  nrf_drv_timer.o
    0x00020b10   0x0000001c   Code   RO         3607    i.nrf_drv_timer_enable  nrf_drv_timer.o
    0x00020b2c   0x0000002e   Code   RO         3608    i.nrf_drv_timer_extended_compare  nrf_drv_timer.o
    0x00020b5a   0x00000002   PAD
    0x00020b5c   0x0000009c   Code   RO         3610    i.nrf_drv_timer_init  nrf_drv_timer.o
    0x00020bf8   0x00000058   Code   RO         3613    i.nrf_drv_timer_uninit  nrf_drv_timer.o
    0x00020c50   0x00000080   Code   RO         3406    i.nrf_drv_uart_init  nrf_drv_uart.o
    0x00020cd0   0x0000005c   Code   RO         3407    i.nrf_drv_uart_rx   nrf_drv_uart.o
    0x00020d2c   0x0000002c   Code   RO         3410    i.nrf_drv_uart_rx_enable  nrf_drv_uart.o
    0x00020d58   0x000000a8   Code   RO         3411    i.nrf_drv_uart_rx_for_uart  nrf_drv_uart.o
    0x00020e00   0x00000034   Code   RO         3412    i.nrf_drv_uart_tx   nrf_drv_uart.o
    0x00020e34   0x0000008c   Code   RO         3414    i.nrf_drv_uart_tx_for_uart  nrf_drv_uart.o
    0x00020ec0   0x00000018   Code   RO         3415    i.nrf_drv_uart_tx_in_progress  nrf_drv_uart.o
    0x00020ed8   0x00000028   Code   RO           25    i.nrf_gpio_cfg      main.o
    0x00020f00   0x00000028   Code   RO         3195    i.nrf_gpio_cfg      nrf_drv_gpiote.o
    0x00020f28   0x00000028   Code   RO         3417    i.nrf_gpio_cfg      nrf_drv_uart.o
    0x00020f50   0x00000012   Code   RO         3196    i.nrf_gpio_cfg_default  nrf_drv_gpiote.o
    0x00020f62   0x00000012   Code   RO           26    i.nrf_gpio_cfg_input  main.o
    0x00020f74   0x00000012   Code   RO         3419    i.nrf_gpio_cfg_input  nrf_drv_uart.o
    0x00020f86   0x00000014   Code   RO           27    i.nrf_gpio_cfg_output  main.o
    0x00020f9a   0x00000014   Code   RO         3420    i.nrf_gpio_cfg_output  nrf_drv_uart.o
    0x00020fae   0x00000022   Code   RO         3197    i.nrf_gpio_cfg_sense_set  nrf_drv_gpiote.o
    0x00020fd0   0x00000010   Code   RO           28    i.nrf_gpio_pin_clear  main.o
    0x00020fe0   0x00000010   Code   RO         3198    i.nrf_gpio_pin_clear  nrf_drv_gpiote.o
    0x00020ff0   0x00000010   Code   RO         4893    i.nrf_gpio_pin_clear  app_pwm.o
    0x00021000   0x00000010   Code   RO           29    i.nrf_gpio_pin_set  main.o
    0x00021010   0x00000010   Code   RO         3200    i.nrf_gpio_pin_set  nrf_drv_gpiote.o
    0x00021020   0x00000010   Code   RO         3421    i.nrf_gpio_pin_set  nrf_drv_uart.o
    0x00021030   0x00000010   Code   RO         4894    i.nrf_gpio_pin_set  app_pwm.o
    0x00021040   0x00000012   Code   RO           30    i.nrf_gpio_pin_write  main.o
    0x00021052   0x00000002   PAD
    0x00021054   0x00000028   Code   RO         3201    i.nrf_gpio_ports_read  nrf_drv_gpiote.o
    0x0002107c   0x00000010   Code   RO         3202    i.nrf_gpiote_event_clear  nrf_drv_gpiote.o
    0x0002108c   0x00000014   Code   RO         3203    i.nrf_gpiote_event_is_set  nrf_drv_gpiote.o
    0x000210a0   0x00000008   Code   RO         5093    i.nrf_log_backend_hexdump_handler_get  nrf_log_backend_serial.o
    0x000210a8   0x00000024   Code   RO         5094    i.nrf_log_backend_init  nrf_log_backend_serial.o
    0x000210cc   0x0000011e   Code   RO         5095    i.nrf_log_backend_serial_hexdump_handler  nrf_log_backend_serial.o
    0x000211ea   0x000000ae   Code   RO         5096    i.nrf_log_backend_serial_std_handler  nrf_log_backend_serial.o
    0x00021298   0x00000008   Code   RO         5097    i.nrf_log_backend_std_handler_get  nrf_log_backend_serial.o
    0x000212a0   0x00000018   Code   RO         5179    i.nrf_log_direct_feed  nrf_log_frontend.o
    0x000212b8   0x0000000c   Code   RO         5183    i.nrf_log_frontend_std_0  nrf_log_frontend.o
    0x000212c4   0x0000000e   Code   RO         5184    i.nrf_log_frontend_std_1  nrf_log_frontend.o
    0x000212d2   0x00000010   Code   RO         5185    i.nrf_log_frontend_std_2  nrf_log_frontend.o
    0x000212e2   0x00000012   Code   RO         5186    i.nrf_log_frontend_std_3  nrf_log_frontend.o
    0x000212f4   0x0000000c   Code   RO         5191    i.nrf_log_handlers_set  nrf_log_frontend.o
    0x00021300   0x00000022   Code   RO         5192    i.nrf_log_init      nrf_log_frontend.o
    0x00021322   0x0000000c   Code   RO         3422    i.nrf_uart_errorsrc_get_and_clear  nrf_drv_uart.o
    0x0002132e   0x0000000a   Code   RO         3423    i.nrf_uart_event_check  nrf_drv_uart.o
    0x00021338   0x0000000c   Code   RO         3424    i.nrf_uart_hwfc_pins_set  nrf_drv_uart.o
    0x00021344   0x00000010   Code   RO         3425    i.nrf_uart_int_enable_check  nrf_drv_uart.o
    0x00021354   0x0000000c   Code   RO         3426    i.nrf_uart_txrx_pins_set  nrf_drv_uart.o
    0x00021360   0x0000007a   Code   RO           31    i.nus_data_handler  main.o
    0x000213da   0x00000002   PAD
    0x000213dc   0x00000048   Code   RO           32    i.on_adv_evt        main.o
    0x00021424   0x00000054   Code   RO           33    i.on_bas_evt        main.o
    0x00021478   0x00000160   Code   RO           34    i.on_ble_evt        main.o
    0x000215d8   0x00000108   Code   RO         1076    i.on_characteristic_discovery_rsp  ble_db_discovery.o
    0x000216e0   0x00000034   Code   RO           35    i.on_conn_params_evt  main.o
    0x00021714   0x00000104   Code   RO         1077    i.on_descriptor_discovery_rsp  ble_db_discovery.o
    0x00021818   0x00000050   Code   RO           36    i.on_ias_c_evt      main.o
    0x00021868   0x00000010   Code   RO           37    i.on_ias_evt        main.o
    0x00021878   0x00000010   Code   RO           38    i.on_lls_evt        main.o
    0x00021888   0x00000050   Code   RO         4648    i.on_operation_success  fstorage.o
    0x000218d8   0x000000dc   Code   RO         1078    i.on_primary_srv_discovery_rsp  ble_db_discovery.o
    0x000219b4   0x0000007c   Code   RO         1079    i.on_srv_disc_completion  ble_db_discovery.o
    0x00021a30   0x00000078   Code   RO         4372    i.op_enqueue        fds.o
    0x00021aa8   0x00000012   Code   RO         4373    i.page_offsets_update  fds.o
    0x00021aba   0x00000002   PAD
    0x00021abc   0x00000058   Code   RO         4374    i.page_scan         fds.o
    0x00021b14   0x0000001c   Code   RO         4375    i.page_tag_write_data  fds.o
    0x00021b30   0x00000024   Code   RO         4376    i.page_tag_write_swap  fds.o
    0x00021b54   0x000000f0   Code   RO         4377    i.pages_init        fds.o
    0x00021c44   0x00000070   Code   RO         2373    i.pairing_failure   security_dispatcher.o
    0x00021cb4   0x00000038   Code   RO         4895    i.pan73_workaround  app_pwm.o
    0x00021cec   0x0000003c   Code   RO         2479    i.params_reply_pending_process  security_manager.o
    0x00021d28   0x0000001c   Code   RO         1779    i.pdb_evt_send      peer_database.o
    0x00021d44   0x0000004c   Code   RO         1780    i.pdb_init          peer_database.o
    0x00021d90   0x00000008   Code   RO         1782    i.pdb_next_deleted_peer_id_get  peer_database.o
    0x00021d98   0x00000008   Code   RO         1783    i.pdb_next_peer_id_get  peer_database.o
    0x00021da0   0x00000134   Code   RO         1784    i.pdb_pds_evt_handler  peer_database.o
    0x00021ed4   0x00000008   Code   RO         1785    i.pdb_peer_allocate  peer_database.o
    0x00021edc   0x0000000a   Code   RO         1787    i.pdb_peer_data_ptr_get  peer_database.o
    0x00021ee6   0x0000004a   Code   RO         1788    i.pdb_peer_free     peer_database.o
    0x00021f30   0x0000000c   Code   RO         1789    i.pdb_raw_store     peer_database.o
    0x00021f3c   0x00000108   Code   RO         1790    i.pdb_write_buf_get  peer_database.o
    0x00022044   0x0000002a   Code   RO         1791    i.pdb_write_buf_release  peer_database.o
    0x0002206e   0x00000002   PAD
    0x00022070   0x000000c8   Code   RO         1792    i.pdb_write_buf_store  peer_database.o
    0x00022138   0x00000068   Code   RO         1793    i.pdb_write_buf_store_prepare  peer_database.o
    0x000221a0   0x0000000c   Code   RO         1627    i.pds_evt_send      peer_data_storage.o
    0x000221ac   0x00000070   Code   RO         1628    i.pds_init          peer_data_storage.o
    0x0002221c   0x00000008   Code   RO         1629    i.pds_next_deleted_peer_id_get  peer_data_storage.o
    0x00022224   0x00000008   Code   RO         1630    i.pds_next_peer_id_get  peer_data_storage.o
    0x0002222c   0x00000054   Code   RO         1633    i.pds_peer_data_iterate  peer_data_storage.o
    0x00022280   0x00000010   Code   RO         1634    i.pds_peer_data_iterate_prepare  peer_data_storage.o
    0x00022290   0x00000070   Code   RO         1635    i.pds_peer_data_read  peer_data_storage.o
    0x00022300   0x000000ae   Code   RO         1636    i.pds_peer_data_store  peer_data_storage.o
    0x000223ae   0x00000002   PAD
    0x000223b0   0x00000010   Code   RO         1637    i.pds_peer_id_allocate  peer_data_storage.o
    0x000223c0   0x00000016   Code   RO         1638    i.pds_peer_id_free  peer_data_storage.o
    0x000223d6   0x00000008   Code   RO         1639    i.pds_peer_id_is_allocated  peer_data_storage.o
    0x000223de   0x00000030   Code   RO         1640    i.pds_space_reserve  peer_data_storage.o
    0x0002240e   0x00000010   Code   RO         1641    i.pds_space_reserve_cancel  peer_data_storage.o
    0x0002241e   0x0000000a   Code   RO         1794    i.peer_data_const_point_to_buffer  peer_database.o
    0x00022428   0x00000080   Code   RO         1642    i.peer_data_delete  peer_data_storage.o
    0x000224a8   0x00000030   Code   RO         1643    i.peer_data_find    peer_data_storage.o
    0x000224d8   0x00000020   Code   RO         1644    i.peer_data_id_is_valid  peer_data_storage.o
    0x000224f8   0x00000014   Code   RO         1795    i.peer_data_point_to_buffer  peer_database.o
    0x0002250c   0x00000010   Code   RO         1934    i.peer_id_allocate  peer_id.o
    0x0002251c   0x00000028   Code   RO         1935    i.peer_id_delete    peer_id.o
    0x00022544   0x0000001c   Code   RO         1936    i.peer_id_free      peer_id.o
    0x00022560   0x00000010   Code   RO         1937    i.peer_id_get_next_deleted  peer_id.o
    0x00022570   0x00000034   Code   RO         1938    i.peer_id_get_next_used  peer_id.o
    0x000225a4   0x00000028   Code   RO         1939    i.peer_id_init      peer_id.o
    0x000225cc   0x00000018   Code   RO         1940    i.peer_id_is_allocated  peer_id.o
    0x000225e4   0x00000018   Code   RO         1941    i.peer_id_is_deleted  peer_id.o
    0x000225fc   0x0000001c   Code   RO         1429    i.peer_id_set       id_manager.o
    0x00022618   0x0000000a   Code   RO         1645    i.peer_id_to_file_id  peer_data_storage.o
    0x00022622   0x00000002   PAD
    0x00022624   0x000000c0   Code   RO           39    i.peer_manager_init  main.o
    0x000226e4   0x00000018   Code   RO         3206    i.pin_in_use_by_te  nrf_drv_gpiote.o
    0x000226fc   0x0000005e   Code   RO         2278    i.pm_buffer_block_acquire  pm_buffer.o
    0x0002275a   0x00000044   Code   RO         2279    i.pm_buffer_init    pm_buffer.o
    0x0002279e   0x0000002e   Code   RO         2280    i.pm_buffer_ptr_get  pm_buffer.o
    0x000227cc   0x0000002a   Code   RO         2281    i.pm_buffer_release  pm_buffer.o
    0x000227f6   0x00000008   Code   RO         2020    i.pm_conn_sec_config_reply  peer_manager.o
    0x000227fe   0x00000002   PAD
    0x00022800   0x00000114   Code   RO           40    i.pm_evt_handler    main.o
    0x00022914   0x00000088   Code   RO         2024    i.pm_gcm_evt_handler  peer_manager.o
    0x0002299c   0x00000050   Code   RO         2027    i.pm_im_evt_handler  peer_manager.o
    0x000229ec   0x00000070   Code   RO         2028    i.pm_init           peer_manager.o
    0x00022a5c   0x00000014   Code   RO         2030    i.pm_local_database_has_changed  peer_manager.o
    0x00022a70   0x00000010   Code   RO         2317    i.pm_mutex_init     pm_mutex.o
    0x00022a80   0x0000001c   Code   RO         2318    i.pm_mutex_lock     pm_mutex.o
    0x00022a9c   0x00000034   Code   RO         2319    i.pm_mutex_lock_first_available  pm_mutex.o
    0x00022ad0   0x00000018   Code   RO         2320    i.pm_mutex_lock_status_get  pm_mutex.o
    0x00022ae8   0x00000036   Code   RO         2321    i.pm_mutex_unlock   pm_mutex.o
    0x00022b1e   0x00000002   PAD
    0x00022b20   0x00000024   Code   RO         2032    i.pm_on_ble_evt     peer_manager.o
    0x00022b44   0x0000013c   Code   RO         2033    i.pm_pdb_evt_handler  peer_manager.o
    0x00022c80   0x00000018   Code   RO         2044    i.pm_peer_delete    peer_manager.o
    0x00022c98   0x0000003c   Code   RO         2049    i.pm_peers_delete   peer_manager.o
    0x00022cd4   0x00000030   Code   RO         2052    i.pm_register       peer_manager.o
    0x00022d04   0x00000018   Code   RO         2054    i.pm_sec_params_set  peer_manager.o
    0x00022d1c   0x00000150   Code   RO         2055    i.pm_sm_evt_handler  peer_manager.o
    0x00022e6c   0x00000018   Code   RO         4896    i.pwm_channel_ppi_disable  app_pwm.o
    0x00022e84   0x00000080   Code   RO         4897    i.pwm_dealloc       app_pwm.o
    0x00022f04   0x00000014   Code   RO         4898    i.pwm_ppi_disable   app_pwm.o
    0x00022f18   0x0000000c   Code   RO           41    i.pwm_ready_callback  main.o
    0x00022f24   0x00000058   Code   RO         4899    i.pwm_ready_tick    app_pwm.o
    0x00022f7c   0x000000e4   Code   RO           42    i.pwm_start         main.o
    0x00023060   0x00000078   Code   RO         4900    i.pwm_transition_0or100_to_0or100  app_pwm.o
    0x000230d8   0x00000114   Code   RO         4901    i.pwm_transition_0or100_to_n  app_pwm.o
    0x000231ec   0x0000010c   Code   RO         4902    i.pwm_transition_n_to_0or100  app_pwm.o
    0x000232f8   0x000000dc   Code   RO         4903    i.pwm_transition_n_to_m  app_pwm.o
    0x000233d4   0x0000002c   Code   RO         4649    i.queue_advance     fstorage.o
    0x00023400   0x00000038   Code   RO         4650    i.queue_get_next_free  fstorage.o
    0x00023438   0x000000bc   Code   RO         4378    i.queue_process     fds.o
    0x000234f4   0x0000006c   Code   RO         4651    i.queue_process     fstorage.o
    0x00023560   0x0000001c   Code   RO         4379    i.queue_start       fds.o
    0x0002357c   0x0000001c   Code   RO         4652    i.queue_start       fstorage.o
    0x00023598   0x00000010   Code   RO         5448    i.ram_end_address_get  softdevice_handler.o
    0x000235a8   0x00000084   Code   RO         4380    i.record_find       fds.o
    0x0002362c   0x000000a0   Code   RO         4381    i.record_find_by_desc  fds.o
    0x000236cc   0x00000054   Code   RO         4382    i.record_find_next  fds.o
    0x00023720   0x00000038   Code   RO         4383    i.record_header_flag_dirty  fds.o
    0x00023758   0x0000000a   Code   RO         1646    i.record_key_to_peer_data_id  peer_data_storage.o
    0x00023762   0x00000002   PAD
    0x00023764   0x00000018   Code   RO         1647    i.record_key_within_pm_range  peer_data_storage.o
    0x0002377c   0x0000005c   Code   RO         4384    i.record_write_chunk  fds.o
    0x000237d8   0x00000038   Code   RO         1080    i.registered_handler_get  ble_db_discovery.o
    0x00023810   0x00000012   Code   RO         1943    i.release           peer_id.o
    0x00023822   0x00000002   PAD
    0x00023824   0x00000044   Code   RO         4078    i.rtc1_stop         app_timer.o
    0x00023868   0x00000026   Code   RO         3427    i.rx_byte           nrf_drv_uart.o
    0x0002388e   0x0000009a   Code   RO         2792    i.rx_char_add       ble_nus.o
    0x00023928   0x00000014   Code   RO         3428    i.rx_done_event     nrf_drv_uart.o
    0x0002393c   0x0000001a   Code   RO         3429    i.rx_enable         nrf_drv_uart.o
    0x00023956   0x00000002   PAD
    0x00023958   0x00000088   Code   RO         5450    i.sd_nvic_EnableIRQ  softdevice_handler.o
    0x000239e0   0x00000062   Code   RO         4794    i.sdk_mapped_flags_bulk_update_by_key  sdk_mapped_flags.o
    0x00023a42   0x00000002   PAD
    0x00023a44   0x00000028   Code   RO         4795    i.sdk_mapped_flags_first_key_index_get  sdk_mapped_flags.o
    0x00023a6c   0x00000012   Code   RO         4796    i.sdk_mapped_flags_get_by_index  sdk_mapped_flags.o
    0x00023a7e   0x0000002c   Code   RO         4797    i.sdk_mapped_flags_get_by_key  sdk_mapped_flags.o
    0x00023aaa   0x00000046   Code   RO         4798    i.sdk_mapped_flags_key_list_get  sdk_mapped_flags.o
    0x00023af0   0x0000001a   Code   RO         4800    i.sdk_mapped_flags_update_by_key  sdk_mapped_flags.o
    0x00023b0a   0x00000002   PAD
    0x00023b0c   0x000000b4   Code   RO         2374    i.sec_info_request_process  security_dispatcher.o
    0x00023bc0   0x00000076   Code   RO         2480    i.sec_params_verify  security_manager.o
    0x00023c36   0x00000002   PAD
    0x00023c38   0x0000004c   Code   RO         2375    i.sec_proc_start    security_dispatcher.o
    0x00023c84   0x00000020   Code   RO         2376    i.sec_start_send    security_dispatcher.o
    0x00023ca4   0x00000048   Code   RO         4653    i.send_event        fstorage.o
    0x00023cec   0x0000002c   Code   RO         5098    i.serial_tx         nrf_log_backend_serial.o
    0x00023d18   0x00000058   Code   RO         1233    i.service_changed_pending_flags_check  gatt_cache_manager.o
    0x00023d70   0x00000044   Code   RO         1332    i.service_changed_pending_set  gatts_cache_manager.o
    0x00023db4   0x00000098   Code   RO         1234    i.service_changed_send_in_evt  gatt_cache_manager.o
    0x00023e4c   0x0000008e   Code   RO          708    i.service_data_encode  ble_advdata.o
    0x00023eda   0x00000002   PAD
    0x00023edc   0x0000001c   Code   RO           43    i.service_error_handler  main.o
    0x00023ef8   0x000000e4   Code   RO           44    i.services_init     main.o
    0x00023fdc   0x00000058   Code   RO          786    i.set_adv_mode_fast  ble_advertising.o
    0x00024034   0x00000054   Code   RO          787    i.set_adv_mode_slow  ble_advertising.o
    0x00024088   0x00000014   Code   RO         2481    i.sm_ble_evt_handler  security_manager.o
    0x0002409c   0x0000001c   Code   RO         2482    i.sm_conn_sec_config_reply  security_manager.o
    0x000240b8   0x00000050   Code   RO         2483    i.sm_init           security_manager.o
    0x00024108   0x00000034   Code   RO         2486    i.sm_pdb_evt_handler  security_manager.o
    0x0002413c   0x00000030   Code   RO         2488    i.sm_sec_params_set  security_manager.o
    0x0002416c   0x0000007c   Code   RO         2489    i.sm_smd_evt_handler  security_manager.o
    0x000241e8   0x000000e4   Code   RO         2377    i.smd_ble_evt_handler  security_dispatcher.o
    0x000242cc   0x0000003c   Code   RO         2378    i.smd_init          security_dispatcher.o
    0x00024308   0x00000030   Code   RO         2379    i.smd_link_secure   security_dispatcher.o
    0x00024338   0x00000108   Code   RO         2380    i.smd_params_reply  security_dispatcher.o
    0x00024440   0x00000088   Code   RO         2490    i.smd_params_reply_perform  security_manager.o
    0x000244c8   0x00000034   Code   RO         2381    i.smd_pdb_evt_handler  security_dispatcher.o
    0x000244fc   0x00000014   Code   RO         5451    i.softdevice_ble_evt_handler_set  softdevice_handler.o
    0x00024510   0x000000a0   Code   RO         5452    i.softdevice_enable  softdevice_handler.o
    0x000245b0   0x00000028   Code   RO         5453    i.softdevice_enable_get_default_config  softdevice_handler.o
    0x000245d8   0x00000008   Code   RO         5454    i.softdevice_fault_handler  softdevice_handler.o
    0x000245e0   0x00000058   Code   RO         5455    i.softdevice_handler_init  softdevice_handler.o
    0x00024638   0x0000000c   Code   RO         5456    i.softdevice_handler_is_enabled  softdevice_handler.o
    0x00024644   0x00000014   Code   RO         5461    i.softdevice_sys_evt_handler_set  softdevice_handler.o
    0x00024658   0x00000010   Code   RO           45    i.sys_evt_dispatch  main.o
    0x00024668   0x00000028   Code   RO           46    i.timer_advertisement_led_event_handler  main.o
    0x00024690   0x00000054   Code   RO           47    i.timer_buzzer_stop_event_handler  main.o
    0x000246e4   0x00000080   Code   RO         4079    i.timer_list_handler  app_timer.o
    0x00024764   0x00000010   Code   RO         4080    i.timer_list_handler_sched  app_timer.o
    0x00024774   0x00000040   Code   RO         4081    i.timer_list_insert  app_timer.o
    0x000247b4   0x00000054   Code   RO           48    i.timer_motor_stop_event_handler  main.o
    0x00024808   0x00000048   Code   RO         4082    i.timer_stop_op_schedule  app_timer.o
    0x00024850   0x000000c0   Code   RO         4083    i.timer_timeouts_check  app_timer.o
    0x00024910   0x000000ac   Code   RO           49    i.timers_init       main.o
    0x000249bc   0x00000034   Code   RO         5099    i.timestamp_process  nrf_log_backend_serial.o
    0x000249f0   0x0000001e   Code   RO         3430    i.tx_byte           nrf_drv_uart.o
    0x00024a0e   0x0000007c   Code   RO         2793    i.tx_char_add       ble_nus.o
    0x00024a8a   0x00000018   Code   RO         3431    i.tx_done_event     nrf_drv_uart.o
    0x00024aa2   0x00000002   PAD
    0x00024aa4   0x00000088   Code   RO         2755    i.tx_power_level_char_add  ble_tps.o
    0x00024b2c   0x000000c8   Code   RO           50    i.uart_event_handle  main.o
    0x00024bf4   0x000000a8   Code   RO         4213    i.uart_event_handler  app_uart_fifo.o
    0x00024c9c   0x00000124   Code   RO         3432    i.uart_irq_handler  nrf_drv_uart.o
    0x00024dc0   0x0000000a   Code   RO          709    i.uint16_encode     ble_advdata.o
    0x00024dca   0x00000002   PAD
    0x00024dcc   0x00000064   Code   RO          878    i.update_timeout_handler  ble_conn_params.o
    0x00024e30   0x00000018   Code   RO          955    i.user_flag_is_acquired  ble_conn_state.o
    0x00024e48   0x0000002c   Code   RO         4084    i.user_op_alloc     app_timer.o
    0x00024e74   0x00000030   Code   RO          710    i.uuid_list_encode  ble_advdata.o
    0x00024ea4   0x000000ae   Code   RO          711    i.uuid_list_sized_encode  ble_advdata.o
    0x00024f52   0x00000002   PAD
    0x00024f54   0x00000018   Code   RO          788    i.whitelist_has_entries  ble_advertising.o
    0x00024f6c   0x00000024   Code   RO         1796    i.write_buf_length_words_set  peer_database.o
    0x00024f90   0x00000024   Code   RO         1797    i.write_buffer_record_find  peer_database.o
    0x00024fb4   0x00000028   Code   RO         1798    i.write_buffer_record_find_next  peer_database.o
    0x00024fdc   0x00000022   Code   RO         1799    i.write_buffer_record_invalidate  peer_database.o
    0x00024ffe   0x00000002   PAD
    0x00025000   0x00000028   Code   RO         1800    i.write_buffer_record_release  peer_database.o
    0x00025028   0x00000118   Code   RO         4385    i.write_enqueue     fds.o
    0x00025140   0x000000f4   Code   RO         4386    i.write_execute     fds.o
    0x00025234   0x00000014   Code   RO         4387    i.write_space_free  fds.o
    0x00025248   0x0000004c   Code   RO         4388    i.write_space_reserve  fds.o
    0x00025294   0x0000012c   Data   RO           57    .constdata          main.o
    0x000253c0   0x00000008   Data   RO           58    .constdata          main.o
    0x000253c8   0x00000004   Data   RO          881    .constdata          ble_conn_params.o
    0x000253cc   0x000000c4   Data   RO         1082    .constdata          ble_db_discovery.o
    0x00025490   0x00000004   Data   RO         1333    .constdata          gatts_cache_manager.o
    0x00025494   0x00000010   Data   RO         1334    .constdata          gatts_cache_manager.o
    0x000254a4   0x00000004   Data   RO         1335    .constdata          gatts_cache_manager.o
    0x000254a8   0x00000008   Data   RO         1432    .constdata          id_manager.o
    0x000254b0   0x00000004   Data   RO         1648    .constdata          peer_data_storage.o
    0x000254b4   0x00000014   Data   RO         1802    .constdata          peer_database.o
    0x000254c8   0x00000044   Data   RO         2383    .constdata          security_dispatcher.o
    0x0002550c   0x00000004   Data   RO         2491    .constdata          security_manager.o
    0x00025510   0x00000010   Data   RO         2794    .constdata          ble_nus.o
    0x00025520   0x00000001   Data   RO         2882    .constdata          nrf_drv_adc.o
    0x00025521   0x00000003   PAD
    0x00025524   0x00000004   Data   RO         3208    .constdata          nrf_drv_gpiote.o
    0x00025528   0x00000020   Data   RO         4215    .constdata          app_uart_fifo.o
    0x00025548   0x00000014   Data   RO         4390    .constdata          fds.o
    0x0002555c   0x0000000c   Data   RO         4905    .constdata          app_pwm.o
    0x00025568   0x0000009a   Data   RO         5462    .constdata          softdevice_handler.o
    0x00025602   0x00000081   Data   RO         5584    .constdata          mc_p.l(ctype_o.o)
    0x00025683   0x00000001   PAD
    0x00025684   0x00000004   Data   RO         5585    .constdata          mc_p.l(ctype_o.o)
    0x00025688   0x00000020   Data   RO         5921    Region$$Table       anon$$obj.o


    Execution Region RW_IRAM1 (Base: 0x20001fe8, Size: 0x00001de8, Max: 0x00006018, ABSOLUTE, COMPRESSED[0x00000048])

    Base Addr    Size         Type   Attr      Idx    E Section Name        Object

    0x20001fe8   0x0000002c   Data   RW           59    .data               main.o
    0x20002014   0x00000004   Data   RW          660    .data               system_nrf51.o
    0x20002018   0x00000030   Data   RW          792    .data               ble_advertising.o
    0x20002048   0x00000014   Data   RW          882    .data               ble_conn_params.o
    0x2000205c   0x00000010   Data   RW         1083    .data               ble_db_discovery.o
    0x2000206c   0x0000000c   Data   RW         1235    .data               gatt_cache_manager.o
    0x20002078   0x0000000c   Data   RW         1336    .data               gatts_cache_manager.o
    0x20002084   0x0000000a   Data   RW         1433    .data               id_manager.o
    0x2000208e   0x00000002   PAD
    0x20002090   0x0000000c   Data   RW         1649    .data               peer_data_storage.o
    0x2000209c   0x00000008   Data   RW         1803    .data               peer_database.o
    0x200020a4   0x00000010   Data   RW         2060    .data               peer_manager.o
    0x200020b4   0x00000004   Data   RW         2384    .data               security_dispatcher.o
    0x200020b8   0x00000015   Data   RW         2492    .data               security_manager.o
    0x200020cd   0x00000003   PAD
    0x200020d0   0x00000008   Data   RW         3755    .data               nrf_drv_ppi.o
    0x200020d8   0x00000020   Data   RW         4085    .data               app_timer.o
    0x200020f8   0x00000010   Data   RW         4216    .data               app_uart_fifo.o
    0x20002108   0x0000000c   Data   RW         4271    .data               app_util_platform.o
    0x20002114   0x00000018   Data   RW         4391    .data               fds.o
    0x2000212c   0x00000002   Data   RW         4655    .data               fstorage.o
    0x2000212e   0x00000009   Data   RW         4906    .data               app_pwm.o
    0x20002137   0x00000002   Data   RW         5101    .data               nrf_log_backend_serial.o
    0x20002139   0x00000003   PAD
    0x2000213c   0x00000014   Data   RW         5463    .data               softdevice_handler.o
    0x20002150   0x00000010   Data   RW         4392    fs_data             fds.o
    0x20002160   0x00000020   Zero   RW           51    .bss                main.o
    0x20002180   0x00000020   Zero   RW           52    .bss                main.o
    0x200021a0   0x00000020   Zero   RW           53    .bss                main.o
    0x200021c0   0x00000020   Zero   RW           54    .bss                main.o
    0x200021e0   0x000005b0   Zero   RW           55    .bss                main.o
    0x20002790   0x00000024   Zero   RW           56    .bss                main.o
    0x200027b4   0x0000016b   Zero   RW          789    .bss                ble_advertising.o
    0x2000291f   0x00000001   PAD
    0x20002920   0x00000020   Zero   RW          790    .bss                ble_advertising.o
    0x20002940   0x00000020   Zero   RW          791    .bss                ble_advertising.o
    0x20002960   0x00000020   Zero   RW          879    .bss                ble_conn_params.o
    0x20002980   0x0000001c   Zero   RW          880    .bss                ble_conn_params.o
    0x2000299c   0x00000034   Zero   RW          956    .bss                ble_conn_state.o
    0x200029d0   0x000002a0   Zero   RW         1081    .bss                ble_db_discovery.o
    0x20002c70   0x00000070   Zero   RW         1431    .bss                id_manager.o
    0x20002ce0   0x00000330   Zero   RW         1801    .bss                peer_database.o
    0x20003010   0x00000040   Zero   RW         1944    .bss                peer_id.o
    0x20003050   0x0000000c   Zero   RW         2058    .bss                peer_manager.o
    0x2000305c   0x00000040   Zero   RW         2382    .bss                security_dispatcher.o
    0x2000309c   0x00000014   Zero   RW         2881    .bss                nrf_drv_adc.o
    0x200030b0   0x00000014   Zero   RW         2994    .bss                nrf_drv_clock.o
    0x200030c4   0x00000048   Zero   RW         3207    .bss                nrf_drv_gpiote.o
    0x2000310c   0x0000001c   Zero   RW         3433    .bss                nrf_drv_uart.o
    0x20003128   0x00000024   Zero   RW         3614    .bss                nrf_drv_timer.o
    0x2000314c   0x00000020   Zero   RW         3941    .bss                app_error.o
    0x2000316c   0x00000020   Zero   RW         4214    .bss                app_uart_fifo.o
    0x2000318c   0x0000011c   Zero   RW         4389    .bss                fds.o
    0x200032a8   0x00000068   Zero   RW         4654    .bss                fstorage.o
    0x20003310   0x00000018   Zero   RW         4904    .bss                app_pwm.o
    0x20003328   0x0000001c   Zero   RW         5194    .bss                nrf_log_frontend.o
    0x20003344   0x00000288   Zero   RW         5317    .bss                segger_rtt.o
    0x200035cc   0x00000004   PAD
    0x200035d0   0x00000800   Zero   RW          646    STACK               arm_startup_nrf51.o


==============================================================================

Image component sizes


      Code (inc. data)   RO Data    RW Data    ZI Data      Debug   Object Name

         0          0          0          0          0       2336   app_button.o
       108         16          0          0         32       1938   app_error.o
        52         24          0          0          0        554   app_error_weak.o
       122          0          0          0          0       3922   app_fifo.o
      2428        146         12          9         24      34396   app_pwm.o
      1668        218          0         32          0      38451   app_timer.o
       528        104         32         16         32       9366   app_uart_fifo.o
       104         20          0         12          0       5162   app_util_platform.o
        56         18        192          0       2048        656   arm_startup_nrf51.o
      1368          6          0          0          0      28064   ble_advdata.o
      1036         68          0         48        427      28425   ble_advertising.o
       588         20          0          0          0       4039   ble_bas.o
       460         60          4         20         60       4656   ble_conn_params.o
       592        110          0          0         52       8177   ble_conn_state.o
      1678        182        196         16        672      12459   ble_db_discovery.o
       232         10          0          0          0       2884   ble_ias.o
       262         18          0          0          0       5326   ble_ias_c.o
       306         10          0          0          0       3774   ble_lls.o
       558         12         16          0          0       4766   ble_nus.o
        26          0          0          0          0       1810   ble_srv_common.o
       192         12          0          0          0       2552   ble_tps.o
      3626        380         20         40        284      37238   fds.o
       976         80          0          2        104      10563   fstorage.o
      1048         80          0         12          0      13924   gatt_cache_manager.o
       536         66         24         12          0       7903   gatts_cache_manager.o
      1174         92          8         10        112      17053   id_manager.o
      4932       1546        308         44       1620     168081   main.o
       436         70          1          0         20      16139   nrf_drv_adc.o
       288         34          0          0         20      11076   nrf_drv_clock.o
        96         18          0          0          0       6372   nrf_drv_common.o
      1208        128          4          0         72      25079   nrf_drv_gpiote.o
       874         70          0          8          0      17909   nrf_drv_ppi.o
       580         56          0          0         36      17577   nrf_drv_timer.o
      1372         54          0          0         28      27634   nrf_drv_uart.o
       626         32          0          2          0       7651   nrf_log_backend_serial.o
       130          8          0          0         28       6916   nrf_log_frontend.o
      1206         64          4         12          0      15640   peer_data_storage.o
      1358         72         20          8        816      16443   peer_database.o
       370         60          0          0         64       7439   peer_id.o
      1240        112          0         16         12      11344   peer_manager.o
       250          0          0          0          0       3523   pm_buffer.o
       226          0          0          0          0       4341   pm_mutex.o
       296          4          0          0          0       5312   sdk_mapped_flags.o
      1834        100         68          4         64      15048   security_dispatcher.o
      1086         82          4         21          0      11136   security_manager.o
       398         44          0          0        648       6997   segger_rtt.o
       712        176        154         20          0      19948   softdevice_handler.o
       328         38          0          4          0       2363   system_nrf51.o

    ----------------------------------------------------------------------
     39654       4520       1102        376       7280     714362   Object Totals
         0          0         32          0          0          0   (incl. Generated)
        84          0          3          8          5          0   (incl. Padding)

    ----------------------------------------------------------------------

      Code (inc. data)   RO Data    RW Data    ZI Data      Debug   Library Member Name

        86          0          0          0          0          0   __dczerorl2.o
         8          4        133          0          0         60   ctype_o.o
         0          0          0          0          0          0   entry.o
         8          4          0          0          0          0   entry2.o
         4          0          0          0          0          0   entry5.o
         0          0          0          0          0          0   entry7b.o
         8          4          0          0          0          0   entry8.o
        30          0          0          0          0          0   handlers.o
        40          0          0          0          0         72   idiv.o
        36          8          0          0          0         68   init.o
        32          0          0          0          0         68   llshl.o
        34          0          0          0          0         68   llushr.o
        26          0          0          0          0         72   memcmp.o
        36          0          0          0          0         60   memcpya.o
        36          0          0          0          0        100   memseta.o
      1214         50          0          0          0        384   printf8.o
        18          0          0          0          0         60   strcpy.o
        16          0          0          0          0         60   strlen.o
        44          0          0          0          0         72   uidiv.o
        96          0          0          0          0         84   uldiv.o

    ----------------------------------------------------------------------
      1774         70        134          0          0       1228   Library Totals
         2          0          1          0          0          0   (incl. Padding)

    ----------------------------------------------------------------------

      Code (inc. data)   RO Data    RW Data    ZI Data      Debug   Library Name

      1772         70        133          0          0       1228   mc_p.l

    ----------------------------------------------------------------------
      1774         70        134          0          0       1228   Library Totals

    ----------------------------------------------------------------------

==============================================================================


      Code (inc. data)   RO Data    RW Data    ZI Data      Debug   

     41428       4590       1236        376       7280     692130   Grand Totals
     41428       4590       1236         72       7280     692130   ELF Image Totals (compressed)
     41428       4590       1236         72          0          0   ROM Totals

==============================================================================

    Total RO  Size (Code + RO Data)                42664 (  41.66kB)
    Total RW  Size (RW Data + ZI Data)              7656 (   7.48kB)
    Total ROM Size (Code + RO Data + RW Data)      42736 (  41.73kB)

==============================================================================

